dynamic_pricing_dataset.csv
date,product_id,category,store,price,competitor_price,demand,actual_sales,inventory_level,revenue,profit,is_weekend,is_holiday,seasonal_factor,marketing_spend,weather_impact,price_elasticity
2022-01-08,PROD_0001,Electronics,Premium_Store,679.56,699.88,91.0,91.0,326,61784.61,24713.84,True,False,1.041,0.0,0.947,-1.2
2022-01-29,PROD_0001,Electronics,Premium_Store,625.3,752.76,100.0,99.0,99,61904.31,24761.72,True,False,1.144,0.0,0.884,-1.2
2022-02-05,PROD_0001,Electronics,Premium_Store,606.73,522.62,93.0,93.0,353,56431.96,22572.79,True,False,1.174,0.0,1.088,-1.2
2022-02-12,PROD_0001,Electronics,Premium_Store,718.71,822.64,86.0,86.0,416,62041.41,24816.57,True,False,1.202,0.0,1.066,-1.2
2022-02-26,PROD_0001,Electronics,Premium_Store,617.32,598.28,64.0,64.0,468,39480.06,15792.02,True,False,1.249,0.0,0.909,-1.2
2022-03-26,PROD_0001,Electronics,Premium_Store,700.28,642.63,86.0,86.0,456,59948.96,23979.58,True,False,1.298,0.0,1.058,-1.2
2022-04-02,PROD_0001,Electronics,Premium_Store,616.76,662.37,69.0,69.0,333,42814.25,17125.7,True,False,1.3,0.0,1.082,-1.2
2022-04-09,PROD_0001,Electronics,Premium_Store,597.28,725.28,111.0,111.0,335,66056.81,26422.72,True,False,1.297,0.0,1.051,-1.2
2022-04-16,PROD_0001,Electronics,Premium_Store,618.53,626.61,81.0,81.0,332,50118.23,20047.29,True,False,1.29,0.0,1.046,-1.2
2022-04-23,PROD_0001,Electronics,Premium_Store,578.42,666.97,109.0,109.0,214,63106.94,25242.78,True,False,1.279,0.0,1.035,-1.2
2022-04-30,PROD_0001,Electronics,Premium_Store,605.86,596.87,79.0,79.0,229,47746.37,19098.55,True,False,1.264,0.0,0.854,-1.2
2022-05-14,PROD_0001,Electronics,Premium_Store,897.84,719.28,75.0,75.0,296,67086.37,26834.55,True,False,1.222,0.0,0.806,-1.2
2022-05-21,PROD_0001,Electronics,Premium_Store,854.41,700.25,51.0,51.0,247,43552.48,17420.99,True,False,1.197,0.0,0.86,-1.2
2022-05-28,PROD_0001,Electronics,Premium_Store,751.59,685.33,76.0,76.0,308,56907.2,22762.88,True,False,1.168,0.0,1.008,-1.2
2022-06-04,PROD_0001,Electronics,Premium_Store,770.18,654.46,45.0,45.0,177,34491.74,13796.69,True,False,1.137,0.0,0.909,-1.2
2022-06-18,PROD_0001,Electronics,Premium_Store,833.28,734.96,58.0,58.0,189,48391.72,19356.69,True,False,1.069,0.0,0.979,-1.2
2022-06-25,PROD_0001,Electronics,Premium_Store,688.74,661.74,66.0,66.0,453,45116.68,18046.67,True,False,1.033,0.0,1.047,-1.2
2022-07-09,PROD_0001,Electronics,Premium_Store,468.37,597.79,42.0,42.0,433,19808.27,7923.31,True,False,0.961,0.0,0.997,-1.2
2022-07-23,PROD_0001,Electronics,Premium_Store,730.0,634.43,64.0,64.0,333,46596.47,18638.59,True,False,0.891,0.0,1.145,-1.2
2022-07-30,PROD_0001,Electronics,Premium_Store,733.25,682.73,48.0,48.0,66,35292.23,14116.89,True,False,0.859,0.0,1.04,-1.2
2022-08-06,PROD_0001,Electronics,Premium_Store,558.29,634.2,45.0,45.0,144,24982.22,9992.89,True,False,0.828,0.0,0.806,-1.2
2022-08-13,PROD_0001,Electronics,Premium_Store,684.87,700.51,48.0,48.0,177,32744.72,13097.89,True,False,0.8,0.0,1.086,-1.2
2022-08-20,PROD_0001,Electronics,Premium_Store,497.92,628.2,91.0,91.0,176,45301.64,18120.66,True,False,0.774,0.0,1.139,-1.2
2022-08-27,PROD_0001,Electronics,Premium_Store,756.5,686.45,47.0,47.0,219,35572.91,14229.16,True,False,0.752,0.0,1.138,-1.2
2022-09-10,PROD_0001,Electronics,Premium_Store,547.64,641.7,55.0,55.0,337,30088.13,12035.25,True,False,0.719,0.0,0.959,-1.2
2022-09-24,PROD_0001,Electronics,Premium_Store,513.5,527.78,70.0,70.0,157,35857.53,14343.01,True,False,0.702,0.0,1.078,-1.2
2022-10-01,PROD_0001,Electronics,Premium_Store,807.35,769.82,56.0,56.0,194,45071.27,18028.51,True,False,0.7,0.0,1.019,-1.2
2022-10-15,PROD_0001,Electronics,Premium_Store,592.61,545.21,59.0,59.0,321,34948.9,13979.56,True,False,0.709,0.0,1.092,-1.2
2022-10-22,PROD_0001,Electronics,Premium_Store,894.65,775.04,29.0,29.0,484,25885.98,10354.39,True,False,0.72,0.0,0.941,-1.2
2022-10-29,PROD_0001,Electronics,Premium_Store,699.67,700.35,51.0,51.0,88,35867.92,14347.17,True,False,0.735,0.0,0.907,-1.2
2022-11-05,PROD_0001,Electronics,Premium_Store,617.66,617.6,80.0,80.0,374,49277.65,19711.06,True,False,0.754,0.0,1.076,-1.2
2022-11-12,PROD_0001,Electronics,Premium_Store,572.03,659.63,71.0,71.0,389,40330.27,16132.11,True,False,0.776,0.0,1.093,-1.2
2022-11-19,PROD_0001,Electronics,Premium_Store,589.1,569.54,83.0,83.0,372,48991.15,19596.46,True,False,0.802,0.0,1.007,-1.2
2022-12-03,PROD_0001,Electronics,Premium_Store,506.04,617.95,78.0,78.0,163,39469.7,15787.88,True,False,0.861,0.0,0.964,-1.2
2022-12-10,PROD_0001,Electronics,Premium_Store,556.11,687.79,81.0,81.0,457,44999.49,17999.79,True,False,0.894,0.0,0.944,-1.2
2022-12-17,PROD_0001,Electronics,Premium_Store,635.62,657.63,66.0,66.0,239,42254.14,16901.66,True,False,0.928,0.0,1.116,-1.2
2022-12-24,PROD_0001,Electronics,Premium_Store,646.33,577.77,78.0,78.0,418,50622.31,20248.92,True,True,0.964,0.0,0.866,-1.2
2022-12-31,PROD_0001,Electronics,Premium_Store,616.48,711.69,67.0,67.0,433,41172.74,16469.1,True,True,1.0,0.0,0.987,-1.2
2023-01-07,PROD_0001,Electronics,Premium_Store,685.53,649.07,56.0,56.0,102,38682.18,15472.87,True,False,1.036,0.0,1.214,-1.2
2023-01-14,PROD_0001,Electronics,Premium_Store,778.5,649.43,52.0,52.0,284,40453.86,16181.54,True,False,1.072,0.0,0.985,-1.2
2023-01-21,PROD_0001,Electronics,Premium_Store,509.9,655.38,105.0,105.0,442,53783.16,21513.26,True,False,1.106,0.0,0.962,-1.2
2023-01-28,PROD_0001,Electronics,Premium_Store,703.47,665.08,66.0,66.0,376,46208.52,18483.41,True,False,1.139,0.0,0.952,-1.2
2023-02-11,PROD_0001,Electronics,Premium_Store,672.06,622.56,55.0,55.0,366,36981.28,14792.51,True,False,1.198,0.0,1.047,-1.2
2023-02-18,PROD_0001,Electronics,Premium_Store,703.79,723.67,91.0,91.0,458,64028.68,25611.47,True,False,1.224,0.0,0.754,-1.2
2023-03-04,PROD_0001,Electronics,Premium_Store,856.19,749.18,52.0,52.0,457,44704.66,17881.86,True,False,1.265,0.0,0.94,-1.2
2023-03-11,PROD_0001,Electronics,Premium_Store,642.59,611.04,76.0,76.0,269,48575.94,19430.38,True,False,1.28,0.0,0.819,-1.2
2023-03-25,PROD_0001,Electronics,Premium_Store,423.8,537.53,203.0,203.0,338,85987.81,34395.12,True,False,1.298,0.0,1.019,-1.2
2023-04-01,PROD_0001,Electronics,Premium_Store,629.12,649.1,101.0,101.0,364,63593.28,25437.31,True,False,1.3,0.0,1.144,-1.2
2023-04-08,PROD_0001,Electronics,Premium_Store,726.49,730.46,78.0,55.0,55,39956.98,15982.79,True,False,1.298,0.0,0.994,-1.2
2023-04-15,PROD_0001,Electronics,Premium_Store,617.99,664.64,128.0,128.0,251,78824.57,31529.83,True,False,1.292,0.0,1.06,-1.2
2023-04-22,PROD_0001,Electronics,Premium_Store,549.34,546.06,103.0,103.0,495,56509.22,22603.69,True,False,1.281,0.0,1.051,-1.2
2023-04-29,PROD_0001,Electronics,Premium_Store,567.32,632.56,32.0,32.0,285,18021.97,7208.79,True,False,1.266,0.0,0.943,-1.2
2023-05-06,PROD_0001,Electronics,Premium_Store,766.25,713.15,68.0,68.0,484,52206.01,20882.4,True,False,1.248,0.0,1.088,-1.2
2023-05-13,PROD_0001,Electronics,Premium_Store,778.1,653.22,72.0,72.0,484,55988.68,22395.47,True,False,1.226,0.0,1.205,-1.2
2023-05-20,PROD_0001,Electronics,Premium_Store,626.67,508.89,91.0,91.0,100,57222.14,22888.86,True,False,1.2,0.0,0.862,-1.2
2023-05-27,PROD_0001,Electronics,Premium_Store,635.69,742.28,81.0,81.0,499,51484.29,20593.72,True,False,1.172,0.0,0.952,-1.2
2023-06-03,PROD_0001,Electronics,Premium_Store,655.34,693.53,58.0,58.0,233,38319.99,15328.0,True,False,1.141,0.0,1.049,-1.2
2023-06-17,PROD_0001,Electronics,Premium_Store,584.38,582.71,84.0,84.0,350,48854.48,19541.79,True,False,1.074,0.0,0.772,-1.2
2023-07-08,PROD_0001,Electronics,Premium_Store,695.3,666.41,85.0,85.0,412,58839.58,23535.83,True,False,0.967,0.0,1.047,-1.2
2023-07-22,PROD_0001,Electronics,Premium_Store,586.02,579.7,62.0,62.0,117,36252.13,14500.85,True,False,0.896,0.0,1.091,-1.2
2023-07-29,PROD_0001,Electronics,Premium_Store,925.81,791.23,37.0,37.0,473,34412.68,13765.07,True,False,0.863,0.0,1.165,-1.2
2023-08-05,PROD_0001,Electronics,Premium_Store,634.64,606.55,55.0,55.0,489,35090.43,14036.17,True,False,0.832,0.0,1.191,-1.2
2023-08-19,PROD_0001,Electronics,Premium_Store,523.87,614.56,59.0,59.0,89,30820.36,12328.14,True,False,0.778,0.0,0.917,-1.2
2023-08-26,PROD_0001,Electronics,Premium_Store,659.15,659.44,60.0,60.0,484,39722.46,15888.98,True,False,0.755,0.0,1.045,-1.2
2023-09-02,PROD_0001,Electronics,Premium_Store,749.41,765.9,46.0,46.0,459,34409.78,13763.91,True,False,0.736,0.0,1.049,-1.2
2023-09-23,PROD_0001,Electronics,Premium_Store,646.38,612.5,59.0,59.0,448,38448.67,15379.47,True,False,0.703,0.0,1.077,-1.2
2023-10-14,PROD_0001,Electronics,Premium_Store,647.29,622.64,54.0,54.0,286,34773.13,13909.25,True,False,0.708,0.0,1.036,-1.2
2023-10-21,PROD_0001,Electronics,Premium_Store,899.73,773.96,31.0,31.0,402,27547.91,11019.16,True,False,0.718,0.0,1.081,-1.2
2023-11-04,PROD_0001,Electronics,Premium_Store,663.86,600.29,32.0,32.0,160,21308.69,8523.48,True,False,0.751,0.0,1.051,-1.2
2023-11-11,PROD_0001,Electronics,Premium_Store,738.58,655.33,55.0,55.0,460,40881.33,16352.53,True,False,0.773,0.0,0.915,-1.2
2023-11-18,PROD_0001,Electronics,Premium_Store,701.04,618.95,52.0,52.0,343,36260.95,14504.38,True,False,0.798,0.0,1.083,-1.2
2023-12-02,PROD_0001,Electronics,Premium_Store,788.6,738.12,56.0,56.0,118,44007.69,17603.08,True,False,0.856,0.0,1.028,-1.2
2023-12-23,PROD_0001,Electronics,Premium_Store,722.53,734.62,52.0,52.0,395,37564.72,15025.89,True,True,0.959,0.0,0.953,-1.2
