dynamic_pricing_dataset.csv
date,product_id,category,store,price,competitor_price,demand,actual_sales,inventory_level,revenue,profit,is_weekend,is_holiday,seasonal_factor,marketing_spend,weather_impact,price_elasticity
2022-01-01,PROD_0002,Electronics,Premium_Store,614.19,666.0,62.0,62.0,396,37789.12,15115.65,True,False,1.005,0.0,0.722,-1.2
2022-01-15,PROD_0002,Electronics,Premium_Store,711.66,708.88,58.0,58.0,386,41194.76,16477.91,True,False,1.077,0.0,0.852,-1.2
2022-01-22,PROD_0002,Electronics,Premium_Store,578.1,578.08,85.0,85.0,306,48963.11,19585.24,True,False,1.111,0.0,1.016,-1.2
2022-02-05,PROD_0002,Electronics,Premium_Store,801.06,656.92,55.0,55.0,162,43935.6,17574.24,True,False,1.174,0.0,0.734,-1.2
2022-02-12,PROD_0002,Electronics,Premium_Store,616.56,663.24,69.0,69.0,415,42266.61,16906.64,True,False,1.202,0.0,0.922,-1.2
2022-02-26,PROD_0002,Electronics,Premium_Store,574.55,581.54,112.0,112.0,127,64097.84,25639.14,True,False,1.249,0.0,0.963,-1.2
2022-03-12,PROD_0002,Electronics,Premium_Store,630.01,764.7,62.0,62.0,283,39093.15,15637.26,True,False,1.282,0.0,1.105,-1.2
2022-03-19,PROD_0002,Electronics,Premium_Store,585.3,643.71,96.0,96.0,442,56087.72,22435.09,True,False,1.292,0.0,0.933,-1.2
2022-04-02,PROD_0002,Electronics,Premium_Store,709.52,655.7,110.0,110.0,327,77899.26,31159.7,True,False,1.3,0.0,0.953,-1.2
2022-04-09,PROD_0002,Electronics,Premium_Store,617.79,672.59,97.0,66.0,66,40774.15,16309.66,True,False,1.297,0.0,1.055,-1.2
2022-04-16,PROD_0002,Electronics,Premium_Store,634.89,648.64,127.0,127.0,336,80354.58,32141.83,True,False,1.29,0.0,0.935,-1.2
2022-04-23,PROD_0002,Electronics,Premium_Store,795.67,752.08,93.0,93.0,171,74014.15,29605.66,True,False,1.279,0.0,0.872,-1.2
2022-04-30,PROD_0002,Electronics,Premium_Store,647.03,642.3,96.0,78.0,78,50468.48,20187.39,True,False,1.264,0.0,0.978,-1.2
2022-05-07,PROD_0002,Electronics,Premium_Store,662.59,562.14,69.0,69.0,147,46009.37,18403.75,True,False,1.245,0.0,0.825,-1.2
2022-05-14,PROD_0002,Electronics,Premium_Store,747.34,641.95,47.0,47.0,386,35104.68,14041.87,True,False,1.222,0.0,0.972,-1.2
2022-05-21,PROD_0002,Electronics,Premium_Store,820.04,714.16,42.0,42.0,476,34409.08,13763.63,True,False,1.197,0.0,1.177,-1.2
2022-06-04,PROD_0002,Electronics,Premium_Store,742.67,635.29,50.0,50.0,198,37073.5,14829.4,True,False,1.137,0.0,1.061,-1.2
2022-06-11,PROD_0002,Electronics,Premium_Store,637.95,738.92,92.0,92.0,108,58850.92,23540.37,True,False,1.104,0.0,1.073,-1.2
2022-06-25,PROD_0002,Electronics,Premium_Store,661.01,639.99,68.0,68.0,421,45059.5,18023.8,True,False,1.033,0.0,1.079,-1.2
2022-07-02,PROD_0002,Electronics,Premium_Store,573.15,616.46,96.0,96.0,237,55272.5,22109.0,True,False,0.997,0.0,1.05,-1.2
2022-07-09,PROD_0002,Electronics,Premium_Store,767.56,715.87,56.0,56.0,425,42986.24,17194.5,True,False,0.961,0.0,0.81,-1.2
2022-07-16,PROD_0002,Electronics,Premium_Store,835.09,717.83,42.0,42.0,431,34855.33,13942.13,True,False,0.926,0.0,1.089,-1.2
2022-07-23,PROD_0002,Electronics,Premium_Store,634.51,648.71,68.0,68.0,145,42846.89,17138.76,True,False,0.891,0.0,0.881,-1.2
2022-07-30,PROD_0002,Electronics,Premium_Store,775.72,741.61,44.0,44.0,288,33809.73,13523.89,True,False,0.859,0.0,1.031,-1.2
2022-08-06,PROD_0002,Electronics,Premium_Store,641.35,606.81,56.0,56.0,373,35757.34,14302.93,True,False,0.828,0.0,0.97,-1.2
2022-08-13,PROD_0002,Electronics,Premium_Store,554.71,691.38,46.0,46.0,236,25601.16,10240.46,True,False,0.8,0.0,0.972,-1.2
2022-08-20,PROD_0002,Electronics,Premium_Store,614.14,636.09,69.0,69.0,202,42642.16,17056.86,True,False,0.774,0.0,0.934,-1.2
2022-09-17,PROD_0002,Electronics,Premium_Store,741.66,604.26,36.0,36.0,147,26963.84,10785.54,True,False,0.708,0.0,1.18,-1.2
2022-09-24,PROD_0002,Electronics,Premium_Store,601.37,603.46,38.0,38.0,74,22749.9,9099.96,True,False,0.702,0.0,0.981,-1.2
2022-10-01,PROD_0002,Electronics,Premium_Store,624.55,598.11,50.0,50.0,139,30969.37,12387.75,True,False,0.7,0.0,0.905,-1.2
2022-10-08,PROD_0002,Electronics,Premium_Store,767.95,652.33,48.0,48.0,286,36517.77,14607.11,True,False,0.702,0.0,1.202,-1.2
2022-10-15,PROD_0002,Electronics,Premium_Store,645.43,654.14,61.0,61.0,318,39421.84,15768.73,True,False,0.709,0.0,0.973,-1.2
2022-10-22,PROD_0002,Electronics,Premium_Store,811.34,726.0,47.0,47.0,284,38016.8,15206.72,True,False,0.72,0.0,1.048,-1.2
2022-11-05,PROD_0002,Electronics,Premium_Store,763.07,733.1,44.0,44.0,162,33395.38,13358.15,True,False,0.754,0.0,0.851,-1.2
2022-11-19,PROD_0002,Electronics,Premium_Store,749.79,721.98,44.0,44.0,453,32952.7,13181.08,True,False,0.802,0.0,1.068,-1.2
2022-12-10,PROD_0002,Electronics,Premium_Store,687.67,645.73,77.0,77.0,334,52808.7,21123.48,True,False,0.894,0.0,0.959,-1.2
2022-12-17,PROD_0002,Electronics,Premium_Store,672.23,657.0,79.0,79.0,133,52857.01,21142.8,True,False,0.928,0.0,1.058,-1.2
2022-12-24,PROD_0002,Electronics,Premium_Store,542.26,575.45,80.0,80.0,311,43454.99,17382.0,True,True,0.964,0.0,0.893,-1.2
2023-01-07,PROD_0002,Electronics,Premium_Store,638.46,627.71,88.0,88.0,128,56303.64,22521.46,True,False,1.036,0.0,1.046,-1.2
2023-01-14,PROD_0002,Electronics,Premium_Store,765.98,651.51,57.0,57.0,427,43689.32,17475.73,True,False,1.072,0.0,0.974,-1.2
2023-01-21,PROD_0002,Electronics,Premium_Store,757.55,743.61,63.0,63.0,277,47933.84,19173.54,True,False,1.106,0.0,0.924,-1.2
2023-01-28,PROD_0002,Electronics,Premium_Store,740.39,619.81,60.0,60.0,121,44699.49,17879.8,True,False,1.139,0.0,0.828,-1.2
2023-02-04,PROD_0002,Electronics,Premium_Store,633.69,648.35,80.0,80.0,144,50543.59,20217.44,True,False,1.17,0.0,0.758,-1.2
2023-02-18,PROD_0002,Electronics,Premium_Store,738.65,648.53,109.0,109.0,402,80371.38,32148.55,True,False,1.224,0.0,1.003,-1.2
2023-02-25,PROD_0002,Electronics,Premium_Store,600.25,605.67,91.0,91.0,243,54774.91,21909.96,True,False,1.246,0.0,0.927,-1.2
2023-03-04,PROD_0002,Electronics,Premium_Store,501.41,586.38,136.0,136.0,409,68300.48,27320.19,True,False,1.265,0.0,0.973,-1.2
2023-03-11,PROD_0002,Electronics,Premium_Store,602.41,673.27,134.0,134.0,367,80571.27,32228.51,True,False,1.28,0.0,1.064,-1.2
2023-03-18,PROD_0002,Electronics,Premium_Store,775.18,636.66,104.0,104.0,432,80704.44,32281.78,True,False,1.291,0.0,1.046,-1.2
2023-03-25,PROD_0002,Electronics,Premium_Store,628.67,662.86,127.0,127.0,168,80075.89,32030.36,True,False,1.298,0.0,0.947,-1.2
2023-04-08,PROD_0002,Electronics,Premium_Store,485.57,541.54,122.0,122.0,453,59382.61,23753.04,True,False,1.298,0.0,1.087,-1.2
2023-04-15,PROD_0002,Electronics,Premium_Store,838.24,699.93,78.0,78.0,154,65615.71,26246.28,True,False,1.292,0.0,1.295,-1.2
2023-04-22,PROD_0002,Electronics,Premium_Store,644.28,765.75,89.0,89.0,475,57160.74,22864.3,True,False,1.281,0.0,1.088,-1.2
2023-05-06,PROD_0002,Electronics,Premium_Store,648.21,631.05,93.0,93.0,160,60490.23,24196.09,True,False,1.248,0.0,0.963,-1.2
2023-05-20,PROD_0002,Electronics,Premium_Store,602.56,603.97,112.0,112.0,444,67738.62,27095.45,True,False,1.2,0.0,1.048,-1.2
2023-06-03,PROD_0002,Electronics,Premium_Store,672.85,683.84,64.0,64.0,169,42926.02,17170.41,True,False,1.141,0.0,1.208,-1.2
2023-06-24,PROD_0002,Electronics,Premium_Store,611.41,679.41,80.0,80.0,227,49172.73,19669.09,True,False,1.039,0.0,0.71,-1.2
2023-07-08,PROD_0002,Electronics,Premium_Store,667.16,639.34,80.0,80.0,267,53136.26,21254.5,True,False,0.967,0.0,1.05,-1.2
2023-07-15,PROD_0002,Electronics,Premium_Store,766.52,660.84,55.0,55.0,338,42488.59,16995.44,True,False,0.931,0.0,0.974,-1.2
2023-07-22,PROD_0002,Electronics,Premium_Store,781.15,768.0,59.0,59.0,112,45908.26,18363.31,True,False,0.896,0.0,0.889,-1.2
2023-07-29,PROD_0002,Electronics,Premium_Store,779.76,633.6,58.0,58.0,373,45486.35,18194.54,True,False,0.863,0.0,1.045,-1.2
2023-08-12,PROD_0002,Electronics,Premium_Store,597.71,543.16,46.0,46.0,354,27673.29,11069.32,True,False,0.803,0.0,0.785,-1.2
2023-08-19,PROD_0002,Electronics,Premium_Store,759.52,647.74,42.0,42.0,499,32218.79,12887.52,True,False,0.778,0.0,0.895,-1.2
2023-09-02,PROD_0002,Electronics,Premium_Store,694.91,661.11,32.0,32.0,351,22266.76,8906.7,True,False,0.736,0.0,0.781,-1.2
2023-09-16,PROD_0002,Electronics,Premium_Store,649.9,668.08,70.0,70.0,155,45521.72,18208.69,True,False,0.71,0.0,1.098,-1.2
2023-09-23,PROD_0002,Electronics,Premium_Store,706.38,711.15,36.0,36.0,400,25220.31,10088.12,True,False,0.703,0.0,0.984,-1.2
2023-09-30,PROD_0002,Electronics,Premium_Store,664.01,683.38,43.0,43.0,489,28288.23,11315.29,True,False,0.7,0.0,1.053,-1.2
2023-10-14,PROD_0002,Electronics,Premium_Store,742.52,676.85,64.0,64.0,170,47325.33,18930.13,True,False,0.708,0.0,1.048,-1.2
2023-10-21,PROD_0002,Electronics,Premium_Store,673.74,698.84,45.0,45.0,68,30651.28,12260.51,True,False,0.718,0.0,1.089,-1.2
2023-11-04,PROD_0002,Electronics,Premium_Store,680.97,679.48,46.0,46.0,209,31441.6,12576.64,True,False,0.751,0.0,0.985,-1.2
2023-11-11,PROD_0002,Electronics,Premium_Store,549.89,562.11,76.0,76.0,312,41681.99,16672.8,True,False,0.773,0.0,0.931,-1.2
2023-11-18,PROD_0002,Electronics,Premium_Store,619.45,525.65,42.0,42.0,216,26123.33,10449.33,True,False,0.798,0.0,1.163,-1.2
2023-11-25,PROD_0002,Electronics,Premium_Store,601.93,564.85,74.0,74.0,119,44331.33,17732.53,True,False,0.826,0.0,0.875,-1.2
2023-12-09,PROD_0002,Electronics,Premium_Store,645.33,697.64,49.0,49.0,340,31637.25,12654.9,True,False,0.889,0.0,0.867,-1.2
2023-12-16,PROD_0002,Electronics,Premium_Store,711.31,646.38,50.0,50.0,257,35445.48,14178.19,True,False,0.923,0.0,1.063,-1.2
2023-12-23,PROD_0002,Electronics,Premium_Store,556.87,630.49,101.0,101.0,328,56237.98,22495.19,True,True,0.959,0.0,0.95,-1.2
2023-12-30,PROD_0002,Electronics,Premium_Store,676.86,700.71,67.0,67.0,280,45555.48,18222.19,True,True,0.995,0.0,1.039,-1.2
