dynamic_pricing_dataset.csv
date,product_id,category,store,price,competitor_price,demand,actual_sales,inventory_level,revenue,profit,is_weekend,is_holiday,seasonal_factor,marketing_spend,weather_impact,price_elasticity
2022-01-15,PROD_0003,Electronics,Premium_Store,675.84,773.05,96.0,96.0,215,65030.74,26012.3,True,False,1.077,0.0,1.003,-1.2
2022-01-22,PROD_0003,Electronics,Premium_Store,554.4,631.13,111.0,111.0,485,61772.48,24708.99,True,False,1.111,0.0,1.06,-1.2
2022-02-05,PROD_0003,Electronics,Premium_Store,785.76,703.15,65.0,65.0,436,51181.57,20472.63,True,False,1.174,0.0,1.053,-1.2
2022-02-12,PROD_0003,Electronics,Premium_Store,748.84,714.86,78.0,78.0,128,58606.31,23442.53,True,False,1.202,0.0,0.661,-1.2
2022-03-05,PROD_0003,Electronics,Premium_Store,516.17,628.09,120.0,120.0,378,62192.76,24877.1,True,False,1.268,0.0,0.959,-1.2
2022-03-12,PROD_0003,Electronics,Premium_Store,752.27,613.57,64.0,64.0,89,47927.68,19171.07,True,False,1.282,0.0,1.135,-1.2
2022-03-19,PROD_0003,Electronics,Premium_Store,725.13,709.31,55.0,55.0,112,39872.37,15948.95,True,False,1.292,0.0,1.093,-1.2
2022-03-26,PROD_0003,Electronics,Premium_Store,524.65,581.14,158.0,158.0,278,82799.64,33119.86,True,False,1.298,0.0,1.27,-1.2
2022-04-02,PROD_0003,Electronics,Premium_Store,720.18,581.98,77.0,77.0,425,55251.78,22100.71,True,False,1.3,0.0,1.079,-1.2
2022-04-16,PROD_0003,Electronics,Premium_Store,804.09,686.0,65.0,65.0,462,51882.44,20752.98,True,False,1.29,0.0,1.121,-1.2
2022-04-23,PROD_0003,Electronics,Premium_Store,541.75,663.46,118.0,118.0,178,63803.58,25521.43,True,False,1.279,0.0,1.104,-1.2
2022-04-30,PROD_0003,Electronics,Premium_Store,556.81,625.32,102.0,102.0,333,56973.22,22789.29,True,False,1.264,0.0,0.929,-1.2
2022-05-07,PROD_0003,Electronics,Premium_Store,748.43,669.45,85.0,85.0,393,63244.06,25297.63,True,False,1.245,0.0,1.017,-1.2
2022-05-21,PROD_0003,Electronics,Premium_Store,606.81,586.85,66.0,66.0,77,40325.39,16130.15,True,False,1.197,0.0,1.116,-1.2
2022-06-11,PROD_0003,Electronics,Premium_Store,644.2,646.56,93.0,93.0,307,59988.88,23995.55,True,False,1.104,0.0,0.893,-1.2
2022-06-25,PROD_0003,Electronics,Premium_Store,655.87,599.36,68.0,68.0,463,44700.34,17880.13,True,False,1.033,0.0,0.963,-1.2
2022-07-02,PROD_0003,Electronics,Premium_Store,812.0,782.79,53.0,53.0,317,43008.72,17203.49,True,False,0.997,0.0,0.964,-1.2
2022-07-23,PROD_0003,Electronics,Premium_Store,808.34,688.11,43.0,43.0,220,34726.53,13890.61,True,False,0.891,0.0,1.072,-1.2
2022-08-06,PROD_0003,Electronics,Premium_Store,513.26,594.72,74.0,74.0,433,37839.2,15135.68,True,False,0.828,0.0,0.86,-1.2
2022-08-13,PROD_0003,Electronics,Premium_Store,769.74,711.44,60.0,60.0,283,46035.84,18414.34,True,False,0.8,0.0,1.263,-1.2
2022-08-27,PROD_0003,Electronics,Premium_Store,703.83,690.24,59.0,59.0,359,41835.56,16734.22,True,False,0.752,0.0,0.912,-1.2
2022-09-03,PROD_0003,Electronics,Premium_Store,595.85,612.76,70.0,63.0,63,37538.39,15015.36,True,False,0.734,0.0,1.256,-1.2
2022-09-10,PROD_0003,Electronics,Premium_Store,723.19,629.41,42.0,42.0,207,30613.66,12245.46,True,False,0.719,0.0,0.933,-1.2
2022-09-17,PROD_0003,Electronics,Premium_Store,648.44,614.17,57.0,57.0,166,37265.89,14906.36,True,False,0.708,0.0,0.935,-1.2
2022-09-24,PROD_0003,Electronics,Premium_Store,676.9,702.06,21.0,21.0,195,14108.51,5643.4,True,False,0.702,0.0,0.813,-1.2
2022-10-01,PROD_0003,Electronics,Premium_Store,723.46,707.34,50.0,50.0,197,35995.64,14398.26,True,False,0.7,0.0,0.892,-1.2
2022-10-15,PROD_0003,Electronics,Premium_Store,889.02,758.91,39.0,39.0,100,34651.32,13860.53,True,False,0.709,0.0,1.02,-1.2
2022-10-22,PROD_0003,Electronics,Premium_Store,454.32,546.34,70.0,70.0,98,31905.94,12762.38,True,False,0.72,0.0,1.04,-1.2
2022-10-29,PROD_0003,Electronics,Premium_Store,775.67,671.58,43.0,43.0,149,33280.56,13312.22,True,False,0.735,0.0,1.015,-1.2
2022-11-12,PROD_0003,Electronics,Premium_Store,674.26,588.02,42.0,42.0,155,28358.81,11343.52,True,False,0.776,0.0,1.025,-1.2
2022-11-26,PROD_0003,Electronics,Premium_Store,497.73,583.27,52.0,52.0,248,25790.68,10316.27,True,False,0.83,0.0,1.052,-1.2
2022-12-03,PROD_0003,Electronics,Premium_Store,803.02,686.1,51.0,51.0,118,41210.91,16484.37,True,False,0.861,0.0,1.0,-1.2
2022-12-24,PROD_0003,Electronics,Premium_Store,718.79,663.64,77.0,77.0,147,55352.86,22141.14,True,True,0.964,0.0,1.055,-1.2
2023-01-21,PROD_0003,Electronics,Premium_Store,858.47,691.52,56.0,56.0,297,48423.55,19369.42,True,False,1.106,0.0,1.202,-1.2
2023-01-28,PROD_0003,Electronics,Premium_Store,717.85,707.28,72.0,72.0,138,51655.41,20662.16,True,False,1.139,0.0,0.925,-1.2
2023-02-04,PROD_0003,Electronics,Premium_Store,630.66,592.98,83.0,83.0,134,52196.34,20878.53,True,False,1.17,0.0,0.929,-1.2
2023-02-18,PROD_0003,Electronics,Premium_Store,712.75,632.33,89.0,57.0,57,40626.58,16250.63,True,False,1.224,0.0,1.018,-1.2
2023-03-04,PROD_0003,Electronics,Premium_Store,757.05,647.33,58.0,58.0,180,44026.37,17610.55,True,False,1.265,0.0,0.923,-1.2
2023-03-11,PROD_0003,Electronics,Premium_Store,644.15,671.18,101.0,101.0,314,65116.89,26046.76,True,False,1.28,0.0,1.06,-1.2
2023-03-18,PROD_0003,Electronics,Premium_Store,717.11,672.8,109.0,109.0,413,78424.43,31369.77,True,False,1.291,0.0,0.988,-1.2
2023-03-25,PROD_0003,Electronics,Premium_Store,471.39,613.15,153.0,153.0,205,72240.01,28896.0,True,False,1.298,0.0,1.016,-1.2
2023-04-01,PROD_0003,Electronics,Premium_Store,605.41,626.16,94.0,94.0,363,57129.6,22851.84,True,False,1.3,0.0,0.797,-1.2
2023-04-08,PROD_0003,Electronics,Premium_Store,637.88,544.51,129.0,129.0,396,82327.67,32931.07,True,False,1.298,0.0,1.038,-1.2
2023-04-29,PROD_0003,Electronics,Premium_Store,586.36,661.67,111.0,111.0,382,64867.52,25947.01,True,False,1.266,0.0,1.067,-1.2
2023-05-06,PROD_0003,Electronics,Premium_Store,659.75,672.5,101.0,95.0,95,62675.92,25070.37,True,False,1.248,0.0,0.886,-1.2
2023-06-03,PROD_0003,Electronics,Premium_Store,581.74,635.79,89.0,89.0,191,51823.57,20729.43,True,False,1.141,0.0,1.053,-1.2
2023-06-10,PROD_0003,Electronics,Premium_Store,680.12,580.59,58.0,58.0,159,39449.44,15779.77,True,False,1.109,0.0,1.09,-1.2
2023-06-17,PROD_0003,Electronics,Premium_Store,604.0,657.46,102.0,99.0,99,59796.46,23918.58,True,False,1.074,0.0,0.95,-1.2
2023-06-24,PROD_0003,Electronics,Premium_Store,761.46,701.1,45.0,45.0,250,34559.17,13823.67,True,False,1.039,0.0,0.992,-1.2
2023-07-08,PROD_0003,Electronics,Premium_Store,631.64,642.85,54.0,54.0,70,34317.68,13727.07,True,False,0.967,0.0,0.964,-1.2
2023-07-15,PROD_0003,Electronics,Premium_Store,664.53,698.24,84.0,84.0,455,56000.73,22400.29,True,False,0.931,0.0,1.003,-1.2
2023-07-29,PROD_0003,Electronics,Premium_Store,640.46,647.59,54.0,54.0,473,34573.26,13829.3,True,False,0.863,0.0,0.793,-1.2
2023-08-19,PROD_0003,Electronics,Premium_Store,636.29,705.49,49.0,49.0,232,31406.07,12562.43,True,False,0.778,0.0,1.009,-1.2
2023-08-26,PROD_0003,Electronics,Premium_Store,536.26,646.06,92.0,50.0,50,26812.8,10725.12,True,False,0.755,0.0,0.935,-1.2
2023-09-02,PROD_0003,Electronics,Premium_Store,801.83,672.64,45.0,45.0,466,35830.51,14332.2,True,False,0.736,0.0,0.883,-1.2
2023-09-09,PROD_0003,Electronics,Premium_Store,693.36,610.04,48.0,48.0,176,33312.83,13325.13,True,False,0.721,0.0,0.911,-1.2
2023-09-16,PROD_0003,Electronics,Premium_Store,680.18,596.79,49.0,49.0,292,33233.43,13293.37,True,False,0.71,0.0,1.086,-1.2
2023-09-23,PROD_0003,Electronics,Premium_Store,820.45,678.73,38.0,38.0,315,31545.68,12618.27,True,False,0.703,0.0,0.827,-1.2
2023-09-30,PROD_0003,Electronics,Premium_Store,730.38,629.37,40.0,40.0,436,29242.14,11696.86,True,False,0.7,0.0,1.169,-1.2
2023-10-07,PROD_0003,Electronics,Premium_Store,591.36,608.04,36.0,36.0,262,21494.28,8597.71,True,False,0.702,0.0,1.009,-1.2
2023-10-14,PROD_0003,Electronics,Premium_Store,465.79,553.47,71.0,71.0,156,33220.68,13288.27,True,False,0.708,0.0,0.935,-1.2
2023-10-21,PROD_0003,Electronics,Premium_Store,700.31,709.75,35.0,35.0,403,24503.4,9801.36,True,False,0.718,0.0,1.143,-1.2
2023-10-28,PROD_0003,Electronics,Premium_Store,642.26,560.4,75.0,75.0,457,48041.0,19216.4,True,False,0.732,0.0,0.965,-1.2
2023-11-04,PROD_0003,Electronics,Premium_Store,562.26,571.06,59.0,59.0,197,33378.64,13351.45,True,False,0.751,0.0,1.078,-1.2
2023-11-11,PROD_0003,Electronics,Premium_Store,714.52,671.74,26.0,26.0,444,18283.0,7313.2,True,False,0.773,0.0,0.95,-1.2
2023-11-18,PROD_0003,Electronics,Premium_Store,826.41,755.01,50.0,50.0,414,41267.27,16506.91,True,False,0.798,0.0,0.954,-1.2
2023-11-25,PROD_0003,Electronics,Premium_Store,598.35,656.35,50.0,50.0,311,29682.87,11873.15,True,False,0.826,0.0,0.855,-1.2
2023-12-02,PROD_0003,Electronics,Premium_Store,554.73,626.93,46.0,46.0,245,25710.47,10284.19,True,False,0.856,0.0,0.967,-1.2
2023-12-09,PROD_0003,Electronics,Premium_Store,754.0,656.17,43.0,43.0,446,32499.53,12999.81,True,False,0.889,0.0,1.04,-1.2
2023-12-30,PROD_0003,Electronics,Premium_Store,845.85,801.72,49.0,49.0,299,41179.31,16471.73,True,True,0.995,0.0,1.196,-1.2
2022-01-01,PROD_0004,Electronics,Premium_Store,595.43,679.57,67.0,67.0,113,40084.97,16033.99,True,False,1.005,0.0,1.027,-1.2
2022-01-15,PROD_0004,Electronics,Premium_Store,656.37,648.1,80.0,80.0,299,52577.42,21030.97,True,False,1.077,0.0,1.105,-1.2
2022-01-22,PROD_0004,Electronics,Premium_Store,738.62,712.19,102.0,102.0,291,75616.36,30246.54,True,False,1.111,0.0,1.019,-1.2
2022-01-29,PROD_0004,Electronics,Premium_Store,766.12,712.09,64.0,64.0,440,49278.59,19711.43,True,False,1.144,0.0,1.17,-1.2
2022-02-12,PROD_0004,Electronics,Premium_Store,674.64,701.29,95.0,95.0,326,63916.85,25566.74,True,False,1.202,0.0,1.046,-1.2
2022-02-26,PROD_0004,Electronics,Premium_Store,668.28,662.3,74.0,74.0,84,49591.26,19836.5,True,False,1.249,0.0,1.015,-1.2
2022-03-05,PROD_0004,Electronics,Premium_Store,544.07,592.68,109.0,109.0,407,59447.5,23779.0,True,False,1.268,0.0,0.837,-1.2
2022-03-12,PROD_0004,Electronics,Premium_Store,781.06,701.0,102.0,102.0,211,79945.99,31978.4,True,False,1.282,0.0,1.034,-1.2
2022-03-26,PROD_0004,Electronics,Premium_Store,582.02,695.55,101.0,101.0,370,58519.55,23407.82,True,False,1.298,0.0,0.8,-1.2
2022-04-02,PROD_0004,Electronics,Premium_Store,660.88,560.11,82.0,81.0,81,53531.26,21412.5,True,False,1.3,0.0,0.915,-1.2
2022-04-16,PROD_0004,Electronics,Premium_Store,543.09,537.02,124.0,61.0,61,33128.77,13251.51,True,False,1.29,0.0,1.043,-1.2
2022-04-23,PROD_0004,Electronics,Premium_Store,697.39,623.4,71.0,71.0,145,49416.91,19766.76,True,False,1.279,0.0,1.002,-1.2
2022-04-30,PROD_0004,Electronics,Premium_Store,725.6,708.6,80.0,80.0,369,58395.01,23358.0,True,False,1.264,0.0,0.983,-1.2
2022-05-07,PROD_0004,Electronics,Premium_Store,585.19,599.46,93.0,93.0,149,54690.14,21876.05,True,False,1.245,0.0,1.087,-1.2
2022-05-14,PROD_0004,Electronics,Premium_Store,698.07,691.68,77.0,77.0,450,53597.58,21439.03,True,False,1.222,0.0,1.046,-1.2
2022-05-28,PROD_0004,Electronics,Premium_Store,502.54,597.74,120.0,120.0,260,60221.43,24088.57,True,False,1.168,0.0,0.826,-1.2
2022-06-11,PROD_0004,Electronics,Premium_Store,826.4,671.28,55.0,55.0,186,45121.54,18048.61,True,False,1.104,0.0,0.938,-1.2
2022-06-18,PROD_0004,Electronics,Premium_Store,676.39,645.08,86.0,86.0,211,58287.1,23314.84,True,False,1.069,0.0,1.16,-1.2
2022-06-25,PROD_0004,Electronics,Premium_Store,602.53,627.91,81.0,81.0,284,49063.31,19625.33,True,False,1.033,0.0,1.015,-1.2
2022-07-02,PROD_0004,Electronics,Premium_Store,551.56,657.74,55.0,55.0,458,30541.31,12216.52,True,False,0.997,0.0,0.901,-1.2
2022-07-09,PROD_0004,Electronics,Premium_Store,651.59,632.09,76.0,76.0,427,49483.91,19793.56,True,False,0.961,0.0,1.037,-1.2
2022-07-16,PROD_0004,Electronics,Premium_Store,835.16,722.43,37.0,37.0,235,30605.7,12242.28,True,False,0.926,0.0,1.155,-1.2
2022-07-30,PROD_0004,Electronics,Premium_Store,787.8,750.69,49.0,49.0,184,38360.73,15344.29,True,False,0.859,0.0,0.865,-1.2
2022-08-06,PROD_0004,Electronics,Premium_Store,599.63,776.33,70.0,70.0,94,42260.8,16904.32,True,False,0.828,0.0,1.079,-1.2
2022-08-20,PROD_0004,Electronics,Premium_Store,720.94,651.65,49.0,49.0,380,35550.15,14220.06,True,False,0.774,0.0,1.043,-1.2
2022-08-27,PROD_0004,Electronics,Premium_Store,596.35,607.75,56.0,56.0,75,33382.5,13353.0,True,False,0.752,0.0,0.968,-1.2
2022-09-03,PROD_0004,Electronics,Premium_Store,527.2,588.94,51.0,51.0,400,26889.74,10755.9,True,False,0.734,0.0,1.006,-1.2
2022-10-01,PROD_0004,Electronics,Premium_Store,671.8,661.82,57.0,57.0,258,38520.6,15408.24,True,False,0.7,0.0,1.069,-1.2
2022-10-08,PROD_0004,Electronics,Premium_Store,620.25,674.12,57.0,57.0,138,35146.28,14058.51,True,False,0.702,0.0,1.046,-1.2
2022-10-15,PROD_0004,Electronics,Premium_Store,587.58,612.78,50.0,50.0,322,29587.68,11835.07,True,False,0.709,0.0,1.132,-1.2
2022-10-22,PROD_0004,Electronics,Premium_Store,746.17,651.24,46.0,46.0,401,34575.54,13830.21,True,False,0.72,0.0,0.876,-1.2
2022-11-12,PROD_0004,Electronics,Premium_Store,746.99,635.84,54.0,54.0,376,40404.93,16161.97,True,False,0.776,0.0,0.854,-1.2
2022-11-19,PROD_0004,Electronics,Premium_Store,522.4,610.97,94.0,94.0,255,48914.86,19565.94,True,False,0.802,0.0,1.059,-1.2
2022-12-03,PROD_0004,Electronics,Premium_Store,536.93,694.61,70.0,70.0,484,37385.62,14954.25,True,False,0.861,0.0,1.198,-1.2
2022-12-10,PROD_0004,Electronics,Premium_Store,646.44,619.22,75.0,75.0,203,48259.83,19303.93,True,False,0.894,0.0,0.985,-1.2
2022-12-24,PROD_0004,Electronics,Premium_Store,707.87,655.61,56.0,56.0,470,39408.38,15763.35,True,True,0.964,0.0,0.907,-1.2
2023-01-07,PROD_0004,Electronics,Premium_Store,457.41,483.71,126.0,52.0,52,23785.36,9514.14,True,False,1.036,0.0,0.891,-1.2
2023-01-14,PROD_0004,Electronics,Premium_Store,723.5,591.03,81.0,81.0,363,58290.42,23316.17,True,False,1.072,0.0,0.952,-1.2
2023-01-21,PROD_0004,Electronics,Premium_Store,484.8,586.22,136.0,136.0,428,66112.86,26445.15,True,False,1.106,0.0,0.886,-1.2
2023-02-04,PROD_0004,Electronics,Premium_Store,806.0,683.96,53.0,53.0,59,42524.25,17009.7,True,False,1.17,0.0,1.011,-1.2
2023-02-11,PROD_0004,Electronics,Premium_Store,742.07,640.49,78.0,78.0,290,58154.44,23261.77,True,False,1.198,0.0,0.894,-1.2
2023-02-25,PROD_0004,Electronics,Premium_Store,734.07,711.25,69.0,69.0,294,50725.34,20290.14,True,False,1.246,0.0,0.889,-1.2
2023-03-04,PROD_0004,Electronics,Premium_Store,817.38,710.94,82.0,82.0,320,66626.82,26650.73,True,False,1.265,0.0,1.067,-1.2
2023-03-11,PROD_0004,Electronics,Premium_Store,623.0,635.68,109.0,109.0,127,68073.35,27229.34,True,False,1.28,0.0,1.03,-1.2
2023-03-18,PROD_0004,Electronics,Premium_Store,709.82,679.56,80.0,80.0,426,57020.27,22808.11,True,False,1.291,0.0,1.058,-1.2
2023-03-25,PROD_0004,Electronics,Premium_Store,699.48,737.73,44.0,44.0,289,31037.1,12414.84,True,False,1.298,0.0,0.995,-1.2
2023-04-01,PROD_0004,Electronics,Premium_Store,681.02,721.31,49.0,49.0,425,33363.31,13345.32,True,False,1.3,0.0,0.899,-1.2
2023-04-15,PROD_0004,Electronics,Premium_Store,534.36,578.38,91.0,91.0,106,48864.01,19545.6,True,False,1.292,0.0,1.111,-1.2
2023-04-22,PROD_0004,Electronics,Premium_Store,680.36,688.82,61.0,61.0,263,41222.22,16488.89,True,False,1.281,0.0,0.939,-1.2
2023-05-06,PROD_0004,Electronics,Premium_Store,641.93,736.82,97.0,97.0,410,62310.77,24924.31,True,False,1.248,0.0,0.983,-1.2
2023-05-20,PROD_0004,Electronics,Premium_Store,717.52,604.41,77.0,77.0,329,55410.15,22164.06,True,False,1.2,0.0,1.136,-1.2
2023-05-27,PROD_0004,Electronics,Premium_Store,657.27,675.74,82.0,82.0,157,54145.63,21658.25,True,False,1.172,0.0,0.973,-1.2
2023-06-03,PROD_0004,Electronics,Premium_Store,655.19,593.07,81.0,81.0,332,53037.34,21214.94,True,False,1.141,0.0,1.146,-1.2
2023-06-17,PROD_0004,Electronics,Premium_Store,603.99,586.46,118.0,118.0,463,70973.46,28389.38,True,False,1.074,0.0,1.13,-1.2
2023-07-01,PROD_0004,Electronics,Premium_Store,694.48,695.35,83.0,83.0,332,57842.8,23137.12,True,False,1.003,0.0,1.211,-1.2
2023-07-08,PROD_0004,Electronics,Premium_Store,481.83,625.98,101.0,101.0,142,48793.2,19517.28,True,False,0.967,0.0,0.956,-1.2
2023-07-22,PROD_0004,Electronics,Premium_Store,656.7,605.11,52.0,52.0,363,34319.15,13727.66,True,False,0.896,0.0,0.97,-1.2
2023-07-29,PROD_0004,Electronics,Premium_Store,722.96,732.87,35.0,35.0,213,25232.84,10093.14,True,False,0.863,0.0,1.089,-1.2
2023-08-12,PROD_0004,Electronics,Premium_Store,748.91,627.93,34.0,34.0,402,25756.21,10302.49,True,False,0.803,0.0,0.961,-1.2
2023-08-19,PROD_0004,Electronics,Premium_Store,645.38,691.68,67.0,67.0,237,43277.37,17310.95,True,False,0.778,0.0,1.069,-1.2
2023-09-02,PROD_0004,Electronics,Premium_Store,634.23,650.27,46.0,46.0,291,29006.03,11602.41,True,False,0.736,0.0,1.144,-1.2
2023-09-09,PROD_0004,Electronics,Premium_Store,585.27,655.54,74.0,74.0,352,43455.99,17382.4,True,False,0.721,0.0,1.096,-1.2
2023-09-23,PROD_0004,Electronics,Premium_Store,603.51,687.01,48.0,48.0,226,29251.48,11700.59,True,False,0.703,0.0,1.123,-1.2
2023-09-30,PROD_0004,Electronics,Premium_Store,642.21,594.66,47.0,47.0,167,30460.61,12184.25,True,False,0.7,0.0,1.001,-1.2
2023-10-07,PROD_0004,Electronics,Premium_Store,694.72,702.19,42.0,42.0,334,29463.73,11785.49,True,False,0.702,0.0,0.996,-1.2
2023-10-28,PROD_0004,Electronics,Premium_Store,641.53,688.99,37.0,37.0,448,23938.84,9575.54,True,False,0.732,0.0,0.944,-1.2
2023-11-04,PROD_0004,Electronics,Premium_Store,669.98,652.49,53.0,53.0,244,35703.57,14281.43,True,False,0.751,0.0,1.037,-1.2
2023-11-25,PROD_0004,Electronics,Premium_Store,750.8,661.49,47.0,47.0,66,35539.86,14215.94,True,False,0.826,0.0,0.995,-1.2
2023-12-16,PROD_0004,Electronics,Premium_Store,642.21,652.85,83.0,83.0,479,53333.43,21333.37,True,False,0.923,0.0,0.999,-1.2
2023-12-23,PROD_0004,Electronics,Premium_Store,796.24,711.15,50.0,50.0,371,39581.07,15832.43,True,True,0.959,0.0,1.021,-1.2
2023-12-30,PROD_0004,Electronics,Premium_Store,790.28,643.92,47.0,47.0,181,36993.55,14797.42,True,True,0.995,0.0,1.081,-1.2
