dynamic_pricing_dataset.csv
date,product_id,category,store,price,competitor_price,demand,actual_sales,inventory_level,revenue,profit,is_weekend,is_holiday,seasonal_factor,marketing_spend,weather_impact,price_elasticity
2022-01-01,PROD_0005,Electronics,Premium_Store,835.14,732.87,61.0,61.0,397,51303.28,20521.31,True,False,1.005,0.0,1.211,-1.2
2022-01-08,PROD_0005,Electronics,Premium_Store,649.3,612.36,74.0,74.0,367,48369.02,19347.61,True,False,1.041,0.0,1.275,-1.2
2022-01-15,PROD_0005,Electronics,Premium_Store,797.65,653.72,45.0,45.0,120,36259.82,14503.93,True,False,1.077,0.0,1.07,-1.2
2022-01-22,PROD_0005,Electronics,Premium_Store,562.79,545.36,71.0,71.0,326,40067.48,16026.99,True,False,1.111,0.0,0.853,-1.2
2022-01-29,PROD_0005,Electronics,Premium_Store,814.58,711.19,63.0,63.0,318,51634.5,20653.8,True,False,1.144,0.0,0.878,-1.2
2022-02-05,PROD_0005,Electronics,Premium_Store,563.25,535.56,124.0,124.0,271,70038.78,28015.51,True,False,1.174,0.0,1.029,-1.2
2022-02-12,PROD_0005,Electronics,Premium_Store,622.42,652.02,64.0,64.0,395,40036.31,16014.52,True,False,1.202,0.0,1.152,-1.2
2022-02-26,PROD_0005,Electronics,Premium_Store,772.01,733.87,69.0,69.0,123,53318.77,21327.51,True,False,1.249,0.0,1.05,-1.2
2022-03-12,PROD_0005,Electronics,Premium_Store,478.32,548.36,115.0,115.0,351,55052.77,22021.11,True,False,1.282,0.0,1.111,-1.2
2022-03-19,PROD_0005,Electronics,Premium_Store,556.95,630.37,124.0,124.0,153,68878.4,27551.36,True,False,1.292,0.0,0.971,-1.2
2022-03-26,PROD_0005,Electronics,Premium_Store,607.92,625.13,103.0,103.0,449,62668.3,25067.32,True,False,1.298,0.0,0.882,-1.2
2022-04-09,PROD_0005,Electronics,Premium_Store,682.67,681.47,90.0,90.0,491,61253.56,24501.42,True,False,1.297,0.0,0.889,-1.2
2022-04-16,PROD_0005,Electronics,Premium_Store,777.07,671.49,87.0,87.0,432,67606.46,27042.58,True,False,1.29,0.0,1.002,-1.2
2022-04-23,PROD_0005,Electronics,Premium_Store,813.72,676.56,57.0,57.0,188,46310.23,18524.09,True,False,1.279,0.0,1.02,-1.2
2022-04-30,PROD_0005,Electronics,Premium_Store,542.21,513.5,118.0,118.0,215,64020.98,25608.39,True,False,1.264,0.0,1.055,-1.2
2022-05-14,PROD_0005,Electronics,Premium_Store,801.32,720.05,81.0,81.0,113,65210.06,26084.02,True,False,1.222,0.0,0.951,-1.2
2022-05-28,PROD_0005,Electronics,Premium_Store,862.26,736.51,64.0,64.0,271,55472.11,22188.85,True,False,1.168,0.0,1.046,-1.2
2022-06-04,PROD_0005,Electronics,Premium_Store,598.93,658.74,95.0,95.0,371,57189.18,22875.67,True,False,1.137,0.0,1.03,-1.2
2022-06-11,PROD_0005,Electronics,Premium_Store,721.88,752.25,92.0,92.0,177,66440.37,26576.15,True,False,1.104,0.0,0.985,-1.2
2022-06-25,PROD_0005,Electronics,Premium_Store,526.39,608.95,110.0,110.0,313,57833.75,23133.5,True,False,1.033,0.0,1.007,-1.2
2022-07-02,PROD_0005,Electronics,Premium_Store,603.76,671.41,70.0,70.0,322,41966.0,16786.4,True,False,0.997,0.0,0.875,-1.2
2022-07-09,PROD_0005,Electronics,Premium_Store,632.81,638.45,60.0,60.0,407,38117.41,15246.96,True,False,0.961,0.0,0.845,-1.2
2022-08-06,PROD_0005,Electronics,Premium_Store,484.14,534.54,81.0,81.0,362,39191.2,15676.48,True,False,0.828,0.0,0.961,-1.2
2022-08-13,PROD_0005,Electronics,Premium_Store,577.72,560.08,53.0,53.0,473,30812.61,12325.04,True,False,0.8,0.0,0.796,-1.2
2022-08-20,PROD_0005,Electronics,Premium_Store,595.75,582.46,62.0,62.0,250,37092.56,14837.03,True,False,0.774,0.0,1.199,-1.2
2022-08-27,PROD_0005,Electronics,Premium_Store,637.15,645.97,67.0,67.0,488,42925.16,17170.06,True,False,0.752,0.0,1.105,-1.2
2022-09-03,PROD_0005,Electronics,Premium_Store,448.8,479.26,87.0,87.0,237,39063.56,15625.42,True,False,0.734,0.0,1.007,-1.2
2022-09-10,PROD_0005,Electronics,Premium_Store,848.06,692.95,28.0,28.0,240,23366.48,9346.59,True,False,0.719,0.0,0.883,-1.2
2022-09-17,PROD_0005,Electronics,Premium_Store,608.74,595.58,47.0,47.0,455,28810.1,11524.04,True,False,0.708,0.0,0.957,-1.2
2022-09-24,PROD_0005,Electronics,Premium_Store,755.17,782.28,54.0,54.0,443,40675.5,16270.2,True,False,0.702,0.0,1.08,-1.2
2022-10-08,PROD_0005,Electronics,Premium_Store,943.69,797.37,47.0,47.0,475,44367.8,17747.12,True,False,0.702,0.0,1.137,-1.2
2022-10-22,PROD_0005,Electronics,Premium_Store,785.63,661.8,46.0,46.0,424,35957.7,14383.08,True,False,0.72,0.0,1.1,-1.2
2022-10-29,PROD_0005,Electronics,Premium_Store,460.39,558.93,108.0,108.0,143,49712.48,19884.99,True,False,0.735,0.0,1.139,-1.2
2022-11-05,PROD_0005,Electronics,Premium_Store,656.21,698.77,64.0,64.0,192,41962.55,16785.02,True,False,0.754,0.0,1.065,-1.2
2022-11-12,PROD_0005,Electronics,Premium_Store,907.76,905.21,40.0,40.0,357,36379.43,14551.77,True,False,0.776,0.0,0.949,-1.2
2022-11-26,PROD_0005,Electronics,Premium_Store,754.86,751.14,57.0,57.0,400,43110.15,17244.06,True,False,0.83,0.0,0.936,-1.2
2022-12-03,PROD_0005,Electronics,Premium_Store,658.84,577.31,68.0,68.0,483,44958.76,17983.51,True,False,0.861,0.0,1.067,-1.2
2022-12-17,PROD_0005,Electronics,Premium_Store,715.02,662.73,64.0,64.0,77,45633.47,18253.39,True,False,0.928,0.0,1.099,-1.2
2022-12-24,PROD_0005,Electronics,Premium_Store,747.39,712.09,47.0,47.0,296,35065.96,14026.39,True,True,0.964,0.0,1.104,-1.2
2022-12-31,PROD_0005,Electronics,Premium_Store,737.37,707.3,52.0,52.0,475,38472.78,15389.11,True,True,1.0,0.0,0.955,-1.2
2023-01-07,PROD_0005,Electronics,Premium_Store,498.02,574.94,90.0,90.0,424,45061.86,18024.75,True,False,1.036,0.0,0.885,-1.2
2023-01-14,PROD_0005,Electronics,Premium_Store,502.86,455.58,104.0,104.0,331,52200.84,20880.34,True,False,1.072,0.0,0.963,-1.2
2023-01-21,PROD_0005,Electronics,Premium_Store,607.62,613.62,71.0,71.0,154,42889.84,17155.94,True,False,1.106,0.0,1.148,-1.2
2023-01-28,PROD_0005,Electronics,Premium_Store,497.84,549.02,72.0,72.0,178,35999.46,14399.78,True,False,1.139,0.0,0.889,-1.2
2023-02-04,PROD_0005,Electronics,Premium_Store,760.67,655.0,70.0,70.0,495,53109.72,21243.89,True,False,1.17,0.0,1.026,-1.2
2023-02-25,PROD_0005,Electronics,Premium_Store,686.36,664.29,113.0,113.0,249,77376.45,30950.58,True,False,1.246,0.0,1.009,-1.2
2023-03-04,PROD_0005,Electronics,Premium_Store,720.75,656.07,76.0,76.0,286,55006.17,22002.47,True,False,1.265,0.0,0.99,-1.2
2023-03-11,PROD_0005,Electronics,Premium_Store,759.01,635.5,79.0,79.0,316,60110.27,24044.11,True,False,1.28,0.0,1.151,-1.2
2023-03-25,PROD_0005,Electronics,Premium_Store,524.03,658.19,82.0,82.0,231,43090.15,17236.06,True,False,1.298,0.0,1.022,-1.2
2023-04-01,PROD_0005,Electronics,Premium_Store,544.5,659.53,107.0,107.0,322,58177.69,23271.08,True,False,1.3,0.0,1.042,-1.2
2023-04-08,PROD_0005,Electronics,Premium_Store,383.08,465.91,119.0,119.0,494,45697.64,18279.06,True,False,1.298,0.0,0.87,-1.2
2023-04-15,PROD_0005,Electronics,Premium_Store,676.84,695.38,99.0,99.0,456,67046.32,26818.53,True,False,1.292,0.0,1.023,-1.2
2023-04-22,PROD_0005,Electronics,Premium_Store,630.58,616.6,92.0,92.0,195,58328.37,23331.35,True,False,1.281,0.0,0.902,-1.2
2023-04-29,PROD_0005,Electronics,Premium_Store,721.5,600.45,67.0,67.0,453,48300.92,19320.37,True,False,1.266,0.0,1.135,-1.2
2023-05-06,PROD_0005,Electronics,Premium_Store,484.88,628.14,153.0,153.0,412,74164.12,29665.65,True,False,1.248,0.0,1.138,-1.2
2023-05-20,PROD_0005,Electronics,Premium_Store,690.63,615.02,71.0,71.0,185,49230.93,19692.37,True,False,1.2,0.0,1.028,-1.2
2023-06-10,PROD_0005,Electronics,Premium_Store,683.26,659.12,91.0,91.0,337,61926.66,24770.66,True,False,1.109,0.0,0.979,-1.2
2023-06-24,PROD_0005,Electronics,Premium_Store,823.16,677.27,54.0,54.0,340,44225.49,17690.2,True,False,1.039,0.0,0.882,-1.2
2023-07-01,PROD_0005,Electronics,Premium_Store,670.23,619.17,86.0,86.0,274,57549.93,23019.97,True,False,1.003,0.0,1.107,-1.2
2023-07-08,PROD_0005,Electronics,Premium_Store,603.46,609.44,60.0,60.0,421,36033.4,14413.36,True,False,0.967,0.0,1.095,-1.2
2023-07-15,PROD_0005,Electronics,Premium_Store,678.84,631.6,47.0,47.0,255,32233.43,12893.37,True,False,0.931,0.0,0.952,-1.2
2023-07-22,PROD_0005,Electronics,Premium_Store,602.13,733.37,54.0,54.0,60,32514.79,13005.92,True,False,0.896,0.0,0.978,-1.2
2023-07-29,PROD_0005,Electronics,Premium_Store,635.29,667.78,61.0,61.0,170,38515.97,15406.39,True,False,0.863,0.0,0.904,-1.2
2023-08-05,PROD_0005,Electronics,Premium_Store,728.98,735.69,31.0,31.0,413,22872.71,9149.08,True,False,0.832,0.0,1.003,-1.2
2023-08-12,PROD_0005,Electronics,Premium_Store,578.26,581.76,75.0,75.0,364,43584.28,17433.71,True,False,0.803,0.0,1.002,-1.2
2023-08-19,PROD_0005,Electronics,Premium_Store,629.32,676.72,74.0,74.0,429,46753.24,18701.3,True,False,0.778,0.0,1.006,-1.2
2023-09-16,PROD_0005,Electronics,Premium_Store,775.33,706.27,41.0,41.0,273,31791.86,12716.74,True,False,0.71,0.0,0.826,-1.2
2023-09-23,PROD_0005,Electronics,Premium_Store,555.0,594.13,78.0,71.0,71,39405.35,15762.14,True,False,0.703,0.0,1.078,-1.2
2023-09-30,PROD_0005,Electronics,Premium_Store,653.16,626.16,42.0,42.0,384,27131.18,10852.47,True,False,0.7,0.0,1.034,-1.2
2023-10-14,PROD_0005,Electronics,Premium_Store,447.44,458.05,81.0,81.0,212,36407.36,14562.94,True,False,0.708,0.0,0.897,-1.2
2023-10-21,PROD_0005,Electronics,Premium_Store,650.55,696.3,46.0,46.0,179,29988.93,11995.57,True,False,0.718,0.0,1.177,-1.2
2023-10-28,PROD_0005,Electronics,Premium_Store,902.53,786.74,35.0,35.0,137,31263.55,12505.42,True,False,0.732,0.0,0.962,-1.2
2023-11-04,PROD_0005,Electronics,Premium_Store,637.34,669.2,70.0,70.0,155,44367.31,17746.93,True,False,0.751,0.0,0.932,-1.2
2023-11-11,PROD_0005,Electronics,Premium_Store,791.16,812.29,45.0,45.0,380,35711.14,14284.45,True,False,0.773,0.0,0.973,-1.2
2023-12-02,PROD_0005,Electronics,Premium_Store,642.74,671.15,74.0,74.0,138,47432.86,18973.14,True,False,0.856,0.0,1.125,-1.2
2023-12-09,PROD_0005,Electronics,Premium_Store,513.51,518.32,76.0,76.0,325,38861.52,15544.61,True,False,0.889,0.0,0.968,-1.2
2023-12-16,PROD_0005,Electronics,Premium_Store,913.03,721.93,49.0,49.0,106,44666.44,17866.58,True,False,0.923,0.0,0.987,-1.2
2023-12-23,PROD_0005,Electronics,Premium_Store,828.54,776.82,66.0,66.0,177,55042.6,22017.04,True,True,0.959,0.0,1.106,-1.2
2023-12-30,PROD_0005,Electronics,Premium_Store,573.45,641.4,83.0,83.0,494,47649.3,19059.72,True,True,0.995,0.0,1.07,-1.2
