dynamic_pricing_dataset.csv
date,product_id,category,store,price,competitor_price,demand,actual_sales,inventory_level,revenue,profit,is_weekend,is_holiday,seasonal_factor,marketing_spend,weather_impact,price_elasticity
2022-01-15,PROD_0006,Electronics,Budget_Store,276.41,272.49,231.0,231.0,305,63832.39,25532.96,True,False,1.077,0.0,1.078,-1.2
2022-01-22,PROD_0006,Electronics,Budget_Store,454.78,454.22,109.0,109.0,473,49523.08,19809.23,True,False,1.111,0.0,0.97,-1.2
2022-01-29,PROD_0006,Electronics,Budget_Store,398.01,409.06,204.0,178.0,178,70846.45,28338.58,True,False,1.144,0.0,0.865,-1.2
2022-02-05,PROD_0006,Electronics,Budget_Store,498.88,410.99,125.0,107.0,107,53380.06,21352.03,True,False,1.174,0.0,1.034,-1.2
2022-02-12,PROD_0006,Electronics,Budget_Store,298.28,319.73,234.0,210.0,210,62638.46,25055.38,True,False,1.202,0.0,1.079,-1.2
2022-02-19,PROD_0006,Electronics,Budget_Store,431.41,358.97,164.0,164.0,309,70641.7,28256.68,True,False,1.227,0.0,1.082,-1.2
2022-02-26,PROD_0006,Electronics,Budget_Store,508.66,443.87,149.0,149.0,414,75742.56,30297.03,True,False,1.249,0.0,0.805,-1.2
2022-03-12,PROD_0006,Electronics,Budget_Store,340.11,418.61,262.0,262.0,316,89260.15,35704.06,True,False,1.282,0.0,0.996,-1.2
2022-03-19,PROD_0006,Electronics,Budget_Store,417.46,399.22,240.0,114.0,114,47590.57,19036.23,True,False,1.292,0.0,0.845,-1.2
2022-03-26,PROD_0006,Electronics,Budget_Store,330.44,405.43,178.0,100.0,100,33043.54,13217.42,True,False,1.298,0.0,1.116,-1.2
2022-04-02,PROD_0006,Electronics,Budget_Store,548.61,449.2,99.0,99.0,415,54312.59,21725.03,True,False,1.3,0.0,0.942,-1.2
2022-04-09,PROD_0006,Electronics,Budget_Store,375.25,315.73,228.0,228.0,362,85624.91,34249.96,True,False,1.297,0.0,0.824,-1.2
2022-04-23,PROD_0006,Electronics,Budget_Store,428.96,398.78,175.0,175.0,295,74994.42,29997.77,True,False,1.279,0.0,1.148,-1.2
2022-04-30,PROD_0006,Electronics,Budget_Store,355.74,420.43,211.0,211.0,440,74964.26,29985.7,True,False,1.264,0.0,0.88,-1.2
2022-05-21,PROD_0006,Electronics,Budget_Store,430.56,432.16,147.0,147.0,236,63329.46,25331.78,True,False,1.197,0.0,0.992,-1.2
2022-06-04,PROD_0006,Electronics,Budget_Store,484.02,417.34,154.0,154.0,306,74699.17,29879.67,True,False,1.137,0.0,0.99,-1.2
2022-06-11,PROD_0006,Electronics,Budget_Store,244.33,336.82,365.0,303.0,303,74030.69,29612.27,True,False,1.104,0.0,0.902,-1.2
2022-06-18,PROD_0006,Electronics,Budget_Store,395.38,481.87,145.0,145.0,239,57338.32,22935.33,True,False,1.069,0.0,1.084,-1.2
2022-06-25,PROD_0006,Electronics,Budget_Store,398.31,402.75,137.0,137.0,259,54485.24,21794.09,True,False,1.033,0.0,0.974,-1.2
2022-08-20,PROD_0006,Electronics,Budget_Store,363.28,357.58,123.0,67.0,67,24339.89,9735.96,True,False,0.774,0.0,1.013,-1.2
2022-08-27,PROD_0006,Electronics,Budget_Store,458.74,379.95,85.0,85.0,186,38827.08,15530.83,True,False,0.752,0.0,0.927,-1.2
2022-09-17,PROD_0006,Electronics,Budget_Store,328.09,374.91,155.0,155.0,423,51017.65,20407.06,True,False,0.708,0.0,0.965,-1.2
2022-09-24,PROD_0006,Electronics,Budget_Store,448.43,392.85,125.0,125.0,324,56154.23,22461.69,True,False,0.702,0.0,1.004,-1.2
2022-10-15,PROD_0006,Electronics,Budget_Store,433.64,475.33,59.0,59.0,164,25549.44,10219.78,True,False,0.709,0.0,0.89,-1.2
2022-10-22,PROD_0006,Electronics,Budget_Store,407.53,379.14,47.0,47.0,274,19060.09,7624.04,True,False,0.72,0.0,1.186,-1.2
2022-10-29,PROD_0006,Electronics,Budget_Store,356.55,359.85,104.0,104.0,481,36913.76,14765.51,True,False,0.735,0.0,0.833,-1.2
2022-11-19,PROD_0006,Electronics,Budget_Store,375.32,363.67,145.0,145.0,422,54496.71,21798.68,True,False,0.802,0.0,1.012,-1.2
2022-11-26,PROD_0006,Electronics,Budget_Store,435.9,369.73,110.0,110.0,239,47814.35,19125.74,True,False,0.83,0.0,0.749,-1.2
2022-12-03,PROD_0006,Electronics,Budget_Store,300.39,328.44,168.0,168.0,270,50608.58,20243.43,True,False,0.861,0.0,1.082,-1.2
2022-12-24,PROD_0006,Electronics,Budget_Store,335.74,348.26,169.0,169.0,378,56701.4,22680.56,True,True,0.964,0.0,0.844,-1.2
2023-01-07,PROD_0006,Electronics,Budget_Store,400.12,340.82,212.0,212.0,475,84745.61,33898.24,True,False,1.036,0.0,1.02,-1.2
2023-01-21,PROD_0006,Electronics,Budget_Store,304.28,357.66,137.0,137.0,295,41698.51,16679.4,True,False,1.106,0.0,0.942,-1.2
2023-02-04,PROD_0006,Electronics,Budget_Store,465.25,419.42,135.0,135.0,148,62616.94,25046.78,True,False,1.17,0.0,1.138,-1.2
2023-02-11,PROD_0006,Electronics,Budget_Store,397.35,430.56,213.0,213.0,416,84547.06,33818.82,True,False,1.198,0.0,0.937,-1.2
2023-03-18,PROD_0006,Electronics,Budget_Store,373.2,394.8,196.0,196.0,364,73096.46,29238.59,True,False,1.291,0.0,1.076,-1.2
2023-04-08,PROD_0006,Electronics,Budget_Store,520.49,408.46,97.0,97.0,276,50413.14,20165.26,True,False,1.298,0.0,1.026,-1.2
2023-04-15,PROD_0006,Electronics,Budget_Store,436.31,426.71,158.0,144.0,144,62829.07,25131.63,True,False,1.292,0.0,1.022,-1.2
2023-05-13,PROD_0006,Electronics,Budget_Store,394.59,374.44,169.0,143.0,143,56426.37,22570.55,True,False,1.226,0.0,0.986,-1.2
2023-05-27,PROD_0006,Electronics,Budget_Store,421.62,431.84,192.0,192.0,497,80796.44,32318.58,True,False,1.172,0.0,1.068,-1.2
2023-06-03,PROD_0006,Electronics,Budget_Store,369.95,383.65,126.0,126.0,471,46625.45,18650.18,True,False,1.141,0.0,1.052,-1.2
2023-06-10,PROD_0006,Electronics,Budget_Store,403.2,425.22,165.0,165.0,174,66605.59,26642.24,True,False,1.109,0.0,1.111,-1.2
2023-06-17,PROD_0006,Electronics,Budget_Store,390.37,341.03,199.0,67.0,67,26155.07,10462.03,True,False,1.074,0.0,0.955,-1.2
2023-07-01,PROD_0006,Electronics,Budget_Store,404.06,399.11,146.0,146.0,354,59139.37,23655.75,True,False,1.003,0.0,0.837,-1.2
2023-07-08,PROD_0006,Electronics,Budget_Store,390.04,377.49,148.0,148.0,177,57535.6,23014.24,True,False,0.967,0.0,0.945,-1.2
2023-07-15,PROD_0006,Electronics,Budget_Store,388.13,406.39,99.0,99.0,261,38399.24,15359.7,True,False,0.931,0.0,0.8,-1.2
2023-08-05,PROD_0006,Electronics,Budget_Store,377.64,393.25,168.0,75.0,75,28323.02,11329.21,True,False,0.832,0.0,0.723,-1.2
2023-08-12,PROD_0006,Electronics,Budget_Store,391.08,408.48,112.0,112.0,255,43711.33,17484.53,True,False,0.803,0.0,0.854,-1.2
2023-08-19,PROD_0006,Electronics,Budget_Store,365.91,365.28,133.0,133.0,375,48657.76,19463.1,True,False,0.778,0.0,0.803,-1.2
2023-08-26,PROD_0006,Electronics,Budget_Store,385.79,362.0,149.0,149.0,439,57475.72,22990.29,True,False,0.755,0.0,0.956,-1.2
2023-09-02,PROD_0006,Electronics,Budget_Store,406.06,395.05,93.0,93.0,366,37945.9,15178.36,True,False,0.736,0.0,0.987,-1.2
2023-09-09,PROD_0006,Electronics,Budget_Store,466.75,451.69,84.0,84.0,84,39206.95,15682.78,True,False,0.721,0.0,0.762,-1.2
2023-09-16,PROD_0006,Electronics,Budget_Store,351.6,386.76,107.0,107.0,440,37674.58,15069.83,True,False,0.71,0.0,1.048,-1.2
2023-09-23,PROD_0006,Electronics,Budget_Store,387.53,427.29,141.0,141.0,207,54567.7,21827.08,True,False,0.703,0.0,1.042,-1.2
2023-09-30,PROD_0006,Electronics,Budget_Store,372.45,387.59,86.0,86.0,497,32066.12,12826.45,True,False,0.7,0.0,0.898,-1.2
2023-10-07,PROD_0006,Electronics,Budget_Store,552.99,500.18,77.0,77.0,236,42394.88,16957.95,True,False,0.702,0.0,1.062,-1.2
2023-10-14,PROD_0006,Electronics,Budget_Store,488.95,432.04,73.0,73.0,150,35577.61,14231.04,True,False,0.708,0.0,0.985,-1.2
2023-10-21,PROD_0006,Electronics,Budget_Store,481.77,408.88,57.0,57.0,401,27670.66,11068.26,True,False,0.718,0.0,0.956,-1.2
2023-10-28,PROD_0006,Electronics,Budget_Store,327.52,370.86,121.0,121.0,198,39513.04,15805.22,True,False,0.732,0.0,0.919,-1.2
2023-11-04,PROD_0006,Electronics,Budget_Store,314.36,391.18,128.0,94.0,94,29549.87,11819.95,True,False,0.751,0.0,1.107,-1.2
2023-11-11,PROD_0006,Electronics,Budget_Store,391.65,373.89,140.0,140.0,314,54964.36,21985.74,True,False,0.773,0.0,1.024,-1.2
2023-11-18,PROD_0006,Electronics,Budget_Store,339.32,399.83,95.0,95.0,203,32251.03,12900.41,True,False,0.798,0.0,0.913,-1.2
2023-12-02,PROD_0006,Electronics,Budget_Store,425.22,362.55,136.0,95.0,95,40395.99,16158.39,True,False,0.856,0.0,1.131,-1.2
2023-12-09,PROD_0006,Electronics,Budget_Store,412.6,415.19,130.0,130.0,193,53729.51,21491.8,True,False,0.889,0.0,0.943,-1.2
2023-12-23,PROD_0006,Electronics,Budget_Store,400.93,399.39,121.0,121.0,459,48650.07,19460.03,True,True,0.959,0.0,0.903,-1.2
2023-12-30,PROD_0006,Electronics,Budget_Store,279.5,296.46,176.0,176.0,265,49267.93,19707.17,True,True,0.995,0.0,1.022,-1.2
2022-01-01,PROD_0007,Electronics,Budget_Store,450.14,483.57,125.0,125.0,386,56486.93,22594.77,True,False,1.005,0.0,0.882,-1.2
2022-01-08,PROD_0007,Electronics,Budget_Store,498.82,406.89,85.0,85.0,371,42628.83,17051.53,True,False,1.041,0.0,1.066,-1.2
2022-01-29,PROD_0007,Electronics,Budget_Store,443.57,372.96,135.0,118.0,118,52340.94,20936.38,True,False,1.144,0.0,0.946,-1.2
2022-02-05,PROD_0007,Electronics,Budget_Store,436.14,422.82,213.0,213.0,377,92861.02,37144.41,True,False,1.174,0.0,0.812,-1.2
2022-02-26,PROD_0007,Electronics,Budget_Store,456.66,412.04,166.0,166.0,174,75850.27,30340.11,True,False,1.249,0.0,1.058,-1.2
2022-03-05,PROD_0007,Electronics,Budget_Store,417.71,465.62,214.0,214.0,358,89550.27,35820.11,True,False,1.268,0.0,1.036,-1.2
2022-03-12,PROD_0007,Electronics,Budget_Store,498.16,430.53,122.0,122.0,289,60584.11,24233.65,True,False,1.282,0.0,0.758,-1.2
2022-03-19,PROD_0007,Electronics,Budget_Store,297.64,331.91,281.0,281.0,471,83581.62,33432.65,True,False,1.292,0.0,1.003,-1.2
2022-04-02,PROD_0007,Electronics,Budget_Store,358.96,415.08,306.0,306.0,489,109962.9,43985.16,True,False,1.3,0.0,0.937,-1.2
2022-04-16,PROD_0007,Electronics,Budget_Store,381.36,391.5,236.0,236.0,340,90135.58,36054.23,True,False,1.29,0.0,0.991,-1.2
2022-05-07,PROD_0007,Electronics,Budget_Store,360.75,378.75,168.0,67.0,67,24170.42,9668.17,True,False,1.245,0.0,0.98,-1.2
2022-05-21,PROD_0007,Electronics,Budget_Store,487.2,415.99,139.0,139.0,176,67500.65,27000.26,True,False,1.197,0.0,1.078,-1.2
2022-06-04,PROD_0007,Electronics,Budget_Store,381.55,365.54,189.0,189.0,297,72142.66,28857.07,True,False,1.137,0.0,0.953,-1.2
2022-06-25,PROD_0007,Electronics,Budget_Store,322.58,323.53,250.0,250.0,406,80705.16,32282.07,True,False,1.033,0.0,0.949,-1.2
2022-07-09,PROD_0007,Electronics,Budget_Store,367.48,456.82,116.0,105.0,105,38585.54,15434.22,True,False,0.961,0.0,0.878,-1.2
2022-07-16,PROD_0007,Electronics,Budget_Store,318.23,335.08,141.0,141.0,147,44908.08,17963.23,True,False,0.926,0.0,0.829,-1.2
2022-07-23,PROD_0007,Electronics,Budget_Store,415.02,392.52,145.0,145.0,309,60011.63,24004.65,True,False,0.891,0.0,0.922,-1.2
2022-07-30,PROD_0007,Electronics,Budget_Store,361.62,378.31,125.0,125.0,401,45327.85,18131.14,True,False,0.859,0.0,0.858,-1.2
2022-08-13,PROD_0007,Electronics,Budget_Store,364.4,421.5,87.0,87.0,288,31613.81,12645.53,True,False,0.8,0.0,0.964,-1.2
2022-08-20,PROD_0007,Electronics,Budget_Store,480.84,413.52,86.0,86.0,129,41320.72,16528.29,True,False,0.774,0.0,1.048,-1.2
2022-08-27,PROD_0007,Electronics,Budget_Store,393.64,469.28,98.0,98.0,244,38452.46,15380.99,True,False,0.752,0.0,0.813,-1.2
2022-09-17,PROD_0007,Electronics,Budget_Store,360.42,371.52,135.0,117.0,117,42169.65,16867.86,True,False,0.708,0.0,0.951,-1.2
2022-09-24,PROD_0007,Electronics,Budget_Store,348.95,379.93,70.0,70.0,493,24401.31,9760.52,True,False,0.702,0.0,0.967,-1.2
2022-10-15,PROD_0007,Electronics,Budget_Store,450.87,437.46,83.0,83.0,311,37523.83,15009.53,True,False,0.709,0.0,0.95,-1.2
2022-10-22,PROD_0007,Electronics,Budget_Store,392.39,459.83,102.0,74.0,74,29036.72,11614.69,True,False,0.72,0.0,0.937,-1.2
2022-10-29,PROD_0007,Electronics,Budget_Store,344.35,356.39,129.0,129.0,242,44465.35,17786.14,True,False,0.735,0.0,0.843,-1.2
2022-11-12,PROD_0007,Electronics,Budget_Store,477.77,443.63,86.0,86.0,136,41246.7,16498.68,True,False,0.776,0.0,0.935,-1.2
2022-11-19,PROD_0007,Electronics,Budget_Store,507.5,406.74,94.0,94.0,364,47840.48,19136.19,True,False,0.802,0.0,1.124,-1.2
2022-12-03,PROD_0007,Electronics,Budget_Store,393.22,388.07,110.0,110.0,259,43369.68,17347.87,True,False,0.861,0.0,0.935,-1.2
2022-12-17,PROD_0007,Electronics,Budget_Store,384.57,402.7,176.0,158.0,158,60761.47,24304.59,True,False,0.928,0.0,1.059,-1.2
2022-12-24,PROD_0007,Electronics,Budget_Store,489.6,487.85,109.0,67.0,67,32803.35,13121.34,True,True,0.964,0.0,1.047,-1.2
2023-01-07,PROD_0007,Electronics,Budget_Store,373.95,388.53,189.0,53.0,53,19819.42,7927.77,True,False,1.036,0.0,0.875,-1.2
2023-01-14,PROD_0007,Electronics,Budget_Store,376.36,386.88,185.0,185.0,353,69505.91,27802.36,True,False,1.072,0.0,0.924,-1.2
2023-01-28,PROD_0007,Electronics,Budget_Store,487.76,403.07,164.0,164.0,376,79972.15,31988.86,True,False,1.139,0.0,1.059,-1.2
2023-02-04,PROD_0007,Electronics,Budget_Store,450.62,461.17,164.0,94.0,94,42358.26,16943.3,True,False,1.17,0.0,1.019,-1.2
2023-03-11,PROD_0007,Electronics,Budget_Store,418.09,373.6,151.0,71.0,71,29684.57,11873.83,True,False,1.28,0.0,0.948,-1.2
2023-04-01,PROD_0007,Electronics,Budget_Store,310.61,327.84,289.0,211.0,211,65537.75,26215.1,True,False,1.3,0.0,1.103,-1.2
2023-04-08,PROD_0007,Electronics,Budget_Store,373.62,382.22,195.0,195.0,458,72982.45,29192.98,True,False,1.298,0.0,1.015,-1.2
2023-04-15,PROD_0007,Electronics,Budget_Store,341.79,326.66,201.0,201.0,215,68556.99,27422.8,True,False,1.292,0.0,0.85,-1.2
2023-04-29,PROD_0007,Electronics,Budget_Store,378.0,378.04,217.0,217.0,369,81997.92,32799.17,True,False,1.266,0.0,1.112,-1.2
2023-05-06,PROD_0007,Electronics,Budget_Store,380.73,369.13,200.0,200.0,364,76270.92,30508.37,True,False,1.248,0.0,1.204,-1.2
2023-05-20,PROD_0007,Electronics,Budget_Store,334.85,383.5,257.0,196.0,196,65631.02,26252.41,True,False,1.2,0.0,0.695,-1.2
2023-05-27,PROD_0007,Electronics,Budget_Store,351.25,345.7,224.0,146.0,146,51281.86,20512.75,True,False,1.172,0.0,0.984,-1.2
2023-06-03,PROD_0007,Electronics,Budget_Store,362.78,357.9,117.0,117.0,172,42502.75,17001.1,True,False,1.141,0.0,0.939,-1.2
2023-06-10,PROD_0007,Electronics,Budget_Store,308.07,365.13,227.0,227.0,240,70013.17,28005.27,True,False,1.109,0.0,1.085,-1.2
2023-06-17,PROD_0007,Electronics,Budget_Store,432.78,435.05,152.0,152.0,237,65615.34,26246.13,True,False,1.074,0.0,0.937,-1.2
2023-06-24,PROD_0007,Electronics,Budget_Store,414.06,393.62,158.0,158.0,395,65557.15,26222.86,True,False,1.039,0.0,1.053,-1.2
2023-07-08,PROD_0007,Electronics,Budget_Store,514.6,399.28,122.0,122.0,407,62789.53,25115.81,True,False,0.967,0.0,1.004,-1.2
2023-07-15,PROD_0007,Electronics,Budget_Store,478.54,420.01,98.0,98.0,298,46868.67,18747.47,True,False,0.931,0.0,1.118,-1.2
2023-07-29,PROD_0007,Electronics,Budget_Store,413.83,411.86,143.0,63.0,63,26071.58,10428.63,True,False,0.863,0.0,0.941,-1.2
2023-08-05,PROD_0007,Electronics,Budget_Store,350.31,413.64,88.0,88.0,354,30812.18,12324.87,True,False,0.832,0.0,1.049,-1.2
2023-08-12,PROD_0007,Electronics,Budget_Store,471.73,420.82,121.0,121.0,332,57092.8,22837.12,True,False,0.803,0.0,0.884,-1.2
2023-08-26,PROD_0007,Electronics,Budget_Store,536.21,449.73,102.0,102.0,253,54766.34,21906.54,True,False,0.755,0.0,1.051,-1.2
2023-09-09,PROD_0007,Electronics,Budget_Store,366.66,367.28,124.0,124.0,459,45348.11,18139.25,True,False,0.721,0.0,0.841,-1.2
2023-09-16,PROD_0007,Electronics,Budget_Store,372.58,369.4,123.0,123.0,316,45667.43,18266.97,True,False,0.71,0.0,1.092,-1.2
2023-09-23,PROD_0007,Electronics,Budget_Store,306.26,399.44,159.0,98.0,98,30013.55,12005.42,True,False,0.703,0.0,0.971,-1.2
2023-09-30,PROD_0007,Electronics,Budget_Store,326.92,370.29,132.0,77.0,77,25173.13,10069.25,True,False,0.7,0.0,0.993,-1.2
2023-10-07,PROD_0007,Electronics,Budget_Store,354.7,397.77,96.0,96.0,129,34020.09,13608.03,True,False,0.702,0.0,0.816,-1.2
2023-10-14,PROD_0007,Electronics,Budget_Store,390.1,413.76,94.0,94.0,230,36508.59,14603.44,True,False,0.708,0.0,1.054,-1.2
2023-10-21,PROD_0007,Electronics,Budget_Store,384.11,390.36,102.0,102.0,115,39293.2,15717.28,True,False,0.718,0.0,0.91,-1.2
2023-10-28,PROD_0007,Electronics,Budget_Store,457.46,458.68,105.0,105.0,385,48184.52,19273.81,True,False,0.732,0.0,0.945,-1.2
2023-11-04,PROD_0007,Electronics,Budget_Store,391.15,356.49,103.0,103.0,491,40302.44,16120.98,True,False,0.751,0.0,0.965,-1.2
2023-11-11,PROD_0007,Electronics,Budget_Store,376.88,374.5,133.0,133.0,193,50279.54,20111.82,True,False,0.773,0.0,1.009,-1.2
2023-11-18,PROD_0007,Electronics,Budget_Store,380.09,397.7,83.0,81.0,81,30787.2,12314.88,True,False,0.798,0.0,1.016,-1.2
2023-12-02,PROD_0007,Electronics,Budget_Store,371.46,359.81,119.0,119.0,309,44311.21,17724.48,True,False,0.856,0.0,1.104,-1.2
2023-12-16,PROD_0007,Electronics,Budget_Store,403.21,406.32,149.0,149.0,402,60081.95,24032.78,True,False,0.923,0.0,0.925,-1.2
2023-12-23,PROD_0007,Electronics,Budget_Store,486.55,434.35,106.0,106.0,253,51692.31,20676.92,True,True,0.959,0.0,0.97,-1.2
2023-12-30,PROD_0007,Electronics,Budget_Store,340.7,367.53,147.0,117.0,117,39861.66,15944.66,True,True,0.995,0.0,0.819,-1.2
