dynamic_pricing_dataset.csv
date,product_id,category,store,price,competitor_price,demand,actual_sales,inventory_level,revenue,profit,is_weekend,is_holiday,seasonal_factor,marketing_spend,weather_impact,price_elasticity
2022-01-01,PROD_0008,Electronics,Budget_Store,448.98,433.26,109.0,109.0,382,48772.86,19509.14,True,False,1.005,0.0,1.014,-1.2
2022-01-15,PROD_0008,Electronics,Budget_Store,394.84,400.4,157.0,157.0,348,62173.54,24869.42,True,False,1.077,0.0,1.129,-1.2
2022-01-29,PROD_0008,Electronics,Budget_Store,430.45,373.21,125.0,125.0,362,53854.49,21541.8,True,False,1.144,0.0,0.798,-1.2
2022-02-05,PROD_0008,Electronics,Budget_Store,426.03,365.23,171.0,75.0,75,31952.31,12780.92,True,False,1.174,0.0,1.014,-1.2
2022-02-12,PROD_0008,Electronics,Budget_Store,452.73,404.75,104.0,104.0,278,47057.85,18823.14,True,False,1.202,0.0,1.044,-1.2
2022-03-05,PROD_0008,Electronics,Budget_Store,354.78,286.71,122.0,122.0,460,43373.31,17349.32,True,False,1.268,0.0,0.961,-1.2
2022-03-12,PROD_0008,Electronics,Budget_Store,422.22,408.16,144.0,144.0,295,60806.66,24322.67,True,False,1.282,0.0,0.948,-1.2
2022-03-19,PROD_0008,Electronics,Budget_Store,478.95,422.27,210.0,210.0,483,100735.01,40294.01,True,False,1.292,0.0,0.906,-1.2
2022-03-26,PROD_0008,Electronics,Budget_Store,392.26,393.15,137.0,137.0,458,53716.18,21486.47,True,False,1.298,0.0,0.935,-1.2
2022-04-16,PROD_0008,Electronics,Budget_Store,337.14,362.14,223.0,223.0,455,75099.25,30039.7,True,False,1.29,0.0,0.954,-1.2
2022-04-23,PROD_0008,Electronics,Budget_Store,412.7,426.61,137.0,91.0,91,37555.93,15022.37,True,False,1.279,0.0,0.839,-1.2
2022-04-30,PROD_0008,Electronics,Budget_Store,426.97,389.19,137.0,137.0,371,58687.91,23475.17,True,False,1.264,0.0,0.908,-1.2
2022-05-14,PROD_0008,Electronics,Budget_Store,433.77,432.39,163.0,93.0,93,40340.54,16136.21,True,False,1.222,0.0,0.886,-1.2
2022-05-21,PROD_0008,Electronics,Budget_Store,430.55,421.91,168.0,168.0,442,72499.36,28999.74,True,False,1.197,0.0,1.036,-1.2
2022-06-04,PROD_0008,Electronics,Budget_Store,350.29,389.06,188.0,188.0,438,65863.23,26345.29,True,False,1.137,0.0,1.052,-1.2
2022-06-11,PROD_0008,Electronics,Budget_Store,341.04,421.37,198.0,170.0,170,57976.5,23190.6,True,False,1.104,0.0,1.036,-1.2
2022-06-18,PROD_0008,Electronics,Budget_Store,460.39,398.0,96.0,96.0,445,44367.36,17746.95,True,False,1.069,0.0,0.988,-1.2
2022-06-25,PROD_0008,Electronics,Budget_Store,399.63,372.98,152.0,152.0,234,60575.03,24230.01,True,False,1.033,0.0,1.057,-1.2
2022-07-09,PROD_0008,Electronics,Budget_Store,374.89,385.19,162.0,126.0,126,47236.37,18894.55,True,False,0.961,0.0,1.029,-1.2
2022-07-16,PROD_0008,Electronics,Budget_Store,404.17,423.74,135.0,135.0,379,54741.79,21896.72,True,False,0.926,0.0,0.884,-1.2
2022-07-23,PROD_0008,Electronics,Budget_Store,420.17,409.98,94.0,94.0,200,39602.7,15841.08,True,False,0.891,0.0,0.916,-1.2
2022-07-30,PROD_0008,Electronics,Budget_Store,361.0,405.94,115.0,115.0,235,41528.99,16611.59,True,False,0.859,0.0,0.959,-1.2
2022-08-20,PROD_0008,Electronics,Budget_Store,371.73,410.57,116.0,116.0,129,42986.64,17194.66,True,False,0.774,0.0,0.961,-1.2
2022-08-27,PROD_0008,Electronics,Budget_Store,448.91,426.81,85.0,85.0,476,38090.89,15236.36,True,False,0.752,0.0,0.879,-1.2
2022-09-03,PROD_0008,Electronics,Budget_Store,353.98,367.56,98.0,98.0,141,34852.44,13940.98,True,False,0.734,0.0,1.065,-1.2
2022-09-10,PROD_0008,Electronics,Budget_Store,337.81,335.87,122.0,122.0,350,41098.89,16439.55,True,False,0.719,0.0,1.006,-1.2
2022-10-15,PROD_0008,Electronics,Budget_Store,439.72,360.47,78.0,78.0,215,34249.55,13699.82,True,False,0.709,0.0,1.097,-1.2
2022-10-29,PROD_0008,Electronics,Budget_Store,526.14,420.57,60.0,60.0,330,31374.5,12549.8,True,False,0.735,0.0,1.006,-1.2
2022-11-05,PROD_0008,Electronics,Budget_Store,344.22,416.62,109.0,109.0,355,37596.35,15038.54,True,False,0.754,0.0,0.917,-1.2
2022-11-19,PROD_0008,Electronics,Budget_Store,486.09,431.42,56.0,56.0,271,27239.2,10895.68,True,False,0.802,0.0,1.405,-1.2
2022-12-10,PROD_0008,Electronics,Budget_Store,373.45,361.33,129.0,129.0,335,48170.85,19268.34,True,False,0.894,0.0,1.06,-1.2
2022-12-17,PROD_0008,Electronics,Budget_Store,438.28,401.59,110.0,110.0,472,48048.45,19219.38,True,False,0.928,0.0,0.827,-1.2
2022-12-31,PROD_0008,Electronics,Budget_Store,376.69,396.8,160.0,160.0,312,60362.33,24144.93,True,True,1.0,0.0,0.816,-1.2
2023-01-21,PROD_0008,Electronics,Budget_Store,503.51,441.05,116.0,116.0,481,58298.77,23319.51,True,False,1.106,0.0,0.864,-1.2
2023-01-28,PROD_0008,Electronics,Budget_Store,381.93,344.0,202.0,202.0,232,77033.1,30813.24,True,False,1.139,0.0,1.12,-1.2
2023-02-18,PROD_0008,Electronics,Budget_Store,343.77,412.36,200.0,200.0,488,68914.64,27565.85,True,False,1.224,0.0,1.083,-1.2
2023-02-25,PROD_0008,Electronics,Budget_Store,459.92,399.1,145.0,145.0,351,66736.58,26694.63,True,False,1.246,0.0,0.983,-1.2
2023-03-04,PROD_0008,Electronics,Budget_Store,386.87,361.92,108.0,108.0,322,41764.88,16705.95,True,False,1.265,0.0,1.012,-1.2
2023-03-11,PROD_0008,Electronics,Budget_Store,373.54,395.01,263.0,254.0,254,94879.73,37951.89,True,False,1.28,0.0,0.944,-1.2
2023-03-18,PROD_0008,Electronics,Budget_Store,523.9,402.77,125.0,125.0,362,65470.5,26188.2,True,False,1.291,0.0,1.063,-1.2
2023-04-01,PROD_0008,Electronics,Budget_Store,505.98,524.52,157.0,105.0,105,53127.61,21251.04,True,False,1.3,0.0,1.052,-1.2
2023-04-08,PROD_0008,Electronics,Budget_Store,452.14,428.08,166.0,166.0,392,75026.83,30010.73,True,False,1.298,0.0,1.143,-1.2
2023-04-15,PROD_0008,Electronics,Budget_Store,359.82,386.93,198.0,152.0,152,54691.98,21876.79,True,False,1.292,0.0,1.073,-1.2
2023-04-22,PROD_0008,Electronics,Budget_Store,323.41,379.53,235.0,235.0,282,76001.73,30400.69,True,False,1.281,0.0,1.049,-1.2
2023-04-29,PROD_0008,Electronics,Budget_Store,319.33,373.66,185.0,185.0,464,59132.63,23653.05,True,False,1.266,0.0,1.09,-1.2
2023-05-06,PROD_0008,Electronics,Budget_Store,470.35,441.89,91.0,91.0,189,42944.6,17177.84,True,False,1.248,0.0,1.001,-1.2
2023-05-13,PROD_0008,Electronics,Budget_Store,434.55,350.42,169.0,158.0,158,68658.12,27463.25,True,False,1.226,0.0,1.021,-1.2
2023-05-20,PROD_0008,Electronics,Budget_Store,489.4,495.77,151.0,151.0,471,73807.82,29523.13,True,False,1.2,0.0,0.839,-1.2
2023-05-27,PROD_0008,Electronics,Budget_Store,533.75,448.31,110.0,110.0,386,58671.05,23468.42,True,False,1.172,0.0,1.138,-1.2
2023-06-03,PROD_0008,Electronics,Budget_Store,346.34,327.94,189.0,189.0,418,65590.55,26236.22,True,False,1.141,0.0,0.981,-1.2
2023-06-10,PROD_0008,Electronics,Budget_Store,392.37,453.67,171.0,171.0,441,67004.6,26801.84,True,False,1.109,0.0,1.21,-1.2
2023-06-24,PROD_0008,Electronics,Budget_Store,463.81,415.11,128.0,128.0,285,59504.68,23801.87,True,False,1.039,0.0,1.084,-1.2
2023-07-15,PROD_0008,Electronics,Budget_Store,428.41,408.86,78.0,78.0,380,33593.24,13437.3,True,False,0.931,0.0,1.232,-1.2
2023-07-29,PROD_0008,Electronics,Budget_Store,413.49,395.89,105.0,105.0,322,43221.64,17288.66,True,False,0.863,0.0,0.888,-1.2
2023-08-05,PROD_0008,Electronics,Budget_Store,309.87,395.03,218.0,218.0,226,67636.67,27054.67,True,False,0.832,0.0,0.921,-1.2
2023-08-12,PROD_0008,Electronics,Budget_Store,483.76,420.07,108.0,108.0,281,52226.77,20890.71,True,False,0.803,0.0,1.081,-1.2
2023-08-26,PROD_0008,Electronics,Budget_Store,436.53,420.77,93.0,93.0,187,40434.48,16173.79,True,False,0.755,0.0,1.155,-1.2
2023-09-30,PROD_0008,Electronics,Budget_Store,462.87,444.3,82.0,82.0,375,38066.1,15226.44,True,False,0.7,0.0,1.145,-1.2
2023-10-07,PROD_0008,Electronics,Budget_Store,436.17,399.57,73.0,73.0,141,31907.76,12763.1,True,False,0.702,0.0,1.001,-1.2
2023-10-14,PROD_0008,Electronics,Budget_Store,327.25,320.21,122.0,122.0,415,39791.54,15916.62,True,False,0.708,0.0,0.825,-1.2
2023-10-21,PROD_0008,Electronics,Budget_Store,426.7,377.85,75.0,75.0,198,31818.5,12727.4,True,False,0.718,0.0,0.9,-1.2
2023-10-28,PROD_0008,Electronics,Budget_Store,382.26,325.88,80.0,80.0,389,30614.4,12245.76,True,False,0.732,0.0,1.023,-1.2
2023-11-04,PROD_0008,Electronics,Budget_Store,434.61,432.11,95.0,95.0,162,41391.81,16556.73,True,False,0.751,0.0,1.008,-1.2
2023-11-11,PROD_0008,Electronics,Budget_Store,481.1,457.55,83.0,83.0,143,39790.85,15916.34,True,False,0.773,0.0,0.966,-1.2
2023-11-18,PROD_0008,Electronics,Budget_Store,421.63,408.11,111.0,111.0,497,46877.19,18750.87,True,False,0.798,0.0,1.008,-1.2
2023-12-02,PROD_0008,Electronics,Budget_Store,508.44,405.67,79.0,79.0,202,40266.43,16106.57,True,False,0.856,0.0,1.039,-1.2
2023-12-09,PROD_0008,Electronics,Budget_Store,392.41,400.54,173.0,155.0,155,60823.1,24329.24,True,False,0.889,0.0,0.745,-1.2
2023-12-16,PROD_0008,Electronics,Budget_Store,458.07,377.1,105.0,105.0,336,48253.56,19301.43,True,False,0.923,0.0,0.975,-1.2
2023-12-23,PROD_0008,Electronics,Budget_Store,419.4,415.67,183.0,183.0,315,76721.66,30688.67,True,True,0.959,0.0,1.084,-1.2
2022-01-01,PROD_0009,Electronics,Budget_Store,358.84,387.66,117.0,117.0,133,42005.34,16802.14,True,False,1.005,0.0,0.809,-1.2
2022-01-08,PROD_0009,Electronics,Budget_Store,365.5,354.65,136.0,136.0,306,49658.91,19863.56,True,False,1.041,0.0,0.827,-1.2
2022-01-15,PROD_0009,Electronics,Budget_Store,405.54,380.86,186.0,186.0,431,75339.62,30135.85,True,False,1.077,0.0,0.953,-1.2
2022-01-29,PROD_0009,Electronics,Budget_Store,480.75,420.95,137.0,103.0,103,49516.86,19806.74,True,False,1.144,0.0,1.163,-1.2
2022-02-12,PROD_0009,Electronics,Budget_Store,363.55,394.18,257.0,257.0,386,93402.8,37361.12,True,False,1.202,0.0,1.146,-1.2
2022-02-26,PROD_0009,Electronics,Budget_Store,327.78,353.4,192.0,192.0,411,62805.65,25122.26,True,False,1.249,0.0,0.968,-1.2
2022-03-05,PROD_0009,Electronics,Budget_Store,378.29,393.21,159.0,159.0,434,59988.55,23995.42,True,False,1.268,0.0,0.902,-1.2
2022-03-19,PROD_0009,Electronics,Budget_Store,450.45,454.86,151.0,151.0,181,68119.37,27247.75,True,False,1.292,0.0,1.054,-1.2
2022-04-02,PROD_0009,Electronics,Budget_Store,366.95,445.26,199.0,199.0,320,73004.87,29201.95,True,False,1.3,0.0,1.022,-1.2
2022-04-09,PROD_0009,Electronics,Budget_Store,450.51,413.54,139.0,139.0,285,62703.97,25081.59,True,False,1.297,0.0,1.032,-1.2
2022-04-16,PROD_0009,Electronics,Budget_Store,358.06,447.73,217.0,217.0,356,77665.08,31066.03,True,False,1.29,0.0,0.902,-1.2
2022-04-30,PROD_0009,Electronics,Budget_Store,437.96,417.11,125.0,78.0,78,34161.06,13664.42,True,False,1.264,0.0,0.91,-1.2
2022-05-07,PROD_0009,Electronics,Budget_Store,454.66,410.29,118.0,118.0,237,53613.11,21445.24,True,False,1.245,0.0,1.114,-1.2
2022-05-28,PROD_0009,Electronics,Budget_Store,351.03,340.1,184.0,59.0,59,20710.8,8284.32,True,False,1.168,0.0,1.08,-1.2
2022-06-04,PROD_0009,Electronics,Budget_Store,413.56,410.35,114.0,97.0,97,40115.57,16046.23,True,False,1.137,0.0,0.958,-1.2
2022-06-11,PROD_0009,Electronics,Budget_Store,331.04,379.81,180.0,180.0,264,59548.36,23819.34,True,False,1.104,0.0,1.074,-1.2
2022-06-18,PROD_0009,Electronics,Budget_Store,407.83,430.8,122.0,50.0,50,20391.38,8156.55,True,False,1.069,0.0,1.005,-1.2
2022-06-25,PROD_0009,Electronics,Budget_Store,332.77,400.93,211.0,211.0,428,70160.75,28064.3,True,False,1.033,0.0,0.897,-1.2
2022-07-02,PROD_0009,Electronics,Budget_Store,400.54,334.27,158.0,158.0,463,63279.55,25311.82,True,False,0.997,0.0,1.086,-1.2
2022-07-09,PROD_0009,Electronics,Budget_Store,335.84,348.01,154.0,139.0,139,46682.34,18672.94,True,False,0.961,0.0,1.016,-1.2
2022-07-16,PROD_0009,Electronics,Budget_Store,417.64,362.85,161.0,161.0,463,67318.99,26927.6,True,False,0.926,0.0,0.902,-1.2
2022-07-23,PROD_0009,Electronics,Budget_Store,461.21,456.58,75.0,75.0,475,34734.14,13893.66,True,False,0.891,0.0,1.024,-1.2
2022-07-30,PROD_0009,Electronics,Budget_Store,346.05,337.04,119.0,119.0,468,41006.94,16402.77,True,False,0.859,0.0,1.009,-1.2
2022-08-20,PROD_0009,Electronics,Budget_Store,474.12,390.87,126.0,126.0,319,59682.69,23873.08,True,False,0.774,0.0,0.991,-1.2
2022-09-03,PROD_0009,Electronics,Budget_Store,421.46,414.38,105.0,105.0,188,44056.71,17622.68,True,False,0.734,0.0,0.994,-1.2
2022-09-10,PROD_0009,Electronics,Budget_Store,538.48,460.93,53.0,53.0,407,28563.27,11425.31,True,False,0.719,0.0,1.202,-1.2
2022-09-24,PROD_0009,Electronics,Budget_Store,488.01,436.06,83.0,77.0,77,37576.45,15030.58,True,False,0.702,0.0,0.993,-1.2
2022-10-08,PROD_0009,Electronics,Budget_Store,364.14,430.18,95.0,95.0,133,34726.13,13890.45,True,False,0.702,0.0,0.91,-1.2
2022-10-15,PROD_0009,Electronics,Budget_Store,481.59,418.02,111.0,111.0,338,53251.1,21300.44,True,False,0.709,0.0,1.06,-1.2
2022-10-29,PROD_0009,Electronics,Budget_Store,459.59,373.93,85.0,85.0,101,38991.7,15596.68,True,False,0.735,0.0,0.959,-1.2
2022-11-12,PROD_0009,Electronics,Budget_Store,353.14,385.34,151.0,151.0,359,53385.53,21354.21,True,False,0.776,0.0,0.896,-1.2
2022-11-19,PROD_0009,Electronics,Budget_Store,395.17,434.36,155.0,155.0,268,61184.83,24473.93,True,False,0.802,0.0,0.848,-1.2
2022-12-10,PROD_0009,Electronics,Budget_Store,492.43,413.7,93.0,93.0,190,45751.33,18300.53,True,False,0.894,0.0,0.957,-1.2
2022-12-17,PROD_0009,Electronics,Budget_Store,318.62,399.67,151.0,151.0,177,48124.49,19249.8,True,False,0.928,0.0,0.965,-1.2
2022-12-24,PROD_0009,Electronics,Budget_Store,339.22,346.4,189.0,189.0,454,64249.37,25699.75,True,True,0.964,0.0,1.064,-1.2
2022-12-31,PROD_0009,Electronics,Budget_Store,384.03,416.26,118.0,118.0,226,45474.08,18189.63,True,True,1.0,0.0,0.926,-1.2
2023-01-07,PROD_0009,Electronics,Budget_Store,297.28,356.21,201.0,58.0,58,17242.06,6896.82,True,False,1.036,0.0,0.811,-1.2
2023-01-14,PROD_0009,Electronics,Budget_Store,390.06,389.45,161.0,161.0,221,62844.46,25137.78,True,False,1.072,0.0,1.069,-1.2
2023-01-28,PROD_0009,Electronics,Budget_Store,332.61,356.65,278.0,278.0,433,92338.27,36935.31,True,False,1.139,0.0,1.002,-1.2
2023-02-04,PROD_0009,Electronics,Budget_Store,428.13,440.95,157.0,157.0,318,67149.14,26859.66,True,False,1.17,0.0,0.849,-1.2
2023-02-25,PROD_0009,Electronics,Budget_Store,295.13,375.27,333.0,333.0,357,98207.4,39282.96,True,False,1.246,0.0,0.962,-1.2
2023-03-18,PROD_0009,Electronics,Budget_Store,513.92,434.21,137.0,137.0,326,70309.59,28123.83,True,False,1.291,0.0,1.118,-1.2
2023-04-01,PROD_0009,Electronics,Budget_Store,435.96,428.96,124.0,124.0,196,54200.52,21680.21,True,False,1.3,0.0,1.124,-1.2
2023-04-08,PROD_0009,Electronics,Budget_Store,430.06,384.11,102.0,102.0,141,43990.67,17596.27,True,False,1.298,0.0,1.157,-1.2
2023-04-22,PROD_0009,Electronics,Budget_Store,498.98,434.93,130.0,130.0,205,64866.96,25946.78,True,False,1.281,0.0,0.908,-1.2
2023-04-29,PROD_0009,Electronics,Budget_Store,358.5,361.3,111.0,111.0,458,39828.85,15931.54,True,False,1.266,0.0,0.802,-1.2
2023-05-06,PROD_0009,Electronics,Budget_Store,548.1,453.36,78.0,78.0,138,42909.37,17163.75,True,False,1.248,0.0,1.207,-1.2
2023-05-13,PROD_0009,Electronics,Budget_Store,342.06,423.77,237.0,237.0,320,80952.95,32381.18,True,False,1.226,0.0,0.926,-1.2
2023-05-27,PROD_0009,Electronics,Budget_Store,393.05,385.48,219.0,219.0,332,86154.5,34461.8,True,False,1.172,0.0,1.049,-1.2
2023-06-17,PROD_0009,Electronics,Budget_Store,369.97,316.57,154.0,154.0,448,56902.45,22760.98,True,False,1.074,0.0,1.085,-1.2
2023-07-01,PROD_0009,Electronics,Budget_Store,377.31,389.53,164.0,160.0,160,60369.49,24147.79,True,False,1.003,0.0,1.007,-1.2
2023-07-15,PROD_0009,Electronics,Budget_Store,392.76,390.78,74.0,74.0,475,29213.41,11685.36,True,False,0.931,0.0,1.033,-1.2
2023-07-29,PROD_0009,Electronics,Budget_Store,376.86,441.4,132.0,132.0,317,49651.02,19860.41,True,False,0.863,0.0,1.062,-1.2
2023-08-05,PROD_0009,Electronics,Budget_Store,338.2,398.94,107.0,107.0,462,36192.67,14477.07,True,False,0.832,0.0,0.877,-1.2
2023-08-12,PROD_0009,Electronics,Budget_Store,480.85,447.57,99.0,99.0,493,47827.3,19130.92,True,False,0.803,0.0,0.889,-1.2
2023-08-26,PROD_0009,Electronics,Budget_Store,430.49,413.82,98.0,98.0,253,42316.39,16926.56,True,False,0.755,0.0,0.961,-1.2
2023-09-09,PROD_0009,Electronics,Budget_Store,516.02,484.76,97.0,97.0,168,49817.17,19926.87,True,False,0.721,0.0,1.004,-1.2
2023-09-16,PROD_0009,Electronics,Budget_Store,441.16,403.78,57.0,57.0,164,25350.76,10140.31,True,False,0.71,0.0,0.974,-1.2
2023-09-23,PROD_0009,Electronics,Budget_Store,397.47,378.76,104.0,104.0,112,41163.71,16465.48,True,False,0.703,0.0,1.104,-1.2
2023-09-30,PROD_0009,Electronics,Budget_Store,230.03,313.05,263.0,263.0,494,60539.36,24215.75,True,False,0.7,0.0,0.964,-1.2
2023-10-07,PROD_0009,Electronics,Budget_Store,423.71,401.45,74.0,74.0,175,31290.82,12516.33,True,False,0.702,0.0,1.018,-1.2
2023-10-14,PROD_0009,Electronics,Budget_Store,488.45,427.37,40.0,40.0,153,19534.1,7813.64,True,False,0.708,0.0,0.916,-1.2
2023-10-28,PROD_0009,Electronics,Budget_Store,305.76,401.38,138.0,138.0,156,42335.19,16934.08,True,False,0.732,0.0,1.029,-1.2
2023-11-04,PROD_0009,Electronics,Budget_Store,506.86,442.77,61.0,61.0,303,31113.33,12445.33,True,False,0.751,0.0,0.881,-1.2
2023-11-11,PROD_0009,Electronics,Budget_Store,308.78,355.77,167.0,139.0,139,42920.87,17168.35,True,False,0.773,0.0,0.88,-1.2
2023-11-25,PROD_0009,Electronics,Budget_Store,459.5,425.1,80.0,80.0,100,36968.17,14787.27,True,False,0.826,0.0,0.82,-1.2
2023-12-02,PROD_0009,Electronics,Budget_Store,414.88,407.99,154.0,154.0,178,64008.38,25603.35,True,False,0.856,0.0,1.065,-1.2
2023-12-23,PROD_0009,Electronics,Budget_Store,371.46,359.37,150.0,78.0,78,28973.5,11589.4,True,True,0.959,0.0,0.85,-1.2
2023-12-30,PROD_0009,Electronics,Budget_Store,463.56,466.89,82.0,82.0,383,38093.83,15237.53,True,True,0.995,0.0,0.831,-1.2
