dynamic_pricing_dataset.csv
date,product_id,category,store,price,competitor_price,demand,actual_sales,inventory_level,revenue,profit,is_weekend,is_holiday,seasonal_factor,marketing_spend,weather_impact,price_elasticity
2022-01-01,PROD_0010,Electronics,Budget_Store,356.17,406.67,196.0,196.0,210,69940.91,27976.36,True,False,1.005,0.0,1.087,-1.2
2022-01-15,PROD_0010,Electronics,Budget_Store,386.16,382.8,164.0,164.0,169,63414.2,25365.68,True,False,1.077,0.0,1.021,-1.2
2022-02-05,PROD_0010,Electronics,Budget_Store,359.69,356.86,213.0,213.0,249,76739.12,30695.65,True,False,1.174,0.0,1.099,-1.2
2022-02-12,PROD_0010,Electronics,Budget_Store,291.89,364.11,258.0,258.0,283,75348.67,30139.47,True,False,1.202,0.0,0.92,-1.2
2022-02-19,PROD_0010,Electronics,Budget_Store,429.17,362.41,195.0,195.0,291,83841.09,33536.44,True,False,1.227,0.0,1.089,-1.2
2022-02-26,PROD_0010,Electronics,Budget_Store,424.56,430.86,120.0,120.0,252,50870.98,20348.39,True,False,1.249,0.0,0.96,-1.2
2022-03-19,PROD_0010,Electronics,Budget_Store,476.69,400.08,181.0,181.0,460,86186.63,34474.65,True,False,1.292,0.0,0.884,-1.2
2022-04-02,PROD_0010,Electronics,Budget_Store,372.49,380.97,238.0,165.0,165,61461.29,24584.52,True,False,1.3,0.0,1.026,-1.2
2022-04-09,PROD_0010,Electronics,Budget_Store,379.94,374.46,210.0,174.0,174,66109.81,26443.93,True,False,1.297,0.0,0.88,-1.2
2022-04-16,PROD_0010,Electronics,Budget_Store,451.09,430.72,200.0,200.0,332,90005.55,36002.22,True,False,1.29,0.0,1.118,-1.2
2022-04-23,PROD_0010,Electronics,Budget_Store,522.31,470.49,108.0,55.0,55,28726.85,11490.74,True,False,1.279,0.0,1.004,-1.2
2022-04-30,PROD_0010,Electronics,Budget_Store,426.88,446.94,148.0,148.0,387,63229.87,25291.95,True,False,1.264,0.0,1.108,-1.2
2022-05-07,PROD_0010,Electronics,Budget_Store,339.87,389.86,236.0,87.0,87,29569.04,11827.62,True,False,1.245,0.0,1.056,-1.2
2022-05-14,PROD_0010,Electronics,Budget_Store,364.89,431.77,131.0,131.0,449,47664.49,19065.8,True,False,1.222,0.0,1.123,-1.2
2022-05-28,PROD_0010,Electronics,Budget_Store,350.35,355.41,242.0,78.0,78,27327.01,10930.8,True,False,1.168,0.0,0.892,-1.2
2022-06-25,PROD_0010,Electronics,Budget_Store,441.46,392.2,134.0,79.0,79,34875.11,13950.04,True,False,1.033,0.0,1.083,-1.2
2022-07-16,PROD_0010,Electronics,Budget_Store,399.19,415.21,173.0,173.0,365,68895.53,27558.21,True,False,0.926,0.0,0.947,-1.2
2022-07-23,PROD_0010,Electronics,Budget_Store,488.49,421.38,91.0,91.0,164,44692.83,17877.13,True,False,0.891,0.0,1.045,-1.2
2022-07-30,PROD_0010,Electronics,Budget_Store,520.18,419.35,83.0,83.0,388,43009.6,17203.84,True,False,0.859,0.0,1.056,-1.2
2022-08-20,PROD_0010,Electronics,Budget_Store,340.44,365.15,127.0,127.0,373,43318.98,17327.59,True,False,0.774,0.0,1.254,-1.2
2022-08-27,PROD_0010,Electronics,Budget_Store,313.93,354.52,97.0,97.0,452,30340.54,12136.22,True,False,0.752,0.0,1.276,-1.2
2022-09-03,PROD_0010,Electronics,Budget_Store,354.15,370.75,123.0,123.0,337,43609.43,17443.77,True,False,0.734,0.0,1.106,-1.2
2022-09-10,PROD_0010,Electronics,Budget_Store,423.24,397.1,83.0,83.0,304,35063.5,14025.4,True,False,0.719,0.0,0.977,-1.2
2022-09-17,PROD_0010,Electronics,Budget_Store,374.99,366.52,125.0,125.0,318,46792.98,18717.19,True,False,0.708,0.0,0.877,-1.2
2022-09-24,PROD_0010,Electronics,Budget_Store,500.09,450.86,89.0,89.0,490,44741.15,17896.46,True,False,0.702,0.0,0.854,-1.2
2022-10-08,PROD_0010,Electronics,Budget_Store,451.29,400.87,86.0,86.0,330,38611.51,15444.61,True,False,0.702,0.0,0.995,-1.2
2022-10-15,PROD_0010,Electronics,Budget_Store,358.49,358.48,90.0,70.0,70,25094.6,10037.84,True,False,0.709,0.0,1.118,-1.2
2022-10-29,PROD_0010,Electronics,Budget_Store,418.22,422.74,78.0,78.0,283,32749.86,13099.94,True,False,0.735,0.0,1.139,-1.2
2022-11-05,PROD_0010,Electronics,Budget_Store,386.96,417.94,126.0,126.0,406,48635.92,19454.37,True,False,0.754,0.0,0.962,-1.2
2022-11-12,PROD_0010,Electronics,Budget_Store,458.98,448.59,120.0,120.0,275,54930.35,21972.14,True,False,0.776,0.0,1.013,-1.2
2022-11-19,PROD_0010,Electronics,Budget_Store,394.38,468.44,106.0,106.0,170,41738.27,16695.31,True,False,0.802,0.0,1.044,-1.2
2022-11-26,PROD_0010,Electronics,Budget_Store,332.16,390.03,117.0,117.0,224,38737.5,15495.0,True,False,0.83,0.0,0.946,-1.2
2022-12-03,PROD_0010,Electronics,Budget_Store,439.31,435.07,142.0,142.0,299,62376.95,24950.78,True,False,0.861,0.0,1.105,-1.2
2022-12-17,PROD_0010,Electronics,Budget_Store,409.77,356.94,154.0,154.0,243,62946.92,25178.77,True,False,0.928,0.0,0.811,-1.2
2023-01-07,PROD_0010,Electronics,Budget_Store,339.85,346.53,157.0,157.0,265,53468.67,21387.47,True,False,1.036,0.0,1.023,-1.2
2023-01-14,PROD_0010,Electronics,Budget_Store,328.93,347.82,172.0,172.0,460,56456.26,22582.5,True,False,1.072,0.0,0.969,-1.2
2023-01-21,PROD_0010,Electronics,Budget_Store,240.69,284.63,258.0,258.0,448,62215.02,24886.01,True,False,1.106,0.0,1.188,-1.2
2023-01-28,PROD_0010,Electronics,Budget_Store,416.46,364.24,100.0,100.0,242,41710.42,16684.17,True,False,1.139,0.0,1.161,-1.2
2023-02-04,PROD_0010,Electronics,Budget_Store,405.57,385.46,170.0,87.0,87,35285.02,14114.01,True,False,1.17,0.0,0.998,-1.2
2023-02-18,PROD_0010,Electronics,Budget_Store,451.56,437.16,188.0,188.0,204,84738.25,33895.3,True,False,1.224,0.0,0.955,-1.2
2023-02-25,PROD_0010,Electronics,Budget_Store,378.59,447.05,153.0,68.0,68,25744.24,10297.7,True,False,1.246,0.0,0.947,-1.2
2023-03-11,PROD_0010,Electronics,Budget_Store,457.24,452.03,115.0,87.0,87,39779.47,15911.79,True,False,1.28,0.0,0.95,-1.2
2023-03-18,PROD_0010,Electronics,Budget_Store,344.67,414.33,304.0,293.0,293,100989.04,40395.62,True,False,1.291,0.0,1.074,-1.2
2023-03-25,PROD_0010,Electronics,Budget_Store,402.08,406.16,204.0,204.0,308,81945.38,32778.15,True,False,1.298,0.0,0.965,-1.2
2023-04-22,PROD_0010,Electronics,Budget_Store,415.14,396.15,202.0,202.0,270,83754.37,33501.75,True,False,1.281,0.0,1.113,-1.2
2023-04-29,PROD_0010,Electronics,Budget_Store,357.72,365.2,194.0,127.0,127,45431.06,18172.43,True,False,1.266,0.0,1.016,-1.2
2023-05-13,PROD_0010,Electronics,Budget_Store,347.69,368.99,176.0,176.0,420,61277.57,24511.03,True,False,1.226,0.0,1.226,-1.2
2023-06-10,PROD_0010,Electronics,Budget_Store,400.11,424.96,185.0,135.0,135,54014.44,21605.78,True,False,1.109,0.0,0.928,-1.2
2023-06-17,PROD_0010,Electronics,Budget_Store,364.69,429.38,123.0,98.0,98,35739.22,14295.69,True,False,1.074,0.0,0.966,-1.2
2023-06-24,PROD_0010,Electronics,Budget_Store,363.75,370.14,141.0,141.0,368,51389.83,20555.93,True,False,1.039,0.0,1.017,-1.2
2023-07-01,PROD_0010,Electronics,Budget_Store,390.22,342.99,163.0,163.0,264,63468.21,25387.28,True,False,1.003,0.0,0.77,-1.2
2023-07-08,PROD_0010,Electronics,Budget_Store,400.64,433.84,155.0,155.0,424,61980.57,24792.23,True,False,0.967,0.0,0.749,-1.2
2023-07-22,PROD_0010,Electronics,Budget_Store,269.4,342.46,285.0,277.0,277,74624.0,29849.6,True,False,0.896,0.0,1.044,-1.2
2023-07-29,PROD_0010,Electronics,Budget_Store,425.93,462.72,112.0,112.0,216,47716.16,19086.47,True,False,0.863,0.0,0.934,-1.2
2023-08-05,PROD_0010,Electronics,Budget_Store,498.02,447.65,96.0,96.0,172,47687.65,19075.06,True,False,0.832,0.0,0.969,-1.2
2023-08-12,PROD_0010,Electronics,Budget_Store,490.75,420.17,82.0,82.0,246,40031.73,16012.69,True,False,0.803,0.0,1.008,-1.2
2023-09-02,PROD_0010,Electronics,Budget_Store,397.25,397.33,106.0,83.0,83,32971.39,13188.56,True,False,0.736,0.0,1.188,-1.2
2023-09-09,PROD_0010,Electronics,Budget_Store,320.02,381.34,168.0,168.0,346,53624.75,21449.9,True,False,0.721,0.0,0.898,-1.2
2023-09-16,PROD_0010,Electronics,Budget_Store,374.21,403.83,105.0,105.0,331,39282.91,15713.16,True,False,0.71,0.0,1.121,-1.2
2023-09-30,PROD_0010,Electronics,Budget_Store,275.02,353.56,133.0,133.0,494,36582.77,14633.11,True,False,0.7,0.0,1.012,-1.2
2023-10-07,PROD_0010,Electronics,Budget_Store,365.68,386.93,129.0,129.0,290,47231.42,18892.57,True,False,0.702,0.0,0.938,-1.2
2023-10-14,PROD_0010,Electronics,Budget_Store,570.52,459.71,71.0,71.0,428,40441.79,16176.71,True,False,0.708,0.0,1.066,-1.2
2023-10-21,PROD_0010,Electronics,Budget_Store,475.6,423.96,79.0,79.0,368,37534.62,15013.85,True,False,0.718,0.0,0.963,-1.2
2023-10-28,PROD_0010,Electronics,Budget_Store,332.32,409.99,133.0,133.0,331,44325.68,17730.27,True,False,0.732,0.0,1.137,-1.2
2023-11-25,PROD_0010,Electronics,Budget_Store,411.64,434.72,140.0,140.0,342,57445.57,22978.23,True,False,0.826,0.0,1.14,-1.2
2023-12-09,PROD_0010,Electronics,Budget_Store,415.56,397.78,141.0,141.0,453,58613.14,23445.26,True,False,0.889,0.0,0.833,-1.2
2023-12-16,PROD_0010,Electronics,Budget_Store,461.41,454.27,108.0,108.0,379,50027.08,20010.83,True,False,0.923,0.0,1.081,-1.2
2023-12-23,PROD_0010,Electronics,Budget_Store,337.13,343.46,104.0,104.0,163,34920.82,13968.33,True,True,0.959,0.0,1.081,-1.2
