dynamic_pricing_dataset.csv
date,product_id,category,store,price,competitor_price,demand,actual_sales,inventory_level,revenue,profit,is_weekend,is_holiday,seasonal_factor,marketing_spend,weather_impact,price_elasticity
2022-01-08,PROD_0011,Electronics,Online_Store,418.22,471.39,176.0,176.0,392,73677.81,29471.13,True,False,1.041,0.0,1.065,-1.2
2022-01-15,PROD_0011,Electronics,Online_Store,530.67,520.49,73.0,73.0,112,38769.15,15507.66,True,False,1.077,0.0,1.058,-1.2
2022-01-22,PROD_0011,Electronics,Online_Store,401.47,416.36,165.0,165.0,388,66252.26,26500.9,True,False,1.111,0.0,0.99,-1.2
2022-01-29,PROD_0011,Electronics,Online_Store,423.25,530.02,163.0,163.0,219,68898.22,27559.29,True,False,1.144,0.0,0.98,-1.2
2022-02-12,PROD_0011,Electronics,Online_Store,479.45,467.29,150.0,150.0,165,72032.99,28813.2,True,False,1.202,0.0,0.993,-1.2
2022-02-26,PROD_0011,Electronics,Online_Store,461.42,427.35,135.0,135.0,215,62224.95,24889.98,True,False,1.249,0.0,1.01,-1.2
2022-03-05,PROD_0011,Electronics,Online_Store,548.32,499.65,116.0,116.0,234,63750.65,25500.26,True,False,1.268,0.0,0.975,-1.2
2022-03-12,PROD_0011,Electronics,Online_Store,520.0,509.77,82.0,82.0,121,42500.05,17000.02,True,False,1.282,0.0,0.855,-1.2
2022-03-19,PROD_0011,Electronics,Online_Store,376.4,372.03,225.0,71.0,71,26724.37,10689.75,True,False,1.292,0.0,1.124,-1.2
2022-03-26,PROD_0011,Electronics,Online_Store,358.79,373.49,244.0,68.0,68,24397.85,9759.14,True,False,1.298,0.0,1.02,-1.2
2022-04-02,PROD_0011,Electronics,Online_Store,483.32,495.8,90.0,90.0,487,43413.53,17365.41,True,False,1.3,0.0,1.116,-1.2
2022-04-09,PROD_0011,Electronics,Online_Store,558.14,556.44,146.0,87.0,87,48558.29,19423.32,True,False,1.297,0.0,0.838,-1.2
2022-04-16,PROD_0011,Electronics,Online_Store,403.68,484.44,202.0,202.0,412,81665.74,32666.3,True,False,1.29,0.0,1.071,-1.2
2022-04-23,PROD_0011,Electronics,Online_Store,391.07,398.92,190.0,100.0,100,39107.39,15642.96,True,False,1.279,0.0,0.924,-1.2
2022-04-30,PROD_0011,Electronics,Online_Store,473.0,445.75,66.0,66.0,261,31021.6,12408.64,True,False,1.264,0.0,0.911,-1.2
2022-05-07,PROD_0011,Electronics,Online_Store,456.78,419.88,122.0,122.0,274,55585.71,22234.28,True,False,1.245,0.0,0.968,-1.2
2022-05-21,PROD_0011,Electronics,Online_Store,463.1,444.58,152.0,152.0,236,70237.1,28094.84,True,False,1.197,0.0,0.937,-1.2
2022-05-28,PROD_0011,Electronics,Online_Store,504.68,421.59,115.0,115.0,327,57906.25,23162.5,True,False,1.168,0.0,1.118,-1.2
2022-06-04,PROD_0011,Electronics,Online_Store,458.87,455.59,143.0,64.0,64,29367.54,11747.01,True,False,1.137,0.0,0.992,-1.2
2022-06-11,PROD_0011,Electronics,Online_Store,375.89,453.02,167.0,167.0,211,62888.99,25155.6,True,False,1.104,0.0,1.07,-1.2
2022-06-18,PROD_0011,Electronics,Online_Store,419.16,459.49,105.0,105.0,487,43913.79,17565.51,True,False,1.069,0.0,0.93,-1.2
2022-07-02,PROD_0011,Electronics,Online_Store,538.14,492.12,122.0,106.0,106,57043.05,22817.22,True,False,0.997,0.0,0.918,-1.2
2022-07-09,PROD_0011,Electronics,Online_Store,419.26,390.81,106.0,86.0,86,36056.48,14422.59,True,False,0.961,0.0,0.995,-1.2
2022-07-16,PROD_0011,Electronics,Online_Store,466.91,451.46,98.0,74.0,74,34551.53,13820.61,True,False,0.926,0.0,1.107,-1.2
2022-07-30,PROD_0011,Electronics,Online_Store,386.67,505.6,145.0,101.0,101,39053.54,15621.42,True,False,0.859,0.0,1.098,-1.2
2022-08-06,PROD_0011,Electronics,Online_Store,442.02,441.57,90.0,90.0,283,39746.32,15898.53,True,False,0.828,0.0,1.016,-1.2
2022-08-13,PROD_0011,Electronics,Online_Store,479.81,472.94,100.0,100.0,169,47869.72,19147.89,True,False,0.8,0.0,1.074,-1.2
2022-08-20,PROD_0011,Electronics,Online_Store,417.73,439.95,92.0,92.0,269,38586.83,15434.73,True,False,0.774,0.0,0.937,-1.2
2022-09-03,PROD_0011,Electronics,Online_Store,418.0,462.95,104.0,104.0,456,43520.15,17408.06,True,False,0.734,0.0,0.762,-1.2
2022-09-10,PROD_0011,Electronics,Online_Store,525.17,513.82,74.0,74.0,393,39002.07,15600.83,True,False,0.719,0.0,0.934,-1.2
2022-10-01,PROD_0011,Electronics,Online_Store,450.21,494.68,80.0,80.0,101,36168.74,14467.5,True,False,0.7,0.0,1.001,-1.2
2022-10-15,PROD_0011,Electronics,Online_Store,351.62,418.6,77.0,77.0,192,27181.52,10872.61,True,False,0.709,0.0,1.14,-1.2
2022-10-22,PROD_0011,Electronics,Online_Store,422.37,382.12,69.0,69.0,147,29206.94,11682.78,True,False,0.72,0.0,1.184,-1.2
2022-11-05,PROD_0011,Electronics,Online_Store,400.14,355.19,87.0,87.0,158,34682.05,13872.82,True,False,0.754,0.0,0.96,-1.2
2022-11-19,PROD_0011,Electronics,Online_Store,468.56,416.22,100.0,100.0,448,46731.13,18692.45,True,False,0.802,0.0,1.046,-1.2
2022-11-26,PROD_0011,Electronics,Online_Store,630.27,527.72,56.0,56.0,402,35429.24,14171.7,True,False,0.83,0.0,0.841,-1.2
2022-12-10,PROD_0011,Electronics,Online_Store,366.61,344.97,106.0,106.0,263,39013.41,15605.36,True,False,0.894,0.0,1.056,-1.2
2022-12-17,PROD_0011,Electronics,Online_Store,595.48,479.74,62.0,62.0,97,37129.91,14851.96,True,False,0.928,0.0,1.005,-1.2
2022-12-24,PROD_0011,Electronics,Online_Store,346.53,461.55,219.0,219.0,454,76051.81,30420.73,True,True,0.964,0.0,0.995,-1.2
2022-12-31,PROD_0011,Electronics,Online_Store,419.24,453.04,134.0,134.0,201,56213.15,22485.26,True,True,1.0,0.0,1.112,-1.2
2023-01-14,PROD_0011,Electronics,Online_Store,425.97,443.68,109.0,109.0,351,46520.92,18608.37,True,False,1.072,0.0,0.95,-1.2
2023-01-21,PROD_0011,Electronics,Online_Store,456.55,419.71,131.0,131.0,383,59854.71,23941.88,True,False,1.106,0.0,1.045,-1.2
2023-02-18,PROD_0011,Electronics,Online_Store,390.01,431.7,143.0,68.0,68,26521.01,10608.4,True,False,1.224,0.0,0.871,-1.2
2023-02-25,PROD_0011,Electronics,Online_Store,447.21,446.97,148.0,148.0,299,66279.21,26511.68,True,False,1.246,0.0,1.054,-1.2
2023-03-04,PROD_0011,Electronics,Online_Store,369.44,390.53,114.0,114.0,142,42182.76,16873.1,True,False,1.265,0.0,1.002,-1.2
2023-03-11,PROD_0011,Electronics,Online_Store,481.13,445.65,81.0,69.0,69,33198.29,13279.32,True,False,1.28,0.0,1.033,-1.2
2023-04-01,PROD_0011,Electronics,Online_Store,529.32,481.61,119.0,119.0,358,62958.43,25183.37,True,False,1.3,0.0,0.839,-1.2
2023-04-08,PROD_0011,Electronics,Online_Store,540.12,420.87,165.0,165.0,463,89174.67,35669.87,True,False,1.298,0.0,1.01,-1.2
2023-04-15,PROD_0011,Electronics,Online_Store,462.44,405.57,110.0,110.0,219,50723.05,20289.22,True,False,1.292,0.0,0.977,-1.2
2023-04-22,PROD_0011,Electronics,Online_Store,368.83,446.51,173.0,173.0,314,63657.05,25462.82,True,False,1.281,0.0,0.997,-1.2
2023-04-29,PROD_0011,Electronics,Online_Store,430.0,449.34,164.0,143.0,143,61489.32,24595.73,True,False,1.266,0.0,1.024,-1.2
2023-05-06,PROD_0011,Electronics,Online_Store,567.15,461.85,120.0,120.0,430,68196.03,27278.41,True,False,1.248,0.0,0.805,-1.2
2023-05-13,PROD_0011,Electronics,Online_Store,460.8,489.44,182.0,182.0,288,84065.45,33626.18,True,False,1.226,0.0,1.02,-1.2
2023-05-20,PROD_0011,Electronics,Online_Store,478.16,425.02,100.0,100.0,495,47977.06,19190.82,True,False,1.2,0.0,0.994,-1.2
2023-05-27,PROD_0011,Electronics,Online_Store,411.17,419.62,153.0,144.0,144,59209.12,23683.65,True,False,1.172,0.0,0.879,-1.2
2023-06-03,PROD_0011,Electronics,Online_Store,396.28,377.65,185.0,185.0,435,73148.4,29259.36,True,False,1.141,0.0,1.031,-1.2
2023-06-17,PROD_0011,Electronics,Online_Store,430.41,435.82,100.0,100.0,110,42911.16,17164.46,True,False,1.074,0.0,1.023,-1.2
2023-06-24,PROD_0011,Electronics,Online_Store,435.41,376.85,183.0,183.0,321,79589.44,31835.78,True,False,1.039,0.0,0.957,-1.2
2023-07-08,PROD_0011,Electronics,Online_Store,498.94,505.08,135.0,83.0,83,41411.89,16564.76,True,False,0.967,0.0,1.086,-1.2
2023-08-05,PROD_0011,Electronics,Online_Store,588.22,527.82,87.0,87.0,482,50973.06,20389.22,True,False,0.832,0.0,1.012,-1.2
2023-08-12,PROD_0011,Electronics,Online_Store,533.62,520.16,54.0,54.0,301,29062.27,11624.91,True,False,0.803,0.0,0.911,-1.2
2023-08-19,PROD_0011,Electronics,Online_Store,611.03,503.1,47.0,47.0,60,28660.68,11464.27,True,False,0.778,0.0,1.14,-1.2
2023-09-02,PROD_0011,Electronics,Online_Store,332.83,355.29,119.0,119.0,322,39606.54,15842.61,True,False,0.736,0.0,1.006,-1.2
2023-09-09,PROD_0011,Electronics,Online_Store,472.5,453.71,72.0,72.0,256,33965.44,13586.18,True,False,0.721,0.0,0.891,-1.2
2023-09-16,PROD_0011,Electronics,Online_Store,519.08,403.78,53.0,53.0,151,27699.85,11079.94,True,False,0.71,0.0,0.994,-1.2
2023-09-23,PROD_0011,Electronics,Online_Store,365.25,426.0,152.0,55.0,55,20088.63,8035.45,True,False,0.703,0.0,0.978,-1.2
2023-10-07,PROD_0011,Electronics,Online_Store,429.94,451.55,114.0,68.0,68,29235.75,11694.3,True,False,0.702,0.0,0.918,-1.2
2023-10-14,PROD_0011,Electronics,Online_Store,443.84,433.57,117.0,59.0,59,26186.83,10474.73,True,False,0.708,0.0,1.07,-1.2
2023-10-21,PROD_0011,Electronics,Online_Store,437.02,401.19,85.0,85.0,359,37358.7,14943.48,True,False,0.718,0.0,0.91,-1.2
2023-10-28,PROD_0011,Electronics,Online_Store,526.62,454.11,81.0,81.0,291,42771.92,17108.77,True,False,0.732,0.0,1.131,-1.2
2023-11-04,PROD_0011,Electronics,Online_Store,523.61,442.46,83.0,83.0,448,43420.17,17368.07,True,False,0.751,0.0,0.831,-1.2
2023-11-11,PROD_0011,Electronics,Online_Store,545.32,510.89,66.0,66.0,190,35903.83,14361.53,True,False,0.773,0.0,0.976,-1.2
2023-11-18,PROD_0011,Electronics,Online_Store,412.29,433.51,127.0,127.0,420,52325.52,20930.21,True,False,0.798,0.0,1.004,-1.2
2023-11-25,PROD_0011,Electronics,Online_Store,532.7,481.57,94.0,94.0,392,50250.99,20100.4,True,False,0.826,0.0,1.066,-1.2
2023-12-02,PROD_0011,Electronics,Online_Store,503.47,485.22,102.0,102.0,167,51168.64,20467.45,True,False,0.856,0.0,1.141,-1.2
2023-12-09,PROD_0011,Electronics,Online_Store,389.29,389.72,141.0,141.0,201,54839.67,21935.87,True,False,0.889,0.0,0.922,-1.2
2023-12-16,PROD_0011,Electronics,Online_Store,345.1,403.98,148.0,148.0,211,51198.09,20479.24,True,False,0.923,0.0,1.136,-1.2
2023-12-23,PROD_0011,Electronics,Online_Store,562.09,497.75,77.0,77.0,450,43200.1,17280.04,True,True,0.959,0.0,0.928,-1.2
2023-12-30,PROD_0011,Electronics,Online_Store,338.35,323.34,158.0,158.0,480,53575.34,21430.13,True,True,0.995,0.0,1.063,-1.2
