dynamic_pricing_dataset.csv
date,product_id,category,store,price,competitor_price,demand,actual_sales,inventory_level,revenue,profit,is_weekend,is_holiday,seasonal_factor,marketing_spend,weather_impact,price_elasticity
2022-01-01,PROD_0012,Electronics,Online_Store,450.17,358.87,114.0,114.0,478,51201.25,20480.5,True,False,1.005,0.0,0.957,-1.2
2022-01-15,PROD_0012,Electronics,Online_Store,570.87,457.06,63.0,63.0,291,36103.08,14441.23,True,False,1.077,0.0,1.064,-1.2
2022-01-22,PROD_0012,Electronics,Online_Store,499.37,442.16,131.0,70.0,70,34955.68,13982.27,True,False,1.111,0.0,1.008,-1.2
2022-02-05,PROD_0012,Electronics,Online_Store,471.08,499.53,146.0,146.0,266,68951.3,27580.52,True,False,1.174,0.0,1.061,-1.2
2022-02-12,PROD_0012,Electronics,Online_Store,493.59,441.26,150.0,150.0,237,74044.63,29617.85,True,False,1.202,0.0,1.129,-1.2
2022-03-12,PROD_0012,Electronics,Online_Store,300.98,387.15,375.0,297.0,297,89391.27,35756.51,True,False,1.282,0.0,0.991,-1.2
2022-03-19,PROD_0012,Electronics,Online_Store,526.75,459.7,131.0,131.0,447,68748.86,27499.54,True,False,1.292,0.0,1.065,-1.2
2022-03-26,PROD_0012,Electronics,Online_Store,474.77,464.62,72.0,72.0,276,34051.77,13620.71,True,False,1.298,0.0,1.021,-1.2
2022-04-09,PROD_0012,Electronics,Online_Store,572.76,549.1,129.0,129.0,196,73905.54,29562.22,True,False,1.297,0.0,0.944,-1.2
2022-04-16,PROD_0012,Electronics,Online_Store,480.52,499.88,64.0,64.0,244,30975.25,12390.1,True,False,1.29,0.0,1.072,-1.2
2022-05-07,PROD_0012,Electronics,Online_Store,453.32,431.15,152.0,152.0,164,68770.35,27508.14,True,False,1.245,0.0,0.926,-1.2
2022-05-14,PROD_0012,Electronics,Online_Store,434.37,411.31,126.0,126.0,169,54672.4,21868.96,True,False,1.222,0.0,0.927,-1.2
2022-05-21,PROD_0012,Electronics,Online_Store,435.75,445.79,148.0,148.0,459,64486.03,25794.41,True,False,1.197,0.0,0.924,-1.2
2022-06-04,PROD_0012,Electronics,Online_Store,468.76,457.89,132.0,53.0,53,24844.22,9937.69,True,False,1.137,0.0,1.071,-1.2
2022-06-11,PROD_0012,Electronics,Online_Store,531.21,428.69,79.0,79.0,326,41791.63,16716.65,True,False,1.104,0.0,1.227,-1.2
2022-06-25,PROD_0012,Electronics,Online_Store,569.75,504.48,94.0,94.0,445,53428.56,21371.42,True,False,1.033,0.0,0.94,-1.2
2022-07-02,PROD_0012,Electronics,Online_Store,429.38,419.85,88.0,88.0,347,37969.51,15187.8,True,False,0.997,0.0,1.176,-1.2
2022-07-09,PROD_0012,Electronics,Online_Store,457.78,392.84,146.0,146.0,371,66741.17,26696.47,True,False,0.961,0.0,0.977,-1.2
2022-07-16,PROD_0012,Electronics,Online_Store,372.33,446.86,117.0,117.0,471,43729.47,17491.79,True,False,0.926,0.0,1.036,-1.2
2022-07-23,PROD_0012,Electronics,Online_Store,465.36,484.39,124.0,124.0,438,57745.33,23098.13,True,False,0.891,0.0,1.15,-1.2
2022-07-30,PROD_0012,Electronics,Online_Store,480.84,395.74,102.0,102.0,492,48812.31,19524.92,True,False,0.859,0.0,0.895,-1.2
2022-08-06,PROD_0012,Electronics,Online_Store,409.3,490.55,120.0,120.0,432,48972.48,19588.99,True,False,0.828,0.0,0.92,-1.2
2022-08-13,PROD_0012,Electronics,Online_Store,438.63,403.1,120.0,120.0,299,52487.32,20994.93,True,False,0.8,0.0,1.033,-1.2
2022-08-20,PROD_0012,Electronics,Online_Store,439.46,453.51,120.0,120.0,483,52782.32,21112.93,True,False,0.774,0.0,0.912,-1.2
2022-09-03,PROD_0012,Electronics,Online_Store,490.49,436.08,125.0,56.0,56,27467.41,10986.96,True,False,0.734,0.0,1.013,-1.2
2022-09-17,PROD_0012,Electronics,Online_Store,496.19,455.17,59.0,59.0,308,29437.75,11775.1,True,False,0.708,0.0,0.961,-1.2
2022-09-24,PROD_0012,Electronics,Online_Store,431.04,426.72,73.0,73.0,358,31621.98,12648.79,True,False,0.702,0.0,0.844,-1.2
2022-10-08,PROD_0012,Electronics,Online_Store,430.43,372.81,92.0,92.0,432,39803.89,15921.56,True,False,0.702,0.0,1.079,-1.2
2022-11-12,PROD_0012,Electronics,Online_Store,379.5,363.52,69.0,69.0,350,26166.01,10466.41,True,False,0.776,0.0,0.902,-1.2
2022-11-19,PROD_0012,Electronics,Online_Store,474.96,458.79,50.0,50.0,493,23586.98,9434.79,True,False,0.802,0.0,1.035,-1.2
2022-12-03,PROD_0012,Electronics,Online_Store,433.59,452.42,157.0,157.0,269,68105.96,27242.38,True,False,0.861,0.0,1.053,-1.2
2022-12-10,PROD_0012,Electronics,Online_Store,331.62,305.28,142.0,142.0,289,46984.07,18793.63,True,False,0.894,0.0,1.012,-1.2
2022-12-17,PROD_0012,Electronics,Online_Store,438.0,452.86,130.0,130.0,220,56753.05,22701.22,True,False,0.928,0.0,1.013,-1.2
2022-12-31,PROD_0012,Electronics,Online_Store,308.29,374.26,187.0,187.0,267,57497.32,22998.93,True,True,1.0,0.0,1.081,-1.2
2023-01-07,PROD_0012,Electronics,Online_Store,475.61,431.85,140.0,140.0,304,66574.09,26629.64,True,False,1.036,0.0,0.911,-1.2
2023-01-14,PROD_0012,Electronics,Online_Store,440.06,407.79,114.0,114.0,155,50229.72,20091.89,True,False,1.072,0.0,0.82,-1.2
2023-01-21,PROD_0012,Electronics,Online_Store,433.41,424.16,147.0,54.0,54,23403.92,9361.57,True,False,1.106,0.0,0.981,-1.2
2023-01-28,PROD_0012,Electronics,Online_Store,490.77,405.86,123.0,57.0,57,27973.76,11189.5,True,False,1.139,0.0,1.031,-1.2
2023-02-04,PROD_0012,Electronics,Online_Store,454.36,395.6,160.0,160.0,405,72845.43,29138.17,True,False,1.17,0.0,0.977,-1.2
2023-02-25,PROD_0012,Electronics,Online_Store,495.31,423.73,165.0,165.0,386,81565.74,32626.29,True,False,1.246,0.0,0.941,-1.2
2023-03-04,PROD_0012,Electronics,Online_Store,403.74,454.62,224.0,224.0,384,90472.1,36188.84,True,False,1.265,0.0,0.985,-1.2
2023-03-11,PROD_0012,Electronics,Online_Store,492.54,448.56,98.0,98.0,333,48150.8,19260.32,True,False,1.28,0.0,1.082,-1.2
2023-03-25,PROD_0012,Electronics,Online_Store,540.1,514.52,108.0,108.0,428,58455.94,23382.38,True,False,1.298,0.0,1.025,-1.2
2023-04-15,PROD_0012,Electronics,Online_Store,415.28,361.57,182.0,166.0,166,68936.49,27574.6,True,False,1.292,0.0,1.061,-1.2
2023-04-29,PROD_0012,Electronics,Online_Store,504.98,406.39,151.0,151.0,382,76343.56,30537.43,True,False,1.266,0.0,0.958,-1.2
2023-05-06,PROD_0012,Electronics,Online_Store,418.74,370.49,106.0,106.0,453,44445.55,17778.22,True,False,1.248,0.0,1.04,-1.2
2023-05-20,PROD_0012,Electronics,Online_Store,367.49,396.86,108.0,89.0,89,32706.93,13082.77,True,False,1.2,0.0,0.786,-1.2
2023-05-27,PROD_0012,Electronics,Online_Store,408.99,408.38,150.0,150.0,425,61446.33,24578.53,True,False,1.172,0.0,0.857,-1.2
2023-06-24,PROD_0012,Electronics,Online_Store,474.35,518.6,166.0,112.0,112,53126.83,21250.73,True,False,1.039,0.0,0.969,-1.2
2023-07-01,PROD_0012,Electronics,Online_Store,584.45,486.4,100.0,100.0,121,58615.74,23446.29,True,False,1.003,0.0,0.859,-1.2
2023-07-08,PROD_0012,Electronics,Online_Store,253.35,321.66,286.0,286.0,383,72423.8,28969.52,True,False,0.967,0.0,1.132,-1.2
2023-07-29,PROD_0012,Electronics,Online_Store,414.0,420.3,127.0,127.0,196,52606.46,21042.59,True,False,0.863,0.0,0.876,-1.2
2023-08-05,PROD_0012,Electronics,Online_Store,434.0,454.51,69.0,69.0,470,29938.22,11975.29,True,False,0.832,0.0,0.979,-1.2
2023-08-19,PROD_0012,Electronics,Online_Store,509.87,443.65,82.0,82.0,133,41678.03,16671.21,True,False,0.778,0.0,0.944,-1.2
2023-08-26,PROD_0012,Electronics,Online_Store,469.4,477.68,90.0,90.0,266,42127.37,16850.95,True,False,0.755,0.0,0.972,-1.2
2023-09-02,PROD_0012,Electronics,Online_Store,560.78,487.17,77.0,77.0,469,43212.62,17285.05,True,False,0.736,0.0,1.032,-1.2
2023-09-09,PROD_0012,Electronics,Online_Store,498.34,433.31,87.0,87.0,411,43309.51,17323.8,True,False,0.721,0.0,0.957,-1.2
2023-09-16,PROD_0012,Electronics,Online_Store,553.73,482.1,84.0,84.0,165,46425.02,18570.01,True,False,0.71,0.0,0.858,-1.2
2023-09-30,PROD_0012,Electronics,Online_Store,548.53,469.99,62.0,62.0,235,34223.1,13689.24,True,False,0.7,0.0,1.03,-1.2
2023-10-07,PROD_0012,Electronics,Online_Store,609.25,493.05,65.0,65.0,95,39476.68,15790.67,True,False,0.702,0.0,1.02,-1.2
2023-10-14,PROD_0012,Electronics,Online_Store,494.88,448.36,63.0,63.0,406,31323.38,12529.35,True,False,0.708,0.0,0.955,-1.2
2023-11-04,PROD_0012,Electronics,Online_Store,523.05,431.34,96.0,96.0,151,50467.56,20187.03,True,False,0.751,0.0,1.029,-1.2
2023-11-18,PROD_0012,Electronics,Online_Store,558.89,484.51,83.0,83.0,331,46451.8,18580.72,True,False,0.798,0.0,1.045,-1.2
2023-11-25,PROD_0012,Electronics,Online_Store,494.29,433.47,71.0,71.0,299,34869.59,13947.84,True,False,0.826,0.0,1.074,-1.2
2023-12-02,PROD_0012,Electronics,Online_Store,528.69,533.55,104.0,104.0,235,54946.78,21978.71,True,False,0.856,0.0,1.163,-1.2
2023-12-09,PROD_0012,Electronics,Online_Store,397.27,433.72,117.0,117.0,162,46505.63,18602.25,True,False,0.889,0.0,0.95,-1.2
2023-12-16,PROD_0012,Electronics,Online_Store,535.98,554.01,101.0,79.0,79,42342.68,16937.07,True,False,0.923,0.0,0.967,-1.2
2023-12-30,PROD_0012,Electronics,Online_Store,347.77,322.25,182.0,141.0,141,49035.6,19614.24,True,True,0.995,0.0,0.936,-1.2
