dynamic_pricing_dataset.csv
date,product_id,category,store,price,competitor_price,demand,actual_sales,inventory_level,revenue,profit,is_weekend,is_holiday,seasonal_factor,marketing_spend,weather_impact,price_elasticity
2022-01-01,PROD_0013,Electronics,Online_Store,360.28,407.79,194.0,194.0,379,69838.67,27935.47,True,False,1.005,0.0,1.071,-1.2
2022-01-08,PROD_0013,Electronics,Online_Store,505.62,434.06,170.0,170.0,374,85954.71,34381.89,True,False,1.041,0.0,0.954,-1.2
2022-01-15,PROD_0013,Electronics,Online_Store,407.16,461.27,181.0,181.0,403,73830.66,29532.27,True,False,1.077,0.0,1.048,-1.2
2022-01-22,PROD_0013,Electronics,Online_Store,599.69,508.55,68.0,68.0,196,40603.02,16241.21,True,False,1.111,0.0,0.973,-1.2
2022-01-29,PROD_0013,Electronics,Online_Store,428.39,381.82,142.0,142.0,468,60963.59,24385.43,True,False,1.144,0.0,0.976,-1.2
2022-02-05,PROD_0013,Electronics,Online_Store,441.64,444.57,182.0,182.0,409,80582.9,32233.16,True,False,1.174,0.0,1.058,-1.2
2022-02-12,PROD_0013,Electronics,Online_Store,413.88,475.44,136.0,132.0,132,54632.19,21852.88,True,False,1.202,0.0,0.983,-1.2
2022-02-19,PROD_0013,Electronics,Online_Store,528.1,463.49,132.0,132.0,316,69923.08,27969.23,True,False,1.227,0.0,1.054,-1.2
2022-02-26,PROD_0013,Electronics,Online_Store,359.95,358.28,254.0,185.0,185,66590.95,26636.38,True,False,1.249,0.0,1.042,-1.2
2022-03-05,PROD_0013,Electronics,Online_Store,427.58,451.4,156.0,156.0,253,66862.17,26744.87,True,False,1.268,0.0,1.097,-1.2
2022-03-12,PROD_0013,Electronics,Online_Store,475.72,483.41,153.0,153.0,335,72557.56,29023.02,True,False,1.282,0.0,1.06,-1.2
2022-03-19,PROD_0013,Electronics,Online_Store,470.88,450.4,154.0,92.0,92,43320.57,17328.23,True,False,1.292,0.0,0.852,-1.2
2022-03-26,PROD_0013,Electronics,Online_Store,452.17,511.21,149.0,149.0,339,67592.49,27037.0,True,False,1.298,0.0,0.75,-1.2
2022-04-02,PROD_0013,Electronics,Online_Store,402.08,429.21,196.0,196.0,232,78622.62,31449.05,True,False,1.3,0.0,1.028,-1.2
2022-04-09,PROD_0013,Electronics,Online_Store,519.85,431.03,117.0,115.0,115,59782.45,23912.98,True,False,1.297,0.0,1.081,-1.2
2022-04-16,PROD_0013,Electronics,Online_Store,522.25,433.4,108.0,108.0,480,56280.92,22512.37,True,False,1.29,0.0,1.187,-1.2
2022-04-30,PROD_0013,Electronics,Online_Store,508.55,498.18,96.0,96.0,229,48808.59,19523.44,True,False,1.264,0.0,0.999,-1.2
2022-05-21,PROD_0013,Electronics,Online_Store,454.55,449.2,116.0,116.0,465,52703.44,21081.38,True,False,1.197,0.0,0.916,-1.2
2022-06-11,PROD_0013,Electronics,Online_Store,359.35,439.14,190.0,190.0,465,68229.69,27291.87,True,False,1.104,0.0,0.981,-1.2
2022-06-18,PROD_0013,Electronics,Online_Store,446.27,452.79,159.0,159.0,343,71150.93,28460.37,True,False,1.069,0.0,1.043,-1.2
2022-06-25,PROD_0013,Electronics,Online_Store,393.95,414.06,235.0,235.0,250,92568.09,37027.24,True,False,1.033,0.0,0.803,-1.2
2022-07-02,PROD_0013,Electronics,Online_Store,512.66,494.0,146.0,146.0,432,74734.05,29893.62,True,False,0.997,0.0,0.98,-1.2
2022-07-09,PROD_0013,Electronics,Online_Store,293.68,353.82,145.0,145.0,247,42725.61,17090.24,True,False,0.961,0.0,0.997,-1.2
2022-07-16,PROD_0013,Electronics,Online_Store,512.61,500.62,98.0,98.0,499,49993.93,19997.57,True,False,0.926,0.0,0.872,-1.2
2022-07-30,PROD_0013,Electronics,Online_Store,479.31,435.67,71.0,71.0,353,33981.48,13592.59,True,False,0.859,0.0,1.022,-1.2
2022-08-06,PROD_0013,Electronics,Online_Store,525.04,484.67,63.0,63.0,100,33152.49,13261.0,True,False,0.828,0.0,1.045,-1.2
2022-08-13,PROD_0013,Electronics,Online_Store,497.0,427.99,78.0,78.0,471,38741.13,15496.45,True,False,0.8,0.0,1.006,-1.2
2022-08-20,PROD_0013,Electronics,Online_Store,494.8,450.39,62.0,62.0,406,30586.79,12234.72,True,False,0.774,0.0,0.901,-1.2
2022-08-27,PROD_0013,Electronics,Online_Store,523.69,467.97,102.0,102.0,229,53664.76,21465.9,True,False,0.752,0.0,0.921,-1.2
2022-09-10,PROD_0013,Electronics,Online_Store,391.63,383.2,99.0,62.0,62,24281.26,9712.5,True,False,0.719,0.0,0.948,-1.2
2022-09-17,PROD_0013,Electronics,Online_Store,373.72,471.91,102.0,102.0,463,38108.67,15243.47,True,False,0.708,0.0,1.073,-1.2
2022-10-01,PROD_0013,Electronics,Online_Store,579.11,504.16,67.0,67.0,77,39023.24,15609.3,True,False,0.7,0.0,1.182,-1.2
2022-10-08,PROD_0013,Electronics,Online_Store,423.51,468.67,111.0,111.0,384,46886.58,18754.63,True,False,0.702,0.0,0.852,-1.2
2022-10-15,PROD_0013,Electronics,Online_Store,407.6,503.43,111.0,111.0,293,45281.37,18112.55,True,False,0.709,0.0,1.051,-1.2
2022-10-22,PROD_0013,Electronics,Online_Store,420.55,397.87,95.0,95.0,499,39974.82,15989.93,True,False,0.72,0.0,0.882,-1.2
2022-10-29,PROD_0013,Electronics,Online_Store,538.25,516.47,74.0,74.0,188,40050.89,16020.35,True,False,0.735,0.0,0.912,-1.2
2022-11-05,PROD_0013,Electronics,Online_Store,351.99,407.41,143.0,143.0,395,50255.28,20102.11,True,False,0.754,0.0,0.982,-1.2
2022-11-12,PROD_0013,Electronics,Online_Store,451.72,438.51,102.0,102.0,329,46226.5,18490.6,True,False,0.776,0.0,0.985,-1.2
2022-11-19,PROD_0013,Electronics,Online_Store,373.11,405.93,138.0,127.0,127,47384.67,18953.87,True,False,0.802,0.0,1.035,-1.2
2022-11-26,PROD_0013,Electronics,Online_Store,338.83,367.8,153.0,153.0,335,51848.98,20739.59,True,False,0.83,0.0,1.122,-1.2
2022-12-03,PROD_0013,Electronics,Online_Store,386.96,425.51,135.0,135.0,207,52392.78,20957.11,True,False,0.861,0.0,0.9,-1.2
2022-12-10,PROD_0013,Electronics,Online_Store,368.67,442.3,171.0,121.0,121,44609.59,17843.83,True,False,0.894,0.0,1.045,-1.2
2022-12-17,PROD_0013,Electronics,Online_Store,479.31,430.9,159.0,151.0,151,72375.76,28950.31,True,False,0.928,0.0,0.989,-1.2
2022-12-24,PROD_0013,Electronics,Online_Store,526.72,470.5,85.0,85.0,340,44583.61,17833.45,True,True,0.964,0.0,1.014,-1.2
2022-12-31,PROD_0013,Electronics,Online_Store,534.89,500.45,88.0,88.0,146,47254.07,18901.63,True,True,1.0,0.0,1.128,-1.2
2023-01-07,PROD_0013,Electronics,Online_Store,495.14,440.24,105.0,105.0,437,52118.56,20847.42,True,False,1.036,0.0,1.015,-1.2
2023-01-21,PROD_0013,Electronics,Online_Store,475.16,413.52,114.0,114.0,422,53975.98,21590.39,True,False,1.106,0.0,0.835,-1.2
2023-01-28,PROD_0013,Electronics,Online_Store,570.81,452.9,90.0,90.0,201,51162.62,20465.05,True,False,1.139,0.0,1.008,-1.2
2023-02-04,PROD_0013,Electronics,Online_Store,632.77,522.86,65.0,65.0,173,41328.71,16531.48,True,False,1.17,0.0,0.96,-1.2
2023-02-18,PROD_0013,Electronics,Online_Store,507.18,493.73,73.0,73.0,408,37232.0,14892.8,True,False,1.224,0.0,1.214,-1.2
2023-02-25,PROD_0013,Electronics,Online_Store,555.84,493.51,78.0,78.0,92,43201.84,17280.73,True,False,1.246,0.0,1.091,-1.2
2023-03-04,PROD_0013,Electronics,Online_Store,333.95,409.73,153.0,75.0,75,25046.03,10018.41,True,False,1.265,0.0,1.147,-1.2
2023-03-11,PROD_0013,Electronics,Online_Store,481.72,402.88,178.0,178.0,460,85978.29,34391.32,True,False,1.28,0.0,0.901,-1.2
2023-03-18,PROD_0013,Electronics,Online_Store,411.77,433.78,194.0,194.0,359,79981.94,31992.78,True,False,1.291,0.0,0.907,-1.2
2023-03-25,PROD_0013,Electronics,Online_Store,506.64,432.01,136.0,136.0,216,68705.75,27482.3,True,False,1.298,0.0,1.002,-1.2
2023-04-01,PROD_0013,Electronics,Online_Store,502.53,456.65,146.0,146.0,351,73244.65,29297.86,True,False,1.3,0.0,0.896,-1.2
2023-04-08,PROD_0013,Electronics,Online_Store,414.78,418.74,186.0,186.0,332,76998.54,30799.42,True,False,1.298,0.0,0.991,-1.2
2023-04-15,PROD_0013,Electronics,Online_Store,469.15,488.25,174.0,174.0,418,81582.42,32632.97,True,False,1.292,0.0,0.984,-1.2
2023-04-22,PROD_0013,Electronics,Online_Store,505.34,497.6,94.0,94.0,384,47629.45,19051.78,True,False,1.281,0.0,0.9,-1.2
2023-04-29,PROD_0013,Electronics,Online_Store,585.96,524.09,105.0,105.0,359,61634.24,24653.69,True,False,1.266,0.0,1.065,-1.2
2023-05-13,PROD_0013,Electronics,Online_Store,523.67,469.1,111.0,111.0,118,58322.32,23328.93,True,False,1.226,0.0,1.111,-1.2
2023-05-27,PROD_0013,Electronics,Online_Store,474.63,458.69,138.0,87.0,87,41292.66,16517.06,True,False,1.172,0.0,1.04,-1.2
2023-06-03,PROD_0013,Electronics,Online_Store,409.82,423.39,157.0,157.0,490,64409.85,25763.94,True,False,1.141,0.0,0.973,-1.2
2023-06-10,PROD_0013,Electronics,Online_Store,456.88,469.15,142.0,142.0,363,64848.62,25939.45,True,False,1.109,0.0,0.909,-1.2
2023-06-17,PROD_0013,Electronics,Online_Store,458.69,427.82,105.0,105.0,268,48243.13,19297.25,True,False,1.074,0.0,0.813,-1.2
2023-07-01,PROD_0013,Electronics,Online_Store,456.34,439.05,115.0,115.0,128,52259.65,20903.86,True,False,1.003,0.0,1.046,-1.2
2023-07-15,PROD_0013,Electronics,Online_Store,457.47,467.91,130.0,57.0,57,26075.55,10430.22,True,False,0.931,0.0,0.883,-1.2
2023-07-22,PROD_0013,Electronics,Online_Store,553.39,564.0,107.0,107.0,311,59453.43,23781.37,True,False,0.896,0.0,1.032,-1.2
2023-07-29,PROD_0013,Electronics,Online_Store,516.37,502.35,118.0,107.0,107,55252.12,22100.85,True,False,0.863,0.0,0.902,-1.2
2023-08-05,PROD_0013,Electronics,Online_Store,482.87,423.33,81.0,81.0,147,39305.37,15722.15,True,False,0.832,0.0,1.08,-1.2
2023-08-12,PROD_0013,Electronics,Online_Store,338.46,393.99,165.0,86.0,86,29107.21,11642.88,True,False,0.803,0.0,0.99,-1.2
2023-09-02,PROD_0013,Electronics,Online_Store,433.63,466.67,122.0,122.0,397,53093.41,21237.36,True,False,0.736,0.0,0.863,-1.2
2023-09-09,PROD_0013,Electronics,Online_Store,527.61,464.66,74.0,50.0,50,26380.54,10552.22,True,False,0.721,0.0,0.88,-1.2
2023-09-16,PROD_0013,Electronics,Online_Store,394.82,458.19,108.0,108.0,406,42822.52,17129.01,True,False,0.71,0.0,1.116,-1.2
2023-10-14,PROD_0013,Electronics,Online_Store,402.2,411.81,93.0,93.0,365,37206.23,14882.49,True,False,0.708,0.0,1.085,-1.2
2023-10-28,PROD_0013,Electronics,Online_Store,434.67,445.71,88.0,88.0,276,38428.09,15371.23,True,False,0.732,0.0,1.095,-1.2
2023-11-04,PROD_0013,Electronics,Online_Store,387.14,405.08,111.0,111.0,288,42968.97,17187.59,True,False,0.751,0.0,0.938,-1.2
2023-11-11,PROD_0013,Electronics,Online_Store,460.95,466.56,88.0,88.0,460,40353.74,16141.49,True,False,0.773,0.0,1.025,-1.2
2023-11-18,PROD_0013,Electronics,Online_Store,409.01,400.29,117.0,117.0,348,47929.69,19171.88,True,False,0.798,0.0,1.06,-1.2
2023-12-09,PROD_0013,Electronics,Online_Store,387.62,407.02,150.0,150.0,450,58286.17,23314.47,True,False,0.889,0.0,1.1,-1.2
2023-12-16,PROD_0013,Electronics,Online_Store,415.35,417.44,136.0,136.0,486,56456.5,22582.6,True,False,0.923,0.0,1.005,-1.2
2023-12-23,PROD_0013,Electronics,Online_Store,467.74,488.15,91.0,91.0,375,42373.24,16949.3,True,True,0.959,0.0,1.032,-1.2
