dynamic_pricing_dataset.csv
date,product_id,category,store,price,competitor_price,demand,actual_sales,inventory_level,revenue,profit,is_weekend,is_holiday,seasonal_factor,marketing_spend,weather_impact,price_elasticity
2022-01-01,PROD_0014,Electronics,Online_Store,422.38,468.72,118.0,118.0,462,49958.05,19983.22,True,False,1.005,0.0,0.994,-1.2
2022-01-08,PROD_0014,Electronics,Online_Store,470.4,493.27,143.0,143.0,368,67256.18,26902.47,True,False,1.041,0.0,1.129,-1.2
2022-01-15,PROD_0014,Electronics,Online_Store,484.46,410.74,153.0,153.0,231,74109.81,29643.92,True,False,1.077,0.0,0.896,-1.2
2022-01-22,PROD_0014,Electronics,Online_Store,453.64,459.53,123.0,123.0,157,56013.05,22405.22,True,False,1.111,0.0,0.949,-1.2
2022-01-29,PROD_0014,Electronics,Online_Store,429.8,459.68,189.0,189.0,470,81155.13,32462.05,True,False,1.144,0.0,0.923,-1.2
2022-02-19,PROD_0014,Electronics,Online_Store,547.49,474.37,118.0,118.0,183,64467.34,25786.93,True,False,1.227,0.0,0.944,-1.2
2022-03-05,PROD_0014,Electronics,Online_Store,426.44,503.44,200.0,63.0,63,26865.62,10746.25,True,False,1.268,0.0,1.185,-1.2
2022-03-12,PROD_0014,Electronics,Online_Store,546.04,490.18,106.0,106.0,128,57711.48,23084.59,True,False,1.282,0.0,1.041,-1.2
2022-03-26,PROD_0014,Electronics,Online_Store,498.95,469.4,76.0,76.0,381,37690.84,15076.33,True,False,1.298,0.0,1.181,-1.2
2022-04-09,PROD_0014,Electronics,Online_Store,644.45,562.74,108.0,108.0,115,69651.64,27860.66,True,False,1.297,0.0,0.98,-1.2
2022-04-23,PROD_0014,Electronics,Online_Store,492.37,436.0,127.0,127.0,229,62313.21,24925.29,True,False,1.279,0.0,1.042,-1.2
2022-05-07,PROD_0014,Electronics,Online_Store,507.51,491.06,113.0,59.0,59,29943.04,11977.22,True,False,1.245,0.0,1.226,-1.2
2022-05-14,PROD_0014,Electronics,Online_Store,514.39,482.69,88.0,88.0,285,45021.6,18008.64,True,False,1.222,0.0,1.091,-1.2
2022-05-21,PROD_0014,Electronics,Online_Store,361.69,441.09,153.0,149.0,149,53891.56,21556.62,True,False,1.197,0.0,1.068,-1.2
2022-05-28,PROD_0014,Electronics,Online_Store,461.15,425.57,103.0,103.0,390,47318.63,18927.45,True,False,1.168,0.0,0.971,-1.2
2022-06-04,PROD_0014,Electronics,Online_Store,482.27,501.76,124.0,124.0,136,59792.54,23917.02,True,False,1.137,0.0,0.887,-1.2
2022-06-18,PROD_0014,Electronics,Online_Store,532.25,435.2,130.0,130.0,499,68996.83,27598.73,True,False,1.069,0.0,0.937,-1.2
2022-06-25,PROD_0014,Electronics,Online_Store,450.42,399.37,130.0,71.0,71,31979.73,12791.89,True,False,1.033,0.0,0.876,-1.2
2022-07-02,PROD_0014,Electronics,Online_Store,575.28,482.69,83.0,83.0,326,47725.64,19090.26,True,False,0.997,0.0,0.92,-1.2
2022-07-30,PROD_0014,Electronics,Online_Store,354.19,436.03,132.0,132.0,198,46720.79,18688.32,True,False,0.859,0.0,0.766,-1.2
2022-08-06,PROD_0014,Electronics,Online_Store,460.69,459.08,106.0,106.0,181,49038.81,19615.53,True,False,0.828,0.0,1.016,-1.2
2022-08-13,PROD_0014,Electronics,Online_Store,456.24,398.53,39.0,39.0,247,17889.09,7155.64,True,False,0.8,0.0,0.882,-1.2
2022-08-20,PROD_0014,Electronics,Online_Store,429.8,447.84,71.0,71.0,382,30500.77,12200.31,True,False,0.774,0.0,0.984,-1.2
2022-09-10,PROD_0014,Electronics,Online_Store,362.03,410.37,120.0,54.0,54,19549.68,7819.87,True,False,0.719,0.0,1.015,-1.2
2022-09-17,PROD_0014,Electronics,Online_Store,403.74,429.21,91.0,91.0,102,36800.53,14720.21,True,False,0.708,0.0,1.064,-1.2
2022-09-24,PROD_0014,Electronics,Online_Store,485.09,490.81,126.0,126.0,267,60929.01,24371.61,True,False,0.702,0.0,1.073,-1.2
2022-10-01,PROD_0014,Electronics,Online_Store,471.94,464.53,105.0,105.0,295,49749.22,19899.69,True,False,0.7,0.0,0.709,-1.2
2022-10-08,PROD_0014,Electronics,Online_Store,500.16,489.82,76.0,76.0,410,38106.57,15242.63,True,False,0.702,0.0,1.014,-1.2
2022-10-15,PROD_0014,Electronics,Online_Store,511.98,443.27,51.0,51.0,118,26355.0,10542.0,True,False,0.709,0.0,1.052,-1.2
2022-10-22,PROD_0014,Electronics,Online_Store,459.43,471.15,90.0,90.0,116,41297.99,16519.2,True,False,0.72,0.0,1.029,-1.2
2022-10-29,PROD_0014,Electronics,Online_Store,441.9,522.86,40.0,40.0,349,17810.93,7124.37,True,False,0.735,0.0,1.057,-1.2
2022-11-05,PROD_0014,Electronics,Online_Store,596.68,485.09,65.0,65.0,416,38863.08,15545.23,True,False,0.754,0.0,0.961,-1.2
2022-11-12,PROD_0014,Electronics,Online_Store,416.94,454.26,96.0,96.0,125,39980.84,15992.33,True,False,0.776,0.0,1.134,-1.2
2022-11-19,PROD_0014,Electronics,Online_Store,501.85,473.81,91.0,55.0,55,27601.84,11040.74,True,False,0.802,0.0,0.884,-1.2
2022-11-26,PROD_0014,Electronics,Online_Store,525.72,434.08,56.0,56.0,375,29296.01,11718.4,True,False,0.83,0.0,0.942,-1.2
2022-12-17,PROD_0014,Electronics,Online_Store,354.51,417.1,152.0,151.0,151,53531.32,21412.53,True,False,0.928,0.0,0.969,-1.2
2022-12-24,PROD_0014,Electronics,Online_Store,385.67,448.66,115.0,59.0,59,22754.77,9101.91,True,True,0.964,0.0,1.009,-1.2
2022-12-31,PROD_0014,Electronics,Online_Store,486.85,506.91,71.0,71.0,383,34718.77,13887.51,True,True,1.0,0.0,0.945,-1.2
2023-01-07,PROD_0014,Electronics,Online_Store,421.99,488.84,182.0,135.0,135,56969.22,22787.69,True,False,1.036,0.0,0.935,-1.2
2023-01-14,PROD_0014,Electronics,Online_Store,477.01,473.05,137.0,137.0,247,65210.56,26084.22,True,False,1.072,0.0,0.94,-1.2
2023-01-21,PROD_0014,Electronics,Online_Store,538.66,481.69,125.0,125.0,310,67228.57,26891.43,True,False,1.106,0.0,1.024,-1.2
2023-01-28,PROD_0014,Electronics,Online_Store,375.33,460.72,183.0,183.0,432,68563.31,27425.33,True,False,1.139,0.0,1.072,-1.2
2023-02-04,PROD_0014,Electronics,Online_Store,485.13,487.57,115.0,115.0,431,55841.52,22336.61,True,False,1.17,0.0,0.938,-1.2
2023-02-18,PROD_0014,Electronics,Online_Store,479.18,412.84,93.0,93.0,356,44791.58,17916.63,True,False,1.224,0.0,1.122,-1.2
2023-02-25,PROD_0014,Electronics,Online_Store,432.55,453.68,190.0,182.0,182,78724.5,31489.8,True,False,1.246,0.0,0.924,-1.2
2023-03-04,PROD_0014,Electronics,Online_Store,398.59,395.97,221.0,221.0,239,88066.02,35226.41,True,False,1.265,0.0,0.995,-1.2
2023-03-11,PROD_0014,Electronics,Online_Store,389.09,453.56,197.0,197.0,266,76718.74,30687.5,True,False,1.28,0.0,1.089,-1.2
2023-04-08,PROD_0014,Electronics,Online_Store,490.29,486.83,148.0,99.0,99,48538.49,19415.4,True,False,1.298,0.0,0.945,-1.2
2023-04-22,PROD_0014,Electronics,Online_Store,469.98,489.92,131.0,131.0,405,61619.36,24647.75,True,False,1.281,0.0,0.968,-1.2
2023-05-06,PROD_0014,Electronics,Online_Store,563.93,483.15,126.0,126.0,153,70898.99,28359.6,True,False,1.248,0.0,0.909,-1.2
2023-05-20,PROD_0014,Electronics,Online_Store,340.98,400.24,236.0,236.0,395,80541.14,32216.46,True,False,1.2,0.0,0.787,-1.2
2023-05-27,PROD_0014,Electronics,Online_Store,413.07,438.58,165.0,165.0,455,68037.55,27215.02,True,False,1.172,0.0,0.964,-1.2
2023-06-03,PROD_0014,Electronics,Online_Store,544.58,514.13,108.0,108.0,494,58959.56,23583.82,True,False,1.141,0.0,0.979,-1.2
2023-06-10,PROD_0014,Electronics,Online_Store,440.14,380.47,155.0,155.0,363,68147.07,27258.83,True,False,1.109,0.0,1.023,-1.2
2023-06-17,PROD_0014,Electronics,Online_Store,448.76,431.14,169.0,169.0,210,75704.24,30281.7,True,False,1.074,0.0,0.909,-1.2
2023-06-24,PROD_0014,Electronics,Online_Store,416.43,431.37,120.0,120.0,342,50046.01,20018.4,True,False,1.039,0.0,1.012,-1.2
2023-07-01,PROD_0014,Electronics,Online_Store,522.78,487.19,99.0,93.0,93,48618.62,19447.45,True,False,1.003,0.0,0.981,-1.2
2023-07-15,PROD_0014,Electronics,Online_Store,465.33,454.57,107.0,107.0,302,49740.54,19896.22,True,False,0.931,0.0,0.898,-1.2
2023-07-29,PROD_0014,Electronics,Online_Store,388.43,494.1,119.0,119.0,303,46061.22,18424.49,True,False,0.863,0.0,1.037,-1.2
2023-08-05,PROD_0014,Electronics,Online_Store,544.66,486.52,72.0,72.0,460,39123.21,15649.28,True,False,0.832,0.0,1.026,-1.2
2023-08-12,PROD_0014,Electronics,Online_Store,462.15,420.81,119.0,119.0,351,54769.07,21907.63,True,False,0.803,0.0,1.088,-1.2
2023-08-19,PROD_0014,Electronics,Online_Store,568.65,460.44,63.0,63.0,462,36057.69,14423.08,True,False,0.778,0.0,1.082,-1.2
2023-08-26,PROD_0014,Electronics,Online_Store,363.77,396.91,128.0,128.0,295,46706.47,18682.59,True,False,0.755,0.0,0.985,-1.2
2023-09-02,PROD_0014,Electronics,Online_Store,369.07,413.7,71.0,71.0,436,26181.32,10472.53,True,False,0.736,0.0,1.207,-1.2
2023-09-09,PROD_0014,Electronics,Online_Store,390.04,447.75,97.0,88.0,88,34323.5,13729.4,True,False,0.721,0.0,0.887,-1.2
2023-09-16,PROD_0014,Electronics,Online_Store,406.14,409.7,133.0,126.0,126,51173.1,20469.24,True,False,0.71,0.0,0.845,-1.2
2023-09-23,PROD_0014,Electronics,Online_Store,539.37,444.83,65.0,65.0,66,35250.56,14100.22,True,False,0.703,0.0,0.881,-1.2
2023-09-30,PROD_0014,Electronics,Online_Store,355.42,391.21,129.0,129.0,269,45950.25,18380.1,True,False,0.7,0.0,0.965,-1.2
2023-10-07,PROD_0014,Electronics,Online_Store,455.64,424.02,112.0,112.0,151,51037.73,20415.09,True,False,0.702,0.0,1.072,-1.2
2023-10-14,PROD_0014,Electronics,Online_Store,408.46,406.93,91.0,91.0,181,37373.96,14949.59,True,False,0.708,0.0,0.923,-1.2
2023-10-21,PROD_0014,Electronics,Online_Store,443.66,374.23,69.0,69.0,200,30596.84,12238.74,True,False,0.718,0.0,0.997,-1.2
2023-11-11,PROD_0014,Electronics,Online_Store,305.65,280.81,174.0,159.0,159,48598.28,19439.31,True,False,0.773,0.0,0.835,-1.2
2023-11-18,PROD_0014,Electronics,Online_Store,509.25,434.56,66.0,66.0,350,33695.97,13478.39,True,False,0.798,0.0,1.084,-1.2
2023-11-25,PROD_0014,Electronics,Online_Store,460.73,490.3,108.0,64.0,64,29486.46,11794.58,True,False,0.826,0.0,0.92,-1.2
2023-12-02,PROD_0014,Electronics,Online_Store,419.43,433.43,118.0,118.0,157,49469.57,19787.83,True,False,0.856,0.0,0.879,-1.2
2023-12-09,PROD_0014,Electronics,Online_Store,414.9,482.82,156.0,61.0,61,25308.74,10123.5,True,False,0.889,0.0,0.977,-1.2
2023-12-16,PROD_0014,Electronics,Online_Store,288.42,327.65,201.0,169.0,169,48742.81,19497.12,True,False,0.923,0.0,1.006,-1.2
2023-12-23,PROD_0014,Electronics,Online_Store,541.99,504.76,90.0,90.0,176,48601.45,19440.58,True,True,0.959,0.0,1.014,-1.2
2023-12-30,PROD_0014,Electronics,Online_Store,390.38,426.09,98.0,98.0,398,38432.87,15373.15,True,True,0.995,0.0,0.971,-1.2
