dynamic_pricing_dataset.csv
date,product_id,category,store,price,competitor_price,demand,actual_sales,inventory_level,revenue,profit,is_weekend,is_holiday,seasonal_factor,marketing_spend,weather_impact,price_elasticity
2022-01-08,PROD_0015,Electronics,Online_Store,544.8,468.76,89.0,63.0,63,34322.46,13728.99,True,False,1.041,0.0,1.057,-1.2
2022-01-15,PROD_0015,Electronics,Online_Store,451.68,450.07,117.0,117.0,432,53018.88,21207.55,True,False,1.077,0.0,1.171,-1.2
2022-01-22,PROD_0015,Electronics,Online_Store,424.94,539.75,134.0,134.0,165,56997.75,22799.1,True,False,1.111,0.0,0.9,-1.2
2022-01-29,PROD_0015,Electronics,Online_Store,499.44,429.09,104.0,104.0,160,52106.69,20842.67,True,False,1.144,0.0,0.984,-1.2
2022-02-05,PROD_0015,Electronics,Online_Store,443.18,425.99,180.0,180.0,465,79600.65,31840.26,True,False,1.174,0.0,0.977,-1.2
2022-02-12,PROD_0015,Electronics,Online_Store,497.73,502.85,114.0,114.0,496,56742.96,22697.18,True,False,1.202,0.0,1.045,-1.2
2022-02-19,PROD_0015,Electronics,Online_Store,398.04,399.82,176.0,176.0,213,70108.3,28043.32,True,False,1.227,0.0,1.161,-1.2
2022-02-26,PROD_0015,Electronics,Online_Store,488.7,478.08,92.0,92.0,239,44760.13,17904.05,True,False,1.249,0.0,0.921,-1.2
2022-03-05,PROD_0015,Electronics,Online_Store,518.02,513.63,168.0,167.0,167,86508.57,34603.43,True,False,1.268,0.0,0.997,-1.2
2022-03-12,PROD_0015,Electronics,Online_Store,477.53,437.6,141.0,141.0,362,67480.16,26992.06,True,False,1.282,0.0,1.098,-1.2
2022-03-26,PROD_0015,Electronics,Online_Store,606.06,503.09,99.0,99.0,258,60128.44,24051.38,True,False,1.298,0.0,0.891,-1.2
2022-04-02,PROD_0015,Electronics,Online_Store,381.52,425.35,175.0,175.0,403,66584.57,26633.83,True,False,1.3,0.0,0.847,-1.2
2022-04-09,PROD_0015,Electronics,Online_Store,411.86,415.54,195.0,195.0,221,80309.23,32123.69,True,False,1.297,0.0,1.015,-1.2
2022-04-16,PROD_0015,Electronics,Online_Store,419.64,390.94,208.0,208.0,331,87294.29,34917.72,True,False,1.29,0.0,1.038,-1.2
2022-04-23,PROD_0015,Electronics,Online_Store,345.7,446.8,208.0,199.0,199,68793.55,27517.42,True,False,1.279,0.0,1.247,-1.2
2022-04-30,PROD_0015,Electronics,Online_Store,487.13,504.69,103.0,103.0,146,50234.55,20093.82,True,False,1.264,0.0,1.015,-1.2
2022-05-14,PROD_0015,Electronics,Online_Store,476.37,438.68,213.0,213.0,336,101393.35,40557.34,True,False,1.222,0.0,0.963,-1.2
2022-05-21,PROD_0015,Electronics,Online_Store,468.09,432.51,120.0,120.0,323,56277.95,22511.18,True,False,1.197,0.0,0.923,-1.2
2022-05-28,PROD_0015,Electronics,Online_Store,567.48,515.91,124.0,124.0,460,70643.64,28257.46,True,False,1.168,0.0,1.103,-1.2
2022-06-04,PROD_0015,Electronics,Online_Store,421.74,486.45,98.0,98.0,413,41359.15,16543.66,True,False,1.137,0.0,1.061,-1.2
2022-06-18,PROD_0015,Electronics,Online_Store,391.54,451.46,127.0,127.0,202,49862.19,19944.88,True,False,1.069,0.0,1.091,-1.2
2022-07-02,PROD_0015,Electronics,Online_Store,364.89,404.37,132.0,132.0,278,48264.97,19305.99,True,False,0.997,0.0,1.101,-1.2
2022-07-09,PROD_0015,Electronics,Online_Store,523.73,496.46,100.0,100.0,194,52580.36,21032.14,True,False,0.961,0.0,1.049,-1.2
2022-07-16,PROD_0015,Electronics,Online_Store,501.81,520.43,109.0,109.0,473,54668.38,21867.35,True,False,0.926,0.0,1.096,-1.2
2022-07-23,PROD_0015,Electronics,Online_Store,414.4,423.91,126.0,126.0,313,52269.23,20907.69,True,False,0.891,0.0,0.959,-1.2
2022-07-30,PROD_0015,Electronics,Online_Store,440.11,397.54,92.0,92.0,357,40435.83,16174.33,True,False,0.859,0.0,1.015,-1.2
2022-08-13,PROD_0015,Electronics,Online_Store,507.96,440.45,106.0,106.0,203,53871.97,21548.79,True,False,0.8,0.0,1.083,-1.2
2022-08-20,PROD_0015,Electronics,Online_Store,473.5,468.04,105.0,105.0,194,49888.94,19955.58,True,False,0.774,0.0,0.919,-1.2
2022-08-27,PROD_0015,Electronics,Online_Store,434.49,493.48,83.0,83.0,337,36224.64,14489.86,True,False,0.752,0.0,0.967,-1.2
2022-09-03,PROD_0015,Electronics,Online_Store,488.33,456.45,81.0,81.0,367,39777.25,15910.9,True,False,0.734,0.0,1.031,-1.2
2022-09-10,PROD_0015,Electronics,Online_Store,464.97,463.91,76.0,76.0,79,35521.99,14208.8,True,False,0.719,0.0,0.983,-1.2
2022-09-17,PROD_0015,Electronics,Online_Store,321.1,332.41,90.0,90.0,485,28800.46,11520.19,True,False,0.708,0.0,0.958,-1.2
2022-09-24,PROD_0015,Electronics,Online_Store,415.53,428.16,82.0,82.0,338,34159.39,13663.76,True,False,0.702,0.0,1.033,-1.2
2022-10-01,PROD_0015,Electronics,Online_Store,460.41,413.78,114.0,114.0,202,52712.34,21084.93,True,False,0.7,0.0,0.8,-1.2
2022-10-08,PROD_0015,Electronics,Online_Store,411.09,404.76,70.0,70.0,75,28893.69,11557.48,True,False,0.702,0.0,1.064,-1.2
2022-10-15,PROD_0015,Electronics,Online_Store,557.19,543.45,70.0,70.0,324,39182.55,15673.02,True,False,0.709,0.0,0.989,-1.2
2022-10-22,PROD_0015,Electronics,Online_Store,416.01,412.51,45.0,45.0,429,18631.76,7452.7,True,False,0.72,0.0,1.07,-1.2
2022-10-29,PROD_0015,Electronics,Online_Store,465.63,463.59,68.0,68.0,264,31808.75,12723.5,True,False,0.735,0.0,0.941,-1.2
2022-11-05,PROD_0015,Electronics,Online_Store,478.11,478.8,75.0,75.0,323,35916.43,14366.57,True,False,0.754,0.0,0.96,-1.2
2022-11-12,PROD_0015,Electronics,Online_Store,428.18,455.46,83.0,83.0,405,35700.76,14280.31,True,False,0.776,0.0,0.957,-1.2
2022-11-19,PROD_0015,Electronics,Online_Store,375.58,464.84,135.0,135.0,174,50527.13,20210.85,True,False,0.802,0.0,0.94,-1.2
2022-11-26,PROD_0015,Electronics,Online_Store,489.39,409.83,68.0,68.0,117,33280.88,13312.35,True,False,0.83,0.0,1.052,-1.2
2022-12-03,PROD_0015,Electronics,Online_Store,432.29,426.8,114.0,114.0,236,49269.46,19707.78,True,False,0.861,0.0,0.895,-1.2
2022-12-10,PROD_0015,Electronics,Online_Store,463.36,444.2,125.0,125.0,418,57935.78,23174.31,True,False,0.894,0.0,0.917,-1.2
2022-12-17,PROD_0015,Electronics,Online_Store,369.7,491.52,132.0,132.0,374,48866.27,19546.51,True,False,0.928,0.0,0.863,-1.2
2022-12-24,PROD_0015,Electronics,Online_Store,501.95,497.78,113.0,113.0,295,56679.77,22671.91,True,True,0.964,0.0,0.909,-1.2
2023-01-07,PROD_0015,Electronics,Online_Store,588.65,481.36,96.0,96.0,126,56411.74,22564.7,True,False,1.036,0.0,1.013,-1.2
2023-01-21,PROD_0015,Electronics,Online_Store,573.15,477.19,94.0,94.0,252,54079.16,21631.66,True,False,1.106,0.0,1.059,-1.2
2023-01-28,PROD_0015,Electronics,Online_Store,406.53,407.93,200.0,61.0,61,24798.19,9919.28,True,False,1.139,0.0,0.985,-1.2
2023-02-11,PROD_0015,Electronics,Online_Store,491.86,483.09,101.0,101.0,239,49555.13,19822.05,True,False,1.198,0.0,1.221,-1.2
2023-02-18,PROD_0015,Electronics,Online_Store,419.24,524.93,162.0,162.0,215,67927.03,27170.81,True,False,1.224,0.0,0.983,-1.2
2023-02-25,PROD_0015,Electronics,Online_Store,401.91,421.78,150.0,150.0,425,60089.98,24035.99,True,False,1.246,0.0,1.167,-1.2
2023-03-04,PROD_0015,Electronics,Online_Store,378.71,361.03,172.0,137.0,137,51882.86,20753.14,True,False,1.265,0.0,0.975,-1.2
2023-03-18,PROD_0015,Electronics,Online_Store,461.37,385.22,176.0,176.0,314,81425.86,32570.35,True,False,1.291,0.0,1.217,-1.2
2023-03-25,PROD_0015,Electronics,Online_Store,565.24,499.85,102.0,102.0,444,57408.89,22963.56,True,False,1.298,0.0,1.09,-1.2
2023-04-22,PROD_0015,Electronics,Online_Store,491.74,454.57,95.0,95.0,239,46932.82,18773.13,True,False,1.281,0.0,1.037,-1.2
2023-05-06,PROD_0015,Electronics,Online_Store,564.59,460.77,95.0,95.0,454,53751.43,21500.57,True,False,1.248,0.0,0.974,-1.2
2023-05-13,PROD_0015,Electronics,Online_Store,444.31,452.83,143.0,143.0,162,63712.52,25485.01,True,False,1.226,0.0,0.944,-1.2
2023-06-03,PROD_0015,Electronics,Online_Store,462.06,436.31,118.0,118.0,154,54696.13,21878.45,True,False,1.141,0.0,0.843,-1.2
2023-06-10,PROD_0015,Electronics,Online_Store,498.75,452.85,114.0,114.0,437,56744.24,22697.7,True,False,1.109,0.0,0.996,-1.2
2023-06-17,PROD_0015,Electronics,Online_Store,495.52,469.74,171.0,171.0,474,84840.29,33936.12,True,False,1.074,0.0,1.048,-1.2
2023-06-24,PROD_0015,Electronics,Online_Store,361.62,472.46,116.0,116.0,377,41874.49,16749.8,True,False,1.039,0.0,1.08,-1.2
2023-07-01,PROD_0015,Electronics,Online_Store,496.26,413.09,96.0,96.0,142,47757.8,19103.12,True,False,1.003,0.0,0.935,-1.2
2023-07-08,PROD_0015,Electronics,Online_Store,551.08,464.43,95.0,95.0,356,52373.21,20949.28,True,False,0.967,0.0,0.858,-1.2
2023-07-15,PROD_0015,Electronics,Online_Store,523.92,541.81,77.0,77.0,490,40344.67,16137.87,True,False,0.931,0.0,1.03,-1.2
2023-07-22,PROD_0015,Electronics,Online_Store,370.75,392.84,132.0,132.0,417,49027.97,19611.19,True,False,0.896,0.0,0.847,-1.2
2023-07-29,PROD_0015,Electronics,Online_Store,418.32,412.86,115.0,115.0,149,48240.18,19296.07,True,False,0.863,0.0,1.006,-1.2
2023-08-12,PROD_0015,Electronics,Online_Store,398.8,440.1,108.0,108.0,152,43010.01,17204.0,True,False,0.803,0.0,1.068,-1.2
2023-09-09,PROD_0015,Electronics,Online_Store,467.68,415.1,99.0,99.0,148,46253.31,18501.32,True,False,0.721,0.0,0.977,-1.2
2023-09-23,PROD_0015,Electronics,Online_Store,495.52,477.67,77.0,77.0,403,38142.09,15256.83,True,False,0.703,0.0,1.023,-1.2
2023-09-30,PROD_0015,Electronics,Online_Store,411.79,368.9,78.0,78.0,438,32260.35,12904.14,True,False,0.7,0.0,0.778,-1.2
2023-10-21,PROD_0015,Electronics,Online_Store,510.57,467.45,67.0,67.0,210,34309.88,13723.95,True,False,0.718,0.0,0.872,-1.2
2023-10-28,PROD_0015,Electronics,Online_Store,430.41,424.9,96.0,96.0,403,41448.76,16579.51,True,False,0.732,0.0,0.849,-1.2
2023-11-04,PROD_0015,Electronics,Online_Store,486.48,425.21,92.0,92.0,271,44652.39,17860.96,True,False,0.751,0.0,0.884,-1.2
2023-11-11,PROD_0015,Electronics,Online_Store,374.18,397.76,97.0,97.0,402,36251.18,14500.47,True,False,0.773,0.0,0.999,-1.2
2023-11-25,PROD_0015,Electronics,Online_Store,507.19,516.58,102.0,102.0,448,51863.66,20745.47,True,False,0.826,0.0,1.022,-1.2
2023-12-02,PROD_0015,Electronics,Online_Store,518.97,440.44,62.0,62.0,377,32137.23,12854.89,True,False,0.856,0.0,0.994,-1.2
2023-12-23,PROD_0015,Electronics,Online_Store,498.27,465.09,119.0,119.0,174,59078.74,23631.5,True,True,0.959,0.0,1.037,-1.2
2023-12-30,PROD_0015,Electronics,Online_Store,537.41,457.65,104.0,59.0,59,31707.38,12682.95,True,True,0.995,0.0,0.838,-1.2
