dynamic_pricing_dataset.csv
date,product_id,category,store,price,competitor_price,demand,actual_sales,inventory_level,revenue,profit,is_weekend,is_holiday,seasonal_factor,marketing_spend,weather_impact,price_elasticity
2022-01-01,PROD_0016,Electronics,Flagship_Store,676.32,584.11,54.0,54.0,480,36693.26,14677.3,True,False,1.005,0.0,1.098,-1.2
2022-01-08,PROD_0016,Electronics,Flagship_Store,373.73,469.4,120.0,120.0,427,44772.48,17908.99,True,False,1.041,0.0,0.91,-1.2
2022-01-15,PROD_0016,Electronics,Flagship_Store,521.85,491.59,123.0,123.0,278,64107.01,25642.8,True,False,1.077,0.0,1.029,-1.2
2022-01-29,PROD_0016,Electronics,Flagship_Store,533.64,583.85,147.0,147.0,312,78560.64,31424.26,True,False,1.144,0.0,1.108,-1.2
2022-02-05,PROD_0016,Electronics,Flagship_Store,653.57,594.12,125.0,125.0,196,81909.14,32763.65,True,False,1.174,0.0,0.878,-1.2
2022-02-12,PROD_0016,Electronics,Flagship_Store,473.91,442.52,105.0,105.0,280,49532.54,19813.02,True,False,1.202,0.0,0.978,-1.2
2022-02-19,PROD_0016,Electronics,Flagship_Store,605.1,587.71,91.0,91.0,261,55264.22,22105.69,True,False,1.227,0.0,1.057,-1.2
2022-02-26,PROD_0016,Electronics,Flagship_Store,454.38,507.11,164.0,164.0,447,74710.23,29884.09,True,False,1.249,0.0,0.854,-1.2
2022-03-05,PROD_0016,Electronics,Flagship_Store,589.45,574.21,126.0,126.0,487,74217.51,29687.0,True,False,1.268,0.0,0.893,-1.2
2022-03-12,PROD_0016,Electronics,Flagship_Store,461.99,466.02,152.0,152.0,420,70434.85,28173.94,True,False,1.282,0.0,0.925,-1.2
2022-03-19,PROD_0016,Electronics,Flagship_Store,526.34,482.47,138.0,99.0,99,52107.51,20843.0,True,False,1.292,0.0,0.751,-1.2
2022-04-02,PROD_0016,Electronics,Flagship_Store,561.55,574.62,96.0,96.0,257,54124.89,21649.96,True,False,1.3,0.0,1.016,-1.2
2022-04-16,PROD_0016,Electronics,Flagship_Store,602.5,503.46,121.0,121.0,377,72808.36,29123.34,True,False,1.29,0.0,1.037,-1.2
2022-04-23,PROD_0016,Electronics,Flagship_Store,497.44,553.67,115.0,115.0,470,57220.05,22888.02,True,False,1.279,0.0,0.858,-1.2
2022-04-30,PROD_0016,Electronics,Flagship_Store,718.0,603.24,96.0,96.0,436,68789.22,27515.69,True,False,1.264,0.0,0.886,-1.2
2022-05-21,PROD_0016,Electronics,Flagship_Store,455.3,529.5,182.0,63.0,63,28683.59,11473.44,True,False,1.197,0.0,0.937,-1.2
2022-05-28,PROD_0016,Electronics,Flagship_Store,437.72,556.81,155.0,155.0,203,68040.33,27216.13,True,False,1.168,0.0,1.158,-1.2
2022-06-11,PROD_0016,Electronics,Flagship_Store,495.48,516.23,66.0,66.0,146,32937.46,13174.99,True,False,1.104,0.0,0.897,-1.2
2022-06-18,PROD_0016,Electronics,Flagship_Store,581.3,573.4,89.0,89.0,187,51942.68,20777.07,True,False,1.069,0.0,0.954,-1.2
2022-06-25,PROD_0016,Electronics,Flagship_Store,648.62,554.82,107.0,107.0,459,69293.11,27717.24,True,False,1.033,0.0,1.065,-1.2
2022-07-02,PROD_0016,Electronics,Flagship_Store,638.58,639.41,74.0,74.0,118,47005.65,18802.26,True,False,0.997,0.0,0.943,-1.2
2022-07-16,PROD_0016,Electronics,Flagship_Store,692.96,592.76,63.0,63.0,245,43866.47,17546.59,True,False,0.926,0.0,1.005,-1.2
2022-08-13,PROD_0016,Electronics,Flagship_Store,570.92,476.11,84.0,84.0,179,47937.6,19175.04,True,False,0.8,0.0,0.968,-1.2
2022-08-20,PROD_0016,Electronics,Flagship_Store,603.96,507.01,83.0,83.0,97,50156.43,20062.57,True,False,0.774,0.0,0.908,-1.2
2022-08-27,PROD_0016,Electronics,Flagship_Store,587.17,576.77,65.0,65.0,204,38289.83,15315.93,True,False,0.752,0.0,1.106,-1.2
2022-09-10,PROD_0016,Electronics,Flagship_Store,481.01,493.99,79.0,79.0,155,38093.86,15237.55,True,False,0.719,0.0,1.031,-1.2
2022-09-17,PROD_0016,Electronics,Flagship_Store,502.19,573.79,68.0,68.0,108,34113.24,13645.3,True,False,0.708,0.0,0.946,-1.2
2022-10-15,PROD_0016,Electronics,Flagship_Store,528.96,573.84,58.0,58.0,134,30618.44,12247.38,True,False,0.709,0.0,0.981,-1.2
2022-10-22,PROD_0016,Electronics,Flagship_Store,665.89,615.56,66.0,66.0,194,44200.22,17680.09,True,False,0.72,0.0,0.995,-1.2
2022-11-05,PROD_0016,Electronics,Flagship_Store,497.65,609.01,78.0,78.0,334,38872.48,15548.99,True,False,0.754,0.0,0.892,-1.2
2022-11-12,PROD_0016,Electronics,Flagship_Store,429.26,448.66,113.0,113.0,176,48364.91,19345.96,True,False,0.776,0.0,0.891,-1.2
2022-11-26,PROD_0016,Electronics,Flagship_Store,742.52,637.95,57.0,57.0,448,42012.7,16805.08,True,False,0.83,0.0,0.837,-1.2
2022-12-03,PROD_0016,Electronics,Flagship_Store,758.18,647.2,51.0,51.0,55,38783.28,15513.31,True,False,0.861,0.0,1.002,-1.2
2022-12-10,PROD_0016,Electronics,Flagship_Store,490.55,579.74,100.0,100.0,248,49270.42,19708.17,True,False,0.894,0.0,1.131,-1.2
2022-12-17,PROD_0016,Electronics,Flagship_Store,484.99,465.41,99.0,99.0,487,47999.32,19199.73,True,False,0.928,0.0,1.078,-1.2
2022-12-31,PROD_0016,Electronics,Flagship_Store,549.29,550.15,104.0,55.0,55,30211.2,12084.48,True,True,1.0,0.0,1.012,-1.2
2023-01-07,PROD_0016,Electronics,Flagship_Store,502.5,486.76,119.0,119.0,221,59950.17,23980.07,True,False,1.036,0.0,1.017,-1.2
2023-01-14,PROD_0016,Electronics,Flagship_Store,608.87,524.81,102.0,102.0,305,62167.41,24866.97,True,False,1.072,0.0,0.932,-1.2
2023-02-11,PROD_0016,Electronics,Flagship_Store,583.44,513.54,146.0,76.0,76,44341.07,17736.43,True,False,1.198,0.0,1.123,-1.2
2023-02-18,PROD_0016,Electronics,Flagship_Store,512.01,538.97,116.0,116.0,125,59265.07,23706.03,True,False,1.224,0.0,0.895,-1.2
2023-03-04,PROD_0016,Electronics,Flagship_Store,432.64,490.42,126.0,126.0,360,54361.3,21744.52,True,False,1.265,0.0,1.114,-1.2
2023-03-18,PROD_0016,Electronics,Flagship_Store,564.96,653.44,161.0,161.0,394,91174.67,36469.87,True,False,1.291,0.0,1.021,-1.2
2023-03-25,PROD_0016,Electronics,Flagship_Store,546.38,462.16,111.0,111.0,196,60720.22,24288.09,True,False,1.298,0.0,0.951,-1.2
2023-04-01,PROD_0016,Electronics,Flagship_Store,670.5,571.75,106.0,106.0,111,70951.13,28380.45,True,False,1.3,0.0,1.023,-1.2
2023-04-08,PROD_0016,Electronics,Flagship_Store,531.9,439.82,112.0,112.0,138,59778.6,23911.44,True,False,1.298,0.0,1.052,-1.2
2023-04-22,PROD_0016,Electronics,Flagship_Store,547.96,495.75,103.0,103.0,358,56427.84,22571.14,True,False,1.281,0.0,0.89,-1.2
2023-04-29,PROD_0016,Electronics,Flagship_Store,636.65,567.28,79.0,79.0,184,50052.71,20021.09,True,False,1.266,0.0,0.815,-1.2
2023-05-06,PROD_0016,Electronics,Flagship_Store,566.19,578.36,109.0,52.0,52,29441.67,11776.67,True,False,1.248,0.0,0.85,-1.2
2023-05-20,PROD_0016,Electronics,Flagship_Store,470.23,475.66,146.0,146.0,471,68793.97,27517.59,True,False,1.2,0.0,1.062,-1.2
2023-05-27,PROD_0016,Electronics,Flagship_Store,587.51,511.1,131.0,131.0,186,76855.42,30742.17,True,False,1.172,0.0,1.028,-1.2
2023-06-03,PROD_0016,Electronics,Flagship_Store,533.07,479.39,125.0,125.0,326,66502.96,26601.18,True,False,1.141,0.0,1.057,-1.2
2023-06-10,PROD_0016,Electronics,Flagship_Store,595.14,504.47,82.0,82.0,408,48762.69,19505.08,True,False,1.109,0.0,1.075,-1.2
2023-06-17,PROD_0016,Electronics,Flagship_Store,535.47,550.51,109.0,109.0,370,58281.05,23312.42,True,False,1.074,0.0,0.948,-1.2
2023-06-24,PROD_0016,Electronics,Flagship_Store,430.05,456.5,135.0,135.0,404,57926.76,23170.7,True,False,1.039,0.0,0.915,-1.2
2023-07-01,PROD_0016,Electronics,Flagship_Store,475.64,503.12,168.0,168.0,369,80060.11,32024.05,True,False,1.003,0.0,0.902,-1.2
2023-07-08,PROD_0016,Electronics,Flagship_Store,504.98,529.79,115.0,110.0,110,55548.13,22219.25,True,False,0.967,0.0,1.043,-1.2
2023-07-22,PROD_0016,Electronics,Flagship_Store,507.48,556.3,95.0,95.0,425,48364.21,19345.69,True,False,0.896,0.0,1.005,-1.2
2023-07-29,PROD_0016,Electronics,Flagship_Store,433.56,477.72,119.0,119.0,411,51606.28,20642.51,True,False,0.863,0.0,1.046,-1.2
2023-08-05,PROD_0016,Electronics,Flagship_Store,499.85,478.81,79.0,79.0,447,39615.09,15846.04,True,False,0.832,0.0,0.945,-1.2
2023-08-12,PROD_0016,Electronics,Flagship_Store,515.87,527.77,65.0,65.0,117,33485.88,13394.35,True,False,0.803,0.0,0.8,-1.2
2023-08-19,PROD_0016,Electronics,Flagship_Store,621.05,585.62,74.0,74.0,151,46182.76,18473.1,True,False,0.778,0.0,1.024,-1.2
2023-08-26,PROD_0016,Electronics,Flagship_Store,512.31,466.13,85.0,85.0,318,43309.72,17323.89,True,False,0.755,0.0,0.846,-1.2
2023-09-09,PROD_0016,Electronics,Flagship_Store,568.54,481.66,73.0,73.0,267,41313.1,16525.24,True,False,0.721,0.0,0.893,-1.2
2023-09-16,PROD_0016,Electronics,Flagship_Store,596.62,614.84,77.0,77.0,377,46059.73,18423.89,True,False,0.71,0.0,1.069,-1.2
2023-09-23,PROD_0016,Electronics,Flagship_Store,476.73,468.98,70.0,70.0,299,33432.74,13373.1,True,False,0.703,0.0,0.943,-1.2
2023-10-07,PROD_0016,Electronics,Flagship_Store,683.71,602.24,79.0,79.0,414,54312.3,21724.92,True,False,0.702,0.0,0.935,-1.2
2023-10-21,PROD_0016,Electronics,Flagship_Store,603.95,632.42,58.0,58.0,71,35114.71,14045.88,True,False,0.718,0.0,0.993,-1.2
2023-10-28,PROD_0016,Electronics,Flagship_Store,542.66,539.18,67.0,67.0,447,36195.72,14478.29,True,False,0.732,0.0,0.997,-1.2
2023-11-04,PROD_0016,Electronics,Flagship_Store,650.96,538.99,54.0,54.0,293,34901.03,13960.41,True,False,0.751,0.0,1.019,-1.2
2023-11-11,PROD_0016,Electronics,Flagship_Store,490.64,513.22,97.0,97.0,240,47535.73,19014.29,True,False,0.773,0.0,1.018,-1.2
2023-11-25,PROD_0016,Electronics,Flagship_Store,562.07,606.72,87.0,87.0,346,48782.36,19512.95,True,False,0.826,0.0,0.993,-1.2
2023-12-23,PROD_0016,Electronics,Flagship_Store,456.12,539.3,145.0,145.0,356,66235.78,26494.31,True,True,0.959,0.0,0.954,-1.2
2023-12-30,PROD_0016,Electronics,Flagship_Store,528.41,640.38,117.0,117.0,352,61941.5,24776.6,True,True,0.995,0.0,0.905,-1.2
2022-01-08,PROD_0017,Electronics,Flagship_Store,513.06,434.15,93.0,93.0,446,47710.36,19084.14,True,False,1.041,0.0,1.087,-1.2
2022-02-12,PROD_0017,Electronics,Flagship_Store,718.59,603.14,90.0,90.0,491,64759.73,25903.89,True,False,1.202,0.0,0.813,-1.2
2022-02-19,PROD_0017,Electronics,Flagship_Store,519.97,514.1,131.0,128.0,128,66556.73,26622.69,True,False,1.227,0.0,0.991,-1.2
2022-03-05,PROD_0017,Electronics,Flagship_Store,605.99,651.38,128.0,128.0,405,77574.54,31029.81,True,False,1.268,0.0,1.018,-1.2
2022-03-12,PROD_0017,Electronics,Flagship_Store,458.6,574.66,151.0,151.0,406,69208.5,27683.4,True,False,1.282,0.0,0.913,-1.2
2022-03-26,PROD_0017,Electronics,Flagship_Store,402.07,470.73,276.0,276.0,470,110991.53,44396.61,True,False,1.298,0.0,1.029,-1.2
2022-04-02,PROD_0017,Electronics,Flagship_Store,507.18,571.71,203.0,190.0,190,96364.85,38545.94,True,False,1.3,0.0,0.99,-1.2
2022-04-09,PROD_0017,Electronics,Flagship_Store,481.98,486.51,166.0,166.0,407,80081.03,32032.41,True,False,1.297,0.0,0.952,-1.2
2022-04-23,PROD_0017,Electronics,Flagship_Store,602.09,628.55,87.0,87.0,352,52370.51,20948.2,True,False,1.279,0.0,0.873,-1.2
2022-05-28,PROD_0017,Electronics,Flagship_Store,528.55,511.89,159.0,159.0,195,84159.28,33663.71,True,False,1.168,0.0,1.134,-1.2
2022-06-04,PROD_0017,Electronics,Flagship_Store,686.47,574.64,80.0,80.0,209,54773.82,21909.53,True,False,1.137,0.0,1.022,-1.2
2022-06-11,PROD_0017,Electronics,Flagship_Store,560.56,530.1,112.0,112.0,441,62538.09,25015.24,True,False,1.104,0.0,1.023,-1.2
2022-06-18,PROD_0017,Electronics,Flagship_Store,585.08,488.98,90.0,90.0,275,52438.67,20975.47,True,False,1.069,0.0,1.181,-1.2
2022-07-16,PROD_0017,Electronics,Flagship_Store,527.83,630.0,81.0,81.0,177,42610.54,17044.22,True,False,0.926,0.0,0.924,-1.2
2022-07-23,PROD_0017,Electronics,Flagship_Store,476.9,459.74,107.0,107.0,115,50818.44,20327.38,True,False,0.891,0.0,1.202,-1.2
2022-08-06,PROD_0017,Electronics,Flagship_Store,502.25,551.38,73.0,73.0,427,36464.51,14585.8,True,False,0.828,0.0,1.103,-1.2
2022-08-13,PROD_0017,Electronics,Flagship_Store,421.13,527.74,106.0,91.0,91,38323.08,15329.23,True,False,0.8,0.0,0.978,-1.2
2022-08-27,PROD_0017,Electronics,Flagship_Store,474.83,581.88,94.0,94.0,434,44481.03,17792.41,True,False,0.752,0.0,1.04,-1.2
2022-09-10,PROD_0017,Electronics,Flagship_Store,671.41,625.86,76.0,76.0,391,50704.46,20281.79,True,False,0.719,0.0,0.822,-1.2
2022-09-17,PROD_0017,Electronics,Flagship_Store,443.61,546.17,117.0,117.0,215,51735.71,20694.28,True,False,0.708,0.0,0.917,-1.2
2022-09-24,PROD_0017,Electronics,Flagship_Store,659.36,591.19,57.0,57.0,372,37580.01,15032.01,True,False,0.702,0.0,1.105,-1.2
2022-10-08,PROD_0017,Electronics,Flagship_Store,395.65,468.71,95.0,95.0,167,37668.79,15067.52,True,False,0.702,0.0,1.103,-1.2
2022-10-15,PROD_0017,Electronics,Flagship_Store,647.51,617.62,39.0,39.0,441,25426.9,10170.76,True,False,0.709,0.0,1.193,-1.2
2022-10-22,PROD_0017,Electronics,Flagship_Store,591.08,549.63,61.0,61.0,499,36006.44,14402.58,True,False,0.72,0.0,0.9,-1.2
2022-10-29,PROD_0017,Electronics,Flagship_Store,712.05,586.28,50.0,50.0,226,35730.66,14292.27,True,False,0.735,0.0,1.013,-1.2
2022-11-05,PROD_0017,Electronics,Flagship_Store,539.77,532.49,69.0,69.0,459,37473.26,14989.3,True,False,0.754,0.0,1.109,-1.2
2022-11-12,PROD_0017,Electronics,Flagship_Store,404.04,406.99,111.0,70.0,70,28282.94,11313.18,True,False,0.776,0.0,0.988,-1.2
2022-11-19,PROD_0017,Electronics,Flagship_Store,659.15,600.19,66.0,66.0,142,43349.28,17339.71,True,False,0.802,0.0,1.09,-1.2
2022-11-26,PROD_0017,Electronics,Flagship_Store,796.38,636.84,21.0,21.0,301,16799.48,6719.79,True,False,0.83,0.0,1.08,-1.2
2022-12-03,PROD_0017,Electronics,Flagship_Store,490.0,433.37,99.0,99.0,225,48365.09,19346.04,True,False,0.861,0.0,1.067,-1.2
2022-12-24,PROD_0017,Electronics,Flagship_Store,390.66,522.66,138.0,138.0,447,53832.58,21533.03,True,True,0.964,0.0,1.095,-1.2
2023-01-07,PROD_0017,Electronics,Flagship_Store,520.75,547.7,136.0,136.0,208,70619.31,28247.72,True,False,1.036,0.0,1.256,-1.2
2023-01-14,PROD_0017,Electronics,Flagship_Store,511.66,509.22,94.0,94.0,274,48149.78,19259.91,True,False,1.072,0.0,1.02,-1.2
2023-01-28,PROD_0017,Electronics,Flagship_Store,576.05,537.47,104.0,104.0,195,59746.06,23898.42,True,False,1.139,0.0,1.028,-1.2
2023-02-04,PROD_0017,Electronics,Flagship_Store,526.24,606.6,116.0,116.0,214,61191.21,24476.48,True,False,1.17,0.0,1.034,-1.2
2023-03-04,PROD_0017,Electronics,Flagship_Store,620.49,517.19,94.0,94.0,449,58548.12,23419.25,True,False,1.265,0.0,0.947,-1.2
2023-03-11,PROD_0017,Electronics,Flagship_Store,486.83,584.58,164.0,164.0,411,79947.04,31978.81,True,False,1.28,0.0,0.901,-1.2
2023-03-18,PROD_0017,Electronics,Flagship_Store,589.61,506.29,123.0,53.0,53,31249.1,12499.64,True,False,1.291,0.0,0.868,-1.2
2023-03-25,PROD_0017,Electronics,Flagship_Store,487.25,506.15,125.0,125.0,261,60673.09,24269.24,True,False,1.298,0.0,0.969,-1.2
2023-04-01,PROD_0017,Electronics,Flagship_Store,488.7,500.76,121.0,121.0,434,58981.91,23592.76,True,False,1.3,0.0,1.024,-1.2
2023-04-08,PROD_0017,Electronics,Flagship_Store,520.01,497.92,147.0,147.0,163,76327.05,30530.82,True,False,1.298,0.0,0.914,-1.2
2023-04-15,PROD_0017,Electronics,Flagship_Store,657.8,578.85,104.0,102.0,102,67096.1,26838.44,True,False,1.292,0.0,0.903,-1.2
2023-04-22,PROD_0017,Electronics,Flagship_Store,409.55,561.87,118.0,118.0,154,48493.92,19397.57,True,False,1.281,0.0,0.887,-1.2
2023-04-29,PROD_0017,Electronics,Flagship_Store,481.06,502.01,123.0,123.0,463,59300.04,23720.02,True,False,1.266,0.0,1.034,-1.2
2023-05-27,PROD_0017,Electronics,Flagship_Store,529.9,528.09,139.0,139.0,324,73870.7,29548.28,True,False,1.172,0.0,1.106,-1.2
2023-06-17,PROD_0017,Electronics,Flagship_Store,542.93,573.39,104.0,55.0,55,29861.0,11944.4,True,False,1.074,0.0,0.974,-1.2
2023-07-01,PROD_0017,Electronics,Flagship_Store,647.88,566.75,91.0,91.0,491,59096.03,23638.41,True,False,1.003,0.0,0.952,-1.2
2023-07-08,PROD_0017,Electronics,Flagship_Store,470.32,519.99,108.0,108.0,429,50958.2,20383.28,True,False,0.967,0.0,1.038,-1.2
2023-07-22,PROD_0017,Electronics,Flagship_Store,714.63,604.98,65.0,65.0,262,46144.45,18457.78,True,False,0.896,0.0,1.08,-1.2
2023-08-05,PROD_0017,Electronics,Flagship_Store,616.42,614.86,77.0,77.0,420,47645.0,19058.0,True,False,0.832,0.0,1.021,-1.2
2023-08-19,PROD_0017,Electronics,Flagship_Store,572.9,542.89,77.0,77.0,418,44175.92,17670.37,True,False,0.778,0.0,0.752,-1.2
2023-09-02,PROD_0017,Electronics,Flagship_Store,643.76,621.94,45.0,45.0,153,28776.36,11510.54,True,False,0.736,0.0,1.013,-1.2
2023-09-09,PROD_0017,Electronics,Flagship_Store,644.55,534.12,42.0,42.0,269,27008.88,10803.55,True,False,0.721,0.0,1.114,-1.2
2023-09-16,PROD_0017,Electronics,Flagship_Store,552.42,505.56,88.0,88.0,416,48499.54,19399.81,True,False,0.71,0.0,1.164,-1.2
2023-09-23,PROD_0017,Electronics,Flagship_Store,405.74,495.83,83.0,83.0,430,33857.93,13543.17,True,False,0.703,0.0,0.964,-1.2
2023-09-30,PROD_0017,Electronics,Flagship_Store,542.67,541.32,67.0,67.0,394,36364.64,14545.86,True,False,0.7,0.0,0.956,-1.2
2023-10-14,PROD_0017,Electronics,Flagship_Store,625.8,561.96,62.0,62.0,328,38840.18,15536.07,True,False,0.708,0.0,0.97,-1.2
2023-10-21,PROD_0017,Electronics,Flagship_Store,499.97,531.36,85.0,85.0,461,42738.16,17095.27,True,False,0.718,0.0,0.938,-1.2
2023-11-25,PROD_0017,Electronics,Flagship_Store,548.63,548.18,105.0,105.0,165,57465.89,22986.36,True,False,0.826,0.0,1.053,-1.2
2023-12-02,PROD_0017,Electronics,Flagship_Store,537.78,583.78,83.0,83.0,401,44380.4,17752.16,True,False,0.856,0.0,0.967,-1.2
2023-12-16,PROD_0017,Electronics,Flagship_Store,474.42,564.55,81.0,81.0,462,38563.87,15425.55,True,False,0.923,0.0,0.866,-1.2
2023-12-23,PROD_0017,Electronics,Flagship_Store,661.57,579.35,48.0,48.0,446,31598.29,12639.32,True,True,0.959,0.0,0.821,-1.2
2023-12-30,PROD_0017,Electronics,Flagship_Store,626.72,567.28,96.0,96.0,481,60313.34,24125.34,True,True,0.995,0.0,1.101,-1.2
