dynamic_pricing_dataset.csv
date,product_id,category,store,price,competitor_price,demand,actual_sales,inventory_level,revenue,profit,is_weekend,is_holiday,seasonal_factor,marketing_spend,weather_impact,price_elasticity
2022-01-08,PROD_0018,Electronics,Flagship_Store,486.44,484.99,98.0,98.0,161,47428.25,18971.3,True,False,1.041,0.0,0.983,-1.2
2022-01-15,PROD_0018,Electronics,Flagship_Store,461.89,552.58,103.0,103.0,320,47686.68,19074.67,True,False,1.077,0.0,0.834,-1.2
2022-01-29,PROD_0018,Electronics,Flagship_Store,742.06,641.2,87.0,87.0,257,64403.93,25761.57,True,False,1.144,0.0,1.154,-1.2
2022-02-19,PROD_0018,Electronics,Flagship_Store,505.51,559.83,126.0,126.0,443,63693.54,25477.42,True,False,1.227,0.0,0.972,-1.2
2022-02-26,PROD_0018,Electronics,Flagship_Store,608.19,529.73,100.0,100.0,187,61060.95,24424.38,True,False,1.249,0.0,1.013,-1.2
2022-03-12,PROD_0018,Electronics,Flagship_Store,564.34,531.24,170.0,146.0,146,82393.45,32957.38,True,False,1.282,0.0,1.155,-1.2
2022-03-19,PROD_0018,Electronics,Flagship_Store,607.51,687.4,87.0,87.0,395,52661.0,21064.4,True,False,1.292,0.0,1.058,-1.2
2022-04-02,PROD_0018,Electronics,Flagship_Store,485.84,544.04,208.0,208.0,236,101173.94,40469.57,True,False,1.3,0.0,0.723,-1.2
2022-04-09,PROD_0018,Electronics,Flagship_Store,655.65,596.78,139.0,139.0,454,91413.11,36565.24,True,False,1.297,0.0,1.118,-1.2
2022-04-16,PROD_0018,Electronics,Flagship_Store,462.82,542.08,165.0,165.0,216,76293.36,30517.35,True,False,1.29,0.0,0.823,-1.2
2022-04-30,PROD_0018,Electronics,Flagship_Store,510.91,597.77,120.0,98.0,98,50069.09,20027.63,True,False,1.264,0.0,1.092,-1.2
2022-05-07,PROD_0018,Electronics,Flagship_Store,433.23,443.42,166.0,166.0,210,71841.36,28736.54,True,False,1.245,0.0,0.894,-1.2
2022-05-28,PROD_0018,Electronics,Flagship_Store,636.94,581.96,112.0,112.0,140,71261.76,28504.7,True,False,1.168,0.0,1.001,-1.2
2022-06-11,PROD_0018,Electronics,Flagship_Store,489.83,509.85,107.0,107.0,316,52633.49,21053.4,True,False,1.104,0.0,1.195,-1.2
2022-06-18,PROD_0018,Electronics,Flagship_Store,601.3,567.61,99.0,99.0,230,59581.71,23832.68,True,False,1.069,0.0,0.953,-1.2
2022-06-25,PROD_0018,Electronics,Flagship_Store,420.34,552.05,149.0,149.0,231,62620.23,25048.09,True,False,1.033,0.0,0.877,-1.2
2022-07-02,PROD_0018,Electronics,Flagship_Store,691.24,576.72,107.0,55.0,55,38018.37,15207.35,True,False,0.997,0.0,0.985,-1.2
2022-07-23,PROD_0018,Electronics,Flagship_Store,473.22,464.36,118.0,118.0,177,55889.18,22355.67,True,False,0.891,0.0,1.116,-1.2
2022-08-13,PROD_0018,Electronics,Flagship_Store,599.46,589.17,48.0,48.0,60,28794.66,11517.87,True,False,0.8,0.0,1.034,-1.2
2022-08-20,PROD_0018,Electronics,Flagship_Store,582.92,500.32,87.0,87.0,301,50535.14,20214.06,True,False,0.774,0.0,1.132,-1.2
2022-09-03,PROD_0018,Electronics,Flagship_Store,516.54,540.06,63.0,63.0,304,32588.72,13035.49,True,False,0.734,0.0,1.169,-1.2
2022-09-10,PROD_0018,Electronics,Flagship_Store,706.83,579.62,39.0,39.0,139,27518.46,11007.38,True,False,0.719,0.0,1.076,-1.2
2022-09-17,PROD_0018,Electronics,Flagship_Store,660.71,662.76,67.0,67.0,139,44205.22,17682.09,True,False,0.708,0.0,0.815,-1.2
2022-09-24,PROD_0018,Electronics,Flagship_Store,578.22,604.24,76.0,76.0,161,44018.43,17607.37,True,False,0.702,0.0,1.01,-1.2
2022-10-01,PROD_0018,Electronics,Flagship_Store,544.12,516.75,42.0,42.0,202,22736.93,9094.77,True,False,0.7,0.0,0.909,-1.2
2022-10-08,PROD_0018,Electronics,Flagship_Store,439.89,576.31,86.0,86.0,372,37878.76,15151.5,True,False,0.702,0.0,0.968,-1.2
2022-10-15,PROD_0018,Electronics,Flagship_Store,469.29,536.98,139.0,139.0,317,65234.64,26093.86,True,False,0.709,0.0,0.997,-1.2
2022-10-22,PROD_0018,Electronics,Flagship_Store,602.47,541.16,62.0,62.0,174,37296.95,14918.78,True,False,0.72,0.0,1.078,-1.2
2022-10-29,PROD_0018,Electronics,Flagship_Store,673.02,567.27,62.0,62.0,283,41524.49,16609.79,True,False,0.735,0.0,1.114,-1.2
2022-11-12,PROD_0018,Electronics,Flagship_Store,547.55,551.94,74.0,74.0,278,40341.52,16136.61,True,False,0.776,0.0,0.928,-1.2
2022-11-26,PROD_0018,Electronics,Flagship_Store,502.26,518.92,118.0,67.0,67,33651.58,13460.63,True,False,0.83,0.0,0.797,-1.2
2022-12-17,PROD_0018,Electronics,Flagship_Store,540.58,547.94,106.0,106.0,230,57360.99,22944.39,True,False,0.928,0.0,1.035,-1.2
2022-12-24,PROD_0018,Electronics,Flagship_Store,606.85,576.3,131.0,131.0,390,79333.78,31733.51,True,True,0.964,0.0,1.098,-1.2
2022-12-31,PROD_0018,Electronics,Flagship_Store,596.04,510.75,90.0,90.0,126,53911.35,21564.54,True,True,1.0,0.0,0.894,-1.2
2023-01-07,PROD_0018,Electronics,Flagship_Store,611.76,537.05,102.0,102.0,304,62459.27,24983.71,True,False,1.036,0.0,0.822,-1.2
2023-01-14,PROD_0018,Electronics,Flagship_Store,536.34,430.5,119.0,53.0,53,28426.26,11370.5,True,False,1.072,0.0,1.083,-1.2
2023-02-04,PROD_0018,Electronics,Flagship_Store,604.06,570.65,110.0,110.0,305,66459.69,26583.87,True,False,1.17,0.0,1.011,-1.2
2023-02-18,PROD_0018,Electronics,Flagship_Store,459.14,519.04,149.0,149.0,424,68470.06,27388.02,True,False,1.224,0.0,1.015,-1.2
2023-02-25,PROD_0018,Electronics,Flagship_Store,455.15,546.84,196.0,196.0,450,89178.52,35671.41,True,False,1.246,0.0,0.979,-1.2
2023-03-11,PROD_0018,Electronics,Flagship_Store,603.71,580.56,104.0,104.0,462,62732.64,25093.06,True,False,1.28,0.0,0.83,-1.2
2023-03-18,PROD_0018,Electronics,Flagship_Store,658.22,604.5,102.0,102.0,345,67256.34,26902.53,True,False,1.291,0.0,0.908,-1.2
2023-04-01,PROD_0018,Electronics,Flagship_Store,624.34,508.48,149.0,149.0,339,92751.41,37100.57,True,False,1.3,0.0,1.019,-1.2
2023-04-08,PROD_0018,Electronics,Flagship_Store,693.75,650.55,97.0,97.0,321,67289.77,26915.91,True,False,1.298,0.0,0.929,-1.2
2023-05-06,PROD_0018,Electronics,Flagship_Store,621.98,536.08,129.0,129.0,248,80276.64,32110.66,True,False,1.248,0.0,0.972,-1.2
2023-05-20,PROD_0018,Electronics,Flagship_Store,497.37,496.77,127.0,127.0,151,63220.64,25288.26,True,False,1.2,0.0,0.971,-1.2
2023-05-27,PROD_0018,Electronics,Flagship_Store,677.16,637.24,72.0,72.0,111,48841.8,19536.72,True,False,1.172,0.0,0.959,-1.2
2023-06-03,PROD_0018,Electronics,Flagship_Store,725.99,632.17,85.0,85.0,386,61448.39,24579.36,True,False,1.141,0.0,1.025,-1.2
2023-06-10,PROD_0018,Electronics,Flagship_Store,557.87,490.72,97.0,97.0,321,54177.49,21671.0,True,False,1.109,0.0,0.927,-1.2
2023-06-17,PROD_0018,Electronics,Flagship_Store,493.22,491.09,145.0,145.0,419,71758.85,28703.54,True,False,1.074,0.0,0.903,-1.2
2023-06-24,PROD_0018,Electronics,Flagship_Store,646.31,657.8,93.0,93.0,226,60393.39,24157.35,True,False,1.039,0.0,1.09,-1.2
2023-07-08,PROD_0018,Electronics,Flagship_Store,802.06,630.89,32.0,32.0,426,25842.43,10336.97,True,False,0.967,0.0,1.037,-1.2
2023-07-15,PROD_0018,Electronics,Flagship_Store,437.78,485.61,145.0,132.0,132,57787.07,23114.83,True,False,0.931,0.0,1.132,-1.2
2023-07-22,PROD_0018,Electronics,Flagship_Store,545.99,548.27,97.0,97.0,248,52995.28,21198.11,True,False,0.896,0.0,1.11,-1.2
2023-07-29,PROD_0018,Electronics,Flagship_Store,464.92,596.15,132.0,132.0,249,61327.55,24531.02,True,False,0.863,0.0,1.153,-1.2
2023-08-05,PROD_0018,Electronics,Flagship_Store,622.67,596.54,82.0,82.0,112,51237.95,20495.18,True,False,0.832,0.0,0.931,-1.2
2023-08-12,PROD_0018,Electronics,Flagship_Store,474.03,475.78,99.0,99.0,491,47132.35,18852.94,True,False,0.803,0.0,1.032,-1.2
2023-08-19,PROD_0018,Electronics,Flagship_Store,521.48,508.55,85.0,65.0,65,33896.18,13558.47,True,False,0.778,0.0,1.097,-1.2
2023-08-26,PROD_0018,Electronics,Flagship_Store,516.68,537.79,94.0,94.0,373,48759.27,19503.71,True,False,0.755,0.0,1.071,-1.2
2023-09-09,PROD_0018,Electronics,Flagship_Store,561.03,518.78,98.0,98.0,463,54954.65,21981.86,True,False,0.721,0.0,0.93,-1.2
2023-09-23,PROD_0018,Electronics,Flagship_Store,580.46,567.74,75.0,75.0,97,43505.19,17402.08,True,False,0.703,0.0,0.864,-1.2
2023-10-07,PROD_0018,Electronics,Flagship_Store,549.21,574.13,65.0,59.0,59,32403.61,12961.44,True,False,0.702,0.0,0.955,-1.2
2023-10-14,PROD_0018,Electronics,Flagship_Store,529.54,535.26,76.0,76.0,258,40032.25,16012.9,True,False,0.708,0.0,0.9,-1.2
2023-10-21,PROD_0018,Electronics,Flagship_Store,581.11,511.74,86.0,86.0,379,50261.77,20104.71,True,False,0.718,0.0,1.006,-1.2
2023-10-28,PROD_0018,Electronics,Flagship_Store,498.79,476.48,88.0,88.0,269,43980.18,17592.07,True,False,0.732,0.0,0.981,-1.2
2023-11-04,PROD_0018,Electronics,Flagship_Store,494.26,513.87,70.0,70.0,477,34751.74,13900.7,True,False,0.751,0.0,1.012,-1.2
2023-11-25,PROD_0018,Electronics,Flagship_Store,639.77,631.1,78.0,78.0,369,49759.94,19903.98,True,False,0.826,0.0,0.963,-1.2
2023-12-02,PROD_0018,Electronics,Flagship_Store,619.93,555.95,105.0,105.0,127,64856.53,25942.61,True,False,0.856,0.0,1.012,-1.2
2023-12-09,PROD_0018,Electronics,Flagship_Store,602.3,505.39,68.0,68.0,127,40824.91,16329.96,True,False,0.889,0.0,1.017,-1.2
2023-12-16,PROD_0018,Electronics,Flagship_Store,573.09,575.69,98.0,98.0,320,56204.15,22481.66,True,False,0.923,0.0,1.161,-1.2
2023-12-23,PROD_0018,Electronics,Flagship_Store,547.35,561.4,141.0,117.0,117,64039.55,25615.82,True,True,0.959,0.0,0.991,-1.2
2023-12-30,PROD_0018,Electronics,Flagship_Store,488.19,455.21,136.0,136.0,429,66565.7,26626.28,True,True,0.995,0.0,1.151,-1.2
