dynamic_pricing_dataset.csv
date,product_id,category,store,price,competitor_price,demand,actual_sales,inventory_level,revenue,profit,is_weekend,is_holiday,seasonal_factor,marketing_spend,weather_impact,price_elasticity
2022-01-01,PROD_0019,Electronics,Flagship_Store,623.72,542.18,97.0,97.0,116,60762.97,24305.19,True,False,1.005,0.0,0.877,-1.2
2022-01-08,PROD_0019,Electronics,Flagship_Store,363.44,467.99,230.0,113.0,113,41068.2,16427.28,True,False,1.041,0.0,0.996,-1.2
2022-01-22,PROD_0019,Electronics,Flagship_Store,754.39,636.23,72.0,72.0,274,54098.45,21639.38,True,False,1.111,0.0,1.115,-1.2
2022-02-05,PROD_0019,Electronics,Flagship_Store,607.24,595.21,81.0,81.0,405,49156.3,19662.52,True,False,1.174,0.0,1.159,-1.2
2022-02-19,PROD_0019,Electronics,Flagship_Store,484.69,568.9,142.0,124.0,124,60101.26,24040.5,True,False,1.227,0.0,1.12,-1.2
2022-02-26,PROD_0019,Electronics,Flagship_Store,584.78,581.8,123.0,123.0,242,71713.16,28685.26,True,False,1.249,0.0,0.905,-1.2
2022-03-05,PROD_0019,Electronics,Flagship_Store,684.35,668.69,94.0,94.0,404,64404.38,25761.75,True,False,1.268,0.0,1.015,-1.2
2022-03-12,PROD_0019,Electronics,Flagship_Store,596.3,565.81,131.0,131.0,475,78174.46,31269.78,True,False,1.282,0.0,0.89,-1.2
2022-03-19,PROD_0019,Electronics,Flagship_Store,575.2,640.04,138.0,138.0,424,79218.78,31687.51,True,False,1.292,0.0,0.924,-1.2
2022-04-09,PROD_0019,Electronics,Flagship_Store,454.72,554.42,152.0,137.0,137,62297.21,24918.88,True,False,1.297,0.0,1.003,-1.2
2022-04-16,PROD_0019,Electronics,Flagship_Store,532.05,561.41,163.0,163.0,372,86519.27,34607.71,True,False,1.29,0.0,1.015,-1.2
2022-04-30,PROD_0019,Electronics,Flagship_Store,498.03,526.47,154.0,154.0,469,76536.24,30614.5,True,False,1.264,0.0,1.008,-1.2
2022-05-07,PROD_0019,Electronics,Flagship_Store,498.6,544.84,119.0,119.0,334,59393.46,23757.38,True,False,1.245,0.0,0.978,-1.2
2022-05-21,PROD_0019,Electronics,Flagship_Store,617.78,514.83,79.0,79.0,402,48728.07,19491.23,True,False,1.197,0.0,1.087,-1.2
2022-05-28,PROD_0019,Electronics,Flagship_Store,537.75,564.37,111.0,111.0,307,59672.05,23868.82,True,False,1.168,0.0,0.907,-1.2
2022-06-04,PROD_0019,Electronics,Flagship_Store,460.04,511.6,189.0,189.0,195,86815.68,34726.27,True,False,1.137,0.0,1.079,-1.2
2022-06-11,PROD_0019,Electronics,Flagship_Store,620.9,509.43,99.0,99.0,346,61247.71,24499.08,True,False,1.104,0.0,0.928,-1.2
2022-06-18,PROD_0019,Electronics,Flagship_Store,454.3,470.2,150.0,150.0,185,68144.69,27257.88,True,False,1.069,0.0,0.807,-1.2
2022-06-25,PROD_0019,Electronics,Flagship_Store,512.17,529.88,94.0,94.0,132,48357.39,19342.96,True,False,1.033,0.0,1.137,-1.2
2022-07-02,PROD_0019,Electronics,Flagship_Store,552.33,576.34,88.0,88.0,440,48743.75,19497.5,True,False,0.997,0.0,1.107,-1.2
2022-07-16,PROD_0019,Electronics,Flagship_Store,643.62,550.45,72.0,72.0,152,46491.52,18596.61,True,False,0.926,0.0,0.729,-1.2
2022-07-23,PROD_0019,Electronics,Flagship_Store,505.83,585.16,62.0,62.0,265,31158.46,12463.38,True,False,0.891,0.0,1.021,-1.2
2022-08-13,PROD_0019,Electronics,Flagship_Store,542.22,556.77,100.0,100.0,430,54032.12,21612.85,True,False,0.8,0.0,0.855,-1.2
2022-08-20,PROD_0019,Electronics,Flagship_Store,484.02,545.74,97.0,92.0,92,44529.49,17811.8,True,False,0.774,0.0,1.133,-1.2
2022-08-27,PROD_0019,Electronics,Flagship_Store,530.8,596.09,77.0,77.0,282,41053.4,16421.36,True,False,0.752,0.0,0.926,-1.2
2022-09-03,PROD_0019,Electronics,Flagship_Store,432.35,527.52,125.0,125.0,310,54061.45,21624.58,True,False,0.734,0.0,1.167,-1.2
2022-09-10,PROD_0019,Electronics,Flagship_Store,515.04,514.55,90.0,90.0,264,46525.48,18610.19,True,False,0.719,0.0,0.948,-1.2
2022-09-17,PROD_0019,Electronics,Flagship_Store,654.33,555.15,62.0,62.0,331,40605.82,16242.33,True,False,0.708,0.0,0.982,-1.2
2022-10-01,PROD_0019,Electronics,Flagship_Store,601.48,586.31,73.0,73.0,188,44000.84,17600.34,True,False,0.7,0.0,0.988,-1.2
2022-10-15,PROD_0019,Electronics,Flagship_Store,535.63,461.4,53.0,53.0,454,28473.49,11389.39,True,False,0.709,0.0,0.962,-1.2
2022-10-22,PROD_0019,Electronics,Flagship_Store,574.57,524.54,82.0,82.0,293,47234.2,18893.68,True,False,0.72,0.0,1.12,-1.2
2022-10-29,PROD_0019,Electronics,Flagship_Store,470.8,524.39,107.0,107.0,235,50219.48,20087.79,True,False,0.735,0.0,1.064,-1.2
2022-11-19,PROD_0019,Electronics,Flagship_Store,468.68,575.02,77.0,77.0,486,36006.61,14402.65,True,False,0.802,0.0,0.998,-1.2
2022-11-26,PROD_0019,Electronics,Flagship_Store,529.7,654.24,91.0,91.0,217,48197.61,19279.04,True,False,0.83,0.0,0.994,-1.2
2022-12-03,PROD_0019,Electronics,Flagship_Store,570.68,564.14,84.0,84.0,155,47656.84,19062.73,True,False,0.861,0.0,0.942,-1.2
2022-12-10,PROD_0019,Electronics,Flagship_Store,590.11,516.9,104.0,104.0,415,61518.49,24607.4,True,False,0.894,0.0,1.07,-1.2
2022-12-24,PROD_0019,Electronics,Flagship_Store,544.57,485.79,107.0,107.0,234,58048.66,23219.46,True,True,0.964,0.0,0.998,-1.2
2022-12-31,PROD_0019,Electronics,Flagship_Store,572.5,542.61,110.0,110.0,426,62719.91,25087.96,True,True,1.0,0.0,1.103,-1.2
2023-01-07,PROD_0019,Electronics,Flagship_Store,516.54,559.98,131.0,131.0,233,67686.47,27074.59,True,False,1.036,0.0,0.861,-1.2
2023-01-14,PROD_0019,Electronics,Flagship_Store,474.59,487.51,132.0,132.0,410,62758.01,25103.21,True,False,1.072,0.0,0.86,-1.2
2023-01-28,PROD_0019,Electronics,Flagship_Store,626.92,566.59,92.0,92.0,251,57688.44,23075.38,True,False,1.139,0.0,0.967,-1.2
2023-02-11,PROD_0019,Electronics,Flagship_Store,625.0,618.02,114.0,108.0,108,67499.49,26999.8,True,False,1.198,0.0,0.923,-1.2
2023-02-18,PROD_0019,Electronics,Flagship_Store,434.04,467.76,189.0,189.0,410,81909.97,32763.99,True,False,1.224,0.0,1.066,-1.2
2023-03-11,PROD_0019,Electronics,Flagship_Store,627.73,562.26,109.0,109.0,272,68526.78,27410.71,True,False,1.28,0.0,0.942,-1.2
2023-03-18,PROD_0019,Electronics,Flagship_Store,436.05,560.04,128.0,128.0,352,55671.94,22268.78,True,False,1.291,0.0,0.909,-1.2
2023-04-08,PROD_0019,Electronics,Flagship_Store,413.98,439.69,199.0,101.0,101,41811.97,16724.79,True,False,1.298,0.0,1.036,-1.2
2023-04-15,PROD_0019,Electronics,Flagship_Store,499.24,526.17,180.0,95.0,95,47427.76,18971.11,True,False,1.292,0.0,1.142,-1.2
2023-04-29,PROD_0019,Electronics,Flagship_Store,561.31,579.88,131.0,99.0,99,55569.32,22227.73,True,False,1.266,0.0,0.777,-1.2
2023-05-06,PROD_0019,Electronics,Flagship_Store,600.9,598.47,125.0,125.0,358,75244.19,30097.67,True,False,1.248,0.0,1.011,-1.2
2023-05-13,PROD_0019,Electronics,Flagship_Store,756.97,651.14,88.0,88.0,250,66288.45,26515.38,True,False,1.226,0.0,0.934,-1.2
2023-05-20,PROD_0019,Electronics,Flagship_Store,537.26,516.21,108.0,108.0,169,58256.16,23302.46,True,False,1.2,0.0,1.009,-1.2
2023-05-27,PROD_0019,Electronics,Flagship_Store,532.94,511.0,81.0,81.0,206,43024.84,17209.94,True,False,1.172,0.0,1.085,-1.2
2023-06-03,PROD_0019,Electronics,Flagship_Store,584.2,595.08,128.0,128.0,452,74601.83,29840.73,True,False,1.141,0.0,0.885,-1.2
2023-06-10,PROD_0019,Electronics,Flagship_Store,556.09,528.78,141.0,141.0,440,78544.85,31417.94,True,False,1.109,0.0,0.912,-1.2
2023-06-24,PROD_0019,Electronics,Flagship_Store,529.44,558.4,103.0,103.0,393,54355.17,21742.07,True,False,1.039,0.0,0.931,-1.2
2023-07-01,PROD_0019,Electronics,Flagship_Store,568.57,524.1,136.0,136.0,138,77307.87,30923.15,True,False,1.003,0.0,0.955,-1.2
2023-07-08,PROD_0019,Electronics,Flagship_Store,551.69,570.02,96.0,96.0,447,53155.6,21262.24,True,False,0.967,0.0,1.016,-1.2
2023-07-15,PROD_0019,Electronics,Flagship_Store,545.8,567.91,79.0,79.0,271,43247.96,17299.18,True,False,0.931,0.0,1.064,-1.2
2023-07-22,PROD_0019,Electronics,Flagship_Store,603.61,517.18,81.0,81.0,492,48842.86,19537.14,True,False,0.896,0.0,0.909,-1.2
2023-07-29,PROD_0019,Electronics,Flagship_Store,599.51,574.26,103.0,98.0,98,58752.34,23500.93,True,False,0.863,0.0,0.965,-1.2
2023-08-05,PROD_0019,Electronics,Flagship_Store,389.62,427.04,78.0,78.0,443,30500.24,12200.1,True,False,0.832,0.0,1.024,-1.2
2023-08-12,PROD_0019,Electronics,Flagship_Store,675.28,644.66,59.0,59.0,397,40089.79,16035.92,True,False,0.803,0.0,1.027,-1.2
2023-08-26,PROD_0019,Electronics,Flagship_Store,629.29,639.03,61.0,61.0,494,38376.92,15350.77,True,False,0.755,0.0,1.057,-1.2
2023-09-09,PROD_0019,Electronics,Flagship_Store,505.22,500.03,93.0,93.0,398,46779.76,18711.9,True,False,0.721,0.0,0.995,-1.2
2023-09-16,PROD_0019,Electronics,Flagship_Store,610.83,541.09,39.0,39.0,165,23987.46,9594.98,True,False,0.71,0.0,1.174,-1.2
2023-09-23,PROD_0019,Electronics,Flagship_Store,639.53,552.58,53.0,53.0,428,33776.94,13510.78,True,False,0.703,0.0,0.944,-1.2
2023-09-30,PROD_0019,Electronics,Flagship_Store,690.42,667.77,57.0,57.0,201,39609.73,15843.89,True,False,0.7,0.0,0.959,-1.2
2023-10-07,PROD_0019,Electronics,Flagship_Store,690.48,592.82,62.0,62.0,386,42659.81,17063.93,True,False,0.702,0.0,0.98,-1.2
2023-10-14,PROD_0019,Electronics,Flagship_Store,586.0,553.4,55.0,55.0,76,31943.49,12777.4,True,False,0.708,0.0,1.007,-1.2
2023-10-21,PROD_0019,Electronics,Flagship_Store,631.75,532.9,61.0,61.0,201,38418.84,15367.54,True,False,0.718,0.0,0.993,-1.2
2023-10-28,PROD_0019,Electronics,Flagship_Store,633.49,520.63,63.0,59.0,59,37375.7,14950.28,True,False,0.732,0.0,0.922,-1.2
2023-11-04,PROD_0019,Electronics,Flagship_Store,601.33,533.04,73.0,73.0,133,44116.72,17646.69,True,False,0.751,0.0,1.068,-1.2
2023-11-11,PROD_0019,Electronics,Flagship_Store,603.91,522.44,51.0,51.0,128,30629.13,12251.65,True,False,0.773,0.0,0.764,-1.2
2023-11-18,PROD_0019,Electronics,Flagship_Store,626.75,574.1,66.0,64.0,64,40112.12,16044.85,True,False,0.798,0.0,1.036,-1.2
2023-11-25,PROD_0019,Electronics,Flagship_Store,656.89,617.26,75.0,75.0,441,49244.41,19697.77,True,False,0.826,0.0,0.983,-1.2
2023-12-02,PROD_0019,Electronics,Flagship_Store,610.89,597.54,57.0,57.0,353,34856.39,13942.55,True,False,0.856,0.0,0.821,-1.2
2023-12-09,PROD_0019,Electronics,Flagship_Store,682.55,601.6,67.0,67.0,103,45689.14,18275.66,True,False,0.889,0.0,1.164,-1.2
2023-12-16,PROD_0019,Electronics,Flagship_Store,461.27,535.41,110.0,110.0,199,50712.7,20285.08,True,False,0.923,0.0,1.067,-1.2
2023-12-23,PROD_0019,Electronics,Flagship_Store,615.72,551.76,67.0,67.0,401,41148.75,16459.5,True,True,0.959,0.0,1.149,-1.2
2023-12-30,PROD_0019,Electronics,Flagship_Store,450.41,484.36,106.0,106.0,172,47925.93,19170.37,True,True,0.995,0.0,0.981,-1.2
