dynamic_pricing_dataset.csv
date,product_id,category,store,price,competitor_price,demand,actual_sales,inventory_level,revenue,profit,is_weekend,is_holiday,seasonal_factor,marketing_spend,weather_impact,price_elasticity
2022-01-01,PROD_0020,Electronics,Flagship_Store,380.93,477.72,173.0,173.0,197,65916.82,26366.73,True,False,1.005,0.0,1.081,-1.2
2022-01-08,PROD_0020,Electronics,Flagship_Store,436.23,458.36,152.0,152.0,317,66126.08,26450.43,True,False,1.041,0.0,0.984,-1.2
2022-01-15,PROD_0020,Electronics,Flagship_Store,552.99,499.27,96.0,96.0,129,52825.8,21130.32,True,False,1.077,0.0,1.127,-1.2
2022-02-05,PROD_0020,Electronics,Flagship_Store,612.26,532.65,109.0,109.0,352,66454.31,26581.73,True,False,1.174,0.0,1.094,-1.2
2022-02-19,PROD_0020,Electronics,Flagship_Store,461.0,452.19,159.0,154.0,154,70993.25,28397.3,True,False,1.227,0.0,0.983,-1.2
2022-02-26,PROD_0020,Electronics,Flagship_Store,411.18,496.13,150.0,132.0,132,54276.06,21710.43,True,False,1.249,0.0,0.996,-1.2
2022-03-05,PROD_0020,Electronics,Flagship_Store,502.56,436.9,108.0,108.0,310,54459.79,21783.92,True,False,1.268,0.0,1.046,-1.2
2022-03-12,PROD_0020,Electronics,Flagship_Store,497.6,485.8,107.0,107.0,395,53444.93,21377.97,True,False,1.282,0.0,1.211,-1.2
2022-03-19,PROD_0020,Electronics,Flagship_Store,529.19,507.26,183.0,183.0,452,96717.17,38686.87,True,False,1.292,0.0,1.029,-1.2
2022-04-02,PROD_0020,Electronics,Flagship_Store,547.95,443.42,151.0,102.0,102,55890.55,22356.22,True,False,1.3,0.0,0.99,-1.2
2022-04-09,PROD_0020,Electronics,Flagship_Store,561.87,567.84,144.0,144.0,331,81041.91,32416.76,True,False,1.297,0.0,0.949,-1.2
2022-04-30,PROD_0020,Electronics,Flagship_Store,591.42,555.92,106.0,78.0,78,46130.84,18452.34,True,False,1.264,0.0,0.781,-1.2
2022-05-07,PROD_0020,Electronics,Flagship_Store,538.73,549.58,128.0,61.0,61,32862.41,13144.96,True,False,1.245,0.0,0.989,-1.2
2022-05-14,PROD_0020,Electronics,Flagship_Store,525.23,440.31,158.0,158.0,326,82751.54,33100.62,True,False,1.222,0.0,1.11,-1.2
2022-05-21,PROD_0020,Electronics,Flagship_Store,611.67,514.89,96.0,96.0,493,58896.46,23558.58,True,False,1.197,0.0,0.889,-1.2
2022-06-04,PROD_0020,Electronics,Flagship_Store,465.59,433.77,158.0,147.0,147,68441.81,27376.73,True,False,1.137,0.0,0.92,-1.2
2022-06-11,PROD_0020,Electronics,Flagship_Store,538.43,544.65,104.0,104.0,214,56066.32,22426.53,True,False,1.104,0.0,1.046,-1.2
2022-06-18,PROD_0020,Electronics,Flagship_Store,620.85,530.92,86.0,86.0,432,53182.91,21273.16,True,False,1.069,0.0,1.219,-1.2
2022-06-25,PROD_0020,Electronics,Flagship_Store,553.58,498.61,117.0,117.0,390,64965.94,25986.38,True,False,1.033,0.0,1.004,-1.2
2022-07-02,PROD_0020,Electronics,Flagship_Store,602.75,556.15,102.0,102.0,278,61216.7,24486.68,True,False,0.997,0.0,1.056,-1.2
2022-07-16,PROD_0020,Electronics,Flagship_Store,549.1,543.13,84.0,84.0,110,46115.9,18446.36,True,False,0.926,0.0,0.857,-1.2
2022-07-23,PROD_0020,Electronics,Flagship_Store,466.47,555.9,100.0,100.0,153,46556.11,18622.45,True,False,0.891,0.0,0.911,-1.2
2022-08-06,PROD_0020,Electronics,Flagship_Store,450.35,510.61,103.0,103.0,405,46271.74,18508.7,True,False,0.828,0.0,1.053,-1.2
2022-08-20,PROD_0020,Electronics,Flagship_Store,409.51,499.14,129.0,129.0,259,52985.17,21194.07,True,False,0.774,0.0,1.111,-1.2
2022-08-27,PROD_0020,Electronics,Flagship_Store,582.27,583.9,77.0,77.0,82,44766.63,17906.65,True,False,0.752,0.0,0.981,-1.2
2022-09-10,PROD_0020,Electronics,Flagship_Store,378.89,460.77,124.0,124.0,343,46880.44,18752.18,True,False,0.719,0.0,0.924,-1.2
2022-09-17,PROD_0020,Electronics,Flagship_Store,589.95,591.66,62.0,62.0,439,36437.29,14574.92,True,False,0.708,0.0,0.884,-1.2
2022-09-24,PROD_0020,Electronics,Flagship_Store,616.57,557.82,60.0,60.0,269,37212.84,14885.14,True,False,0.702,0.0,1.159,-1.2
2022-10-08,PROD_0020,Electronics,Flagship_Store,473.82,438.44,78.0,78.0,341,37165.38,14866.15,True,False,0.702,0.0,0.948,-1.2
2022-10-22,PROD_0020,Electronics,Flagship_Store,688.59,591.47,43.0,43.0,325,29464.23,11785.69,True,False,0.72,0.0,1.078,-1.2
2022-11-05,PROD_0020,Electronics,Flagship_Store,542.17,501.08,36.0,36.0,145,19653.09,7861.24,True,False,0.754,0.0,0.979,-1.2
2022-11-19,PROD_0020,Electronics,Flagship_Store,499.83,519.84,58.0,58.0,415,28782.0,11512.8,True,False,0.802,0.0,0.937,-1.2
2022-11-26,PROD_0020,Electronics,Flagship_Store,536.08,523.8,70.0,70.0,204,37336.95,14934.78,True,False,0.83,0.0,1.11,-1.2
2022-12-03,PROD_0020,Electronics,Flagship_Store,599.96,626.98,80.0,62.0,62,37197.54,14879.01,True,False,0.861,0.0,0.929,-1.2
2022-12-10,PROD_0020,Electronics,Flagship_Store,431.43,458.52,133.0,133.0,135,57551.22,23020.49,True,False,0.894,0.0,1.022,-1.2
2022-12-17,PROD_0020,Electronics,Flagship_Store,580.93,589.48,93.0,93.0,474,54020.94,21608.38,True,False,0.928,0.0,0.907,-1.2
2022-12-24,PROD_0020,Electronics,Flagship_Store,521.44,554.22,91.0,91.0,380,47296.92,18918.77,True,True,0.964,0.0,1.032,-1.2
2022-12-31,PROD_0020,Electronics,Flagship_Store,672.7,588.89,90.0,90.0,90,60542.65,24217.06,True,True,1.0,0.0,1.032,-1.2
2023-01-21,PROD_0020,Electronics,Flagship_Store,665.18,603.64,71.0,71.0,459,47128.69,18851.48,True,False,1.106,0.0,1.014,-1.2
2023-01-28,PROD_0020,Electronics,Flagship_Store,465.49,585.62,170.0,100.0,100,46549.04,18619.62,True,False,1.139,0.0,0.958,-1.2
2023-02-04,PROD_0020,Electronics,Flagship_Store,524.5,530.07,121.0,121.0,450,63292.91,25317.16,True,False,1.17,0.0,0.968,-1.2
2023-02-11,PROD_0020,Electronics,Flagship_Store,541.15,504.92,150.0,150.0,464,81038.69,32415.47,True,False,1.198,0.0,1.102,-1.2
2023-02-18,PROD_0020,Electronics,Flagship_Store,484.13,516.21,158.0,158.0,171,76719.27,30687.71,True,False,1.224,0.0,1.077,-1.2
2023-02-25,PROD_0020,Electronics,Flagship_Store,626.79,558.28,112.0,112.0,425,70450.87,28180.35,True,False,1.246,0.0,1.048,-1.2
2023-03-04,PROD_0020,Electronics,Flagship_Store,703.87,605.06,97.0,97.0,118,68023.29,27209.32,True,False,1.265,0.0,1.05,-1.2
2023-03-18,PROD_0020,Electronics,Flagship_Store,595.67,587.4,106.0,106.0,156,63229.76,25291.9,True,False,1.291,0.0,0.982,-1.2
2023-04-22,PROD_0020,Electronics,Flagship_Store,582.74,531.67,135.0,135.0,370,78786.03,31514.41,True,False,1.281,0.0,0.958,-1.2
2023-04-29,PROD_0020,Electronics,Flagship_Store,469.16,503.39,102.0,102.0,165,47855.2,19142.08,True,False,1.266,0.0,0.978,-1.2
2023-05-13,PROD_0020,Electronics,Flagship_Store,457.15,509.66,193.0,129.0,129,58971.71,23588.68,True,False,1.226,0.0,0.969,-1.2
2023-05-20,PROD_0020,Electronics,Flagship_Store,551.08,515.71,123.0,123.0,203,67632.72,27053.09,True,False,1.2,0.0,0.823,-1.2
2023-05-27,PROD_0020,Electronics,Flagship_Store,559.2,562.54,112.0,112.0,374,62404.1,24961.64,True,False,1.172,0.0,0.896,-1.2
2023-06-10,PROD_0020,Electronics,Flagship_Store,490.46,572.29,98.0,98.0,198,48213.35,19285.34,True,False,1.109,0.0,0.877,-1.2
2023-06-17,PROD_0020,Electronics,Flagship_Store,563.4,474.49,68.0,68.0,281,38195.92,15278.37,True,False,1.074,0.0,0.96,-1.2
2023-06-24,PROD_0020,Electronics,Flagship_Store,445.69,464.79,150.0,150.0,483,66720.88,26688.35,True,False,1.039,0.0,0.899,-1.2
2023-07-01,PROD_0020,Electronics,Flagship_Store,575.38,622.74,57.0,57.0,474,32588.81,13035.52,True,False,1.003,0.0,1.072,-1.2
2023-07-15,PROD_0020,Electronics,Flagship_Store,631.13,593.38,69.0,69.0,152,43643.78,17457.51,True,False,0.931,0.0,1.105,-1.2
2023-07-29,PROD_0020,Electronics,Flagship_Store,510.18,563.26,99.0,99.0,179,50739.61,20295.85,True,False,0.863,0.0,0.971,-1.2
2023-08-12,PROD_0020,Electronics,Flagship_Store,500.86,501.68,99.0,99.0,381,49750.61,19900.24,True,False,0.803,0.0,0.924,-1.2
2023-08-19,PROD_0020,Electronics,Flagship_Store,592.95,590.15,79.0,79.0,439,46978.68,18791.47,True,False,0.778,0.0,0.985,-1.2
2023-08-26,PROD_0020,Electronics,Flagship_Store,545.72,450.32,64.0,64.0,444,34950.01,13980.0,True,False,0.755,0.0,0.946,-1.2
2023-09-02,PROD_0020,Electronics,Flagship_Store,676.1,575.26,50.0,50.0,144,33590.76,13436.3,True,False,0.736,0.0,1.013,-1.2
2023-09-09,PROD_0020,Electronics,Flagship_Store,657.14,572.19,60.0,60.0,193,39280.87,15712.35,True,False,0.721,0.0,0.867,-1.2
2023-09-16,PROD_0020,Electronics,Flagship_Store,612.3,633.12,72.0,72.0,197,44247.42,17698.97,True,False,0.71,0.0,0.869,-1.2
2023-09-23,PROD_0020,Electronics,Flagship_Store,601.21,556.73,54.0,54.0,224,32440.98,12976.39,True,False,0.703,0.0,1.037,-1.2
2023-10-07,PROD_0020,Electronics,Flagship_Store,499.81,499.14,60.0,60.0,321,30199.17,12079.67,True,False,0.702,0.0,1.056,-1.2
2023-10-14,PROD_0020,Electronics,Flagship_Store,614.03,623.62,71.0,71.0,207,43424.71,17369.88,True,False,0.708,0.0,0.885,-1.2
2023-10-21,PROD_0020,Electronics,Flagship_Store,395.24,466.24,138.0,138.0,298,54595.34,21838.14,True,False,0.718,0.0,0.956,-1.2
2023-10-28,PROD_0020,Electronics,Flagship_Store,645.88,555.04,75.0,75.0,216,48325.01,19330.0,True,False,0.732,0.0,0.798,-1.2
2023-11-11,PROD_0020,Electronics,Flagship_Store,609.08,540.7,52.0,52.0,458,31705.02,12682.01,True,False,0.773,0.0,0.943,-1.2
2023-11-25,PROD_0020,Electronics,Flagship_Store,593.77,561.85,63.0,63.0,386,37341.16,14936.46,True,False,0.826,0.0,0.979,-1.2
2023-12-02,PROD_0020,Electronics,Flagship_Store,733.15,667.85,64.0,64.0,466,47202.98,18881.19,True,False,0.856,0.0,1.102,-1.2
2023-12-16,PROD_0020,Electronics,Flagship_Store,590.23,545.95,102.0,102.0,404,60045.27,24018.11,True,False,0.923,0.0,0.821,-1.2
