dynamic_pricing_dataset.csv
date,product_id,category,store,price,competitor_price,demand,actual_sales,inventory_level,revenue,profit,is_weekend,is_holiday,seasonal_factor,marketing_spend,weather_impact,price_elasticity
2022-01-01,PROD_0023,Clothing,Premium_Store,128.93,114.44,48.0,48.0,60,6230.06,2492.02,True,False,1.009,0.0,0.819,-1.8
2022-01-08,PROD_0023,Clothing,Premium_Store,108.78,97.59,62.0,62.0,108,6788.93,2715.57,True,False,1.069,0.0,1.076,-1.8
2022-01-15,PROD_0023,Clothing,Premium_Store,96.61,102.81,87.0,87.0,404,8402.36,3360.94,True,False,1.128,0.0,1.145,-1.8
2022-02-05,PROD_0023,Clothing,Premium_Store,91.9,97.88,117.0,117.0,254,10727.92,4291.17,True,False,1.29,0.0,1.001,-1.8
2022-02-12,PROD_0023,Clothing,Premium_Store,103.84,125.55,93.0,93.0,214,9639.37,3855.75,True,False,1.337,0.0,1.011,-1.8
2022-03-12,PROD_0023,Clothing,Premium_Store,114.2,101.6,96.0,96.0,455,10955.12,4382.05,True,False,1.47,0.0,1.024,-1.8
2022-03-19,PROD_0023,Clothing,Premium_Store,78.42,90.86,121.0,93.0,93,7292.77,2917.11,True,False,1.487,0.0,1.004,-1.8
2022-03-26,PROD_0023,Clothing,Premium_Store,108.74,112.7,134.0,134.0,179,14619.28,5847.71,True,False,1.497,0.0,0.978,-1.8
2022-04-02,PROD_0023,Clothing,Premium_Store,114.2,98.97,99.0,99.0,414,11279.03,4511.61,True,False,1.5,0.0,1.051,-1.8
2022-04-09,PROD_0023,Clothing,Premium_Store,101.91,111.27,86.0,86.0,269,8745.91,3498.36,True,False,1.496,0.0,1.132,-1.8
2022-04-16,PROD_0023,Clothing,Premium_Store,100.78,97.68,134.0,134.0,152,13514.24,5405.7,True,False,1.484,0.0,1.311,-1.8
2022-04-23,PROD_0023,Clothing,Premium_Store,85.16,95.15,145.0,145.0,394,12336.3,4934.52,True,False,1.465,0.0,0.922,-1.8
2022-04-30,PROD_0023,Clothing,Premium_Store,90.99,94.04,149.0,141.0,141,12829.36,5131.74,True,False,1.44,0.0,0.809,-1.8
2022-05-07,PROD_0023,Clothing,Premium_Store,102.85,91.65,105.0,105.0,324,10766.6,4306.64,True,False,1.408,0.0,0.936,-1.8
2022-05-14,PROD_0023,Clothing,Premium_Store,80.72,92.83,188.0,188.0,388,15198.8,6079.52,True,False,1.371,0.0,0.99,-1.8
2022-05-21,PROD_0023,Clothing,Premium_Store,109.81,117.67,89.0,89.0,387,9788.94,3915.58,True,False,1.328,0.0,0.934,-1.8
2022-05-28,PROD_0023,Clothing,Premium_Store,142.55,117.02,68.0,68.0,101,9660.54,3864.21,True,False,1.28,0.0,0.856,-1.8
2022-06-25,PROD_0023,Clothing,Premium_Store,128.22,111.76,39.0,39.0,117,5014.61,2005.84,True,False,1.056,0.0,1.143,-1.8
2022-07-02,PROD_0023,Clothing,Premium_Store,92.05,95.39,112.0,112.0,274,10296.65,4118.66,True,False,0.996,0.0,0.881,-1.8
2022-07-09,PROD_0023,Clothing,Premium_Store,82.25,93.82,146.0,146.0,155,12029.01,4811.6,True,False,0.936,0.0,1.106,-1.8
2022-07-30,PROD_0023,Clothing,Premium_Store,109.72,96.46,43.0,43.0,242,4693.67,1877.47,True,False,0.764,0.0,0.931,-1.8
2022-08-13,PROD_0023,Clothing,Premium_Store,122.49,112.34,40.0,40.0,142,4957.5,1983.0,True,False,0.666,0.0,1.002,-1.8
2022-09-03,PROD_0023,Clothing,Premium_Store,103.92,102.19,35.0,35.0,336,3623.31,1449.32,True,False,0.556,0.0,1.167,-1.8
2022-09-10,PROD_0023,Clothing,Premium_Store,108.71,114.05,27.0,27.0,309,2935.24,1174.1,True,False,0.532,0.0,1.011,-1.8
2022-09-17,PROD_0023,Clothing,Premium_Store,110.19,102.68,12.0,12.0,444,1358.11,543.24,True,False,0.514,0.0,0.825,-1.8
2022-10-01,PROD_0023,Clothing,Premium_Store,124.49,108.35,16.0,16.0,490,1968.86,787.54,True,False,0.5,0.0,0.939,-1.8
2022-10-08,PROD_0023,Clothing,Premium_Store,105.99,107.33,30.0,30.0,192,3226.08,1290.43,True,False,0.504,0.0,1.053,-1.8
2022-10-15,PROD_0023,Clothing,Premium_Store,106.97,92.53,26.0,26.0,464,2793.64,1117.46,True,False,0.515,0.0,1.167,-1.8
2022-10-29,PROD_0023,Clothing,Premium_Store,98.91,95.64,46.0,46.0,111,4591.98,1836.79,True,False,0.558,0.0,1.066,-1.8
2022-11-05,PROD_0023,Clothing,Premium_Store,106.31,100.26,39.0,39.0,107,4154.06,1661.62,True,False,0.589,0.0,1.015,-1.8
2022-11-12,PROD_0023,Clothing,Premium_Store,126.64,104.82,24.0,24.0,258,3075.43,1230.17,True,False,0.627,0.0,0.985,-1.8
2022-11-19,PROD_0023,Clothing,Premium_Store,101.34,99.16,52.0,52.0,370,5294.02,2117.61,True,False,0.669,0.0,1.065,-1.8
2022-12-03,PROD_0023,Clothing,Premium_Store,114.11,109.79,49.0,49.0,235,5630.69,2252.28,True,False,0.768,0.0,0.916,-1.8
2022-12-10,PROD_0023,Clothing,Premium_Store,85.93,93.26,101.0,101.0,458,8672.64,3469.06,True,False,0.823,0.0,0.885,-1.8
2022-12-24,PROD_0023,Clothing,Premium_Store,76.4,88.22,115.0,101.0,101,7716.3,3086.52,True,True,0.94,0.0,1.1,-1.8
2022-12-31,PROD_0023,Clothing,Premium_Store,108.98,102.68,69.0,69.0,211,7497.48,2998.99,True,True,1.0,0.0,1.062,-1.8
2023-01-14,PROD_0023,Clothing,Premium_Store,98.79,106.5,71.0,71.0,78,7052.26,2820.91,True,False,1.119,0.0,1.013,-1.8
2023-01-21,PROD_0023,Clothing,Premium_Store,89.16,88.09,100.0,100.0,394,8897.51,3559.0,True,False,1.177,0.0,1.032,-1.8
2023-01-28,PROD_0023,Clothing,Premium_Store,117.68,97.69,84.0,84.0,229,9920.67,3968.27,True,False,1.232,0.0,0.985,-1.8
2023-02-04,PROD_0023,Clothing,Premium_Store,105.35,102.73,63.0,63.0,481,6688.13,2675.25,True,False,1.283,0.0,1.032,-1.8
2023-02-11,PROD_0023,Clothing,Premium_Store,116.91,111.8,65.0,65.0,105,7541.92,3016.77,True,False,1.331,0.0,0.974,-1.8
2023-02-25,PROD_0023,Clothing,Premium_Store,123.61,113.61,77.0,77.0,435,9516.1,3806.44,True,False,1.411,0.0,0.944,-1.8
2023-03-11,PROD_0023,Clothing,Premium_Store,77.64,86.15,159.0,58.0,58,4503.17,1801.27,True,False,1.467,0.0,1.154,-1.8
2023-03-18,PROD_0023,Clothing,Premium_Store,124.11,102.85,73.0,73.0,270,9003.64,3601.46,True,False,1.485,0.0,0.898,-1.8
2023-04-01,PROD_0023,Clothing,Premium_Store,107.32,119.97,106.0,106.0,347,11399.0,4559.6,True,False,1.5,0.0,1.118,-1.8
2023-04-08,PROD_0023,Clothing,Premium_Store,90.36,98.49,170.0,170.0,189,15365.71,6146.28,True,False,1.497,0.0,0.948,-1.8
2023-04-15,PROD_0023,Clothing,Premium_Store,89.6,86.03,154.0,154.0,416,13776.93,5510.77,True,False,1.486,0.0,1.116,-1.8
2023-04-29,PROD_0023,Clothing,Premium_Store,87.97,87.79,120.0,120.0,482,10572.1,4228.84,True,False,1.444,0.0,1.109,-1.8
2023-05-06,PROD_0023,Clothing,Premium_Store,135.55,118.18,76.0,76.0,413,10291.62,4116.65,True,False,1.413,0.0,0.899,-1.8
2023-05-13,PROD_0023,Clothing,Premium_Store,123.26,119.72,71.0,71.0,222,8692.77,3477.11,True,False,1.376,0.0,0.946,-1.8
2023-05-20,PROD_0023,Clothing,Premium_Store,127.25,108.62,52.0,52.0,228,6647.52,2659.01,True,False,1.334,0.0,1.189,-1.8
2023-05-27,PROD_0023,Clothing,Premium_Store,96.08,118.23,103.0,103.0,268,9937.45,3974.98,True,False,1.287,0.0,0.993,-1.8
2023-06-03,PROD_0023,Clothing,Premium_Store,120.37,107.33,49.0,49.0,116,5884.38,2353.75,True,False,1.236,0.0,1.04,-1.8
2023-06-10,PROD_0023,Clothing,Premium_Store,97.45,102.35,107.0,107.0,279,10421.35,4168.54,True,False,1.181,0.0,1.071,-1.8
2023-06-17,PROD_0023,Clothing,Premium_Store,111.27,104.13,81.0,81.0,431,9004.49,3601.8,True,False,1.124,0.0,1.133,-1.8
2023-06-24,PROD_0023,Clothing,Premium_Store,109.84,110.71,72.0,72.0,139,7879.29,3151.71,True,False,1.064,0.0,1.089,-1.8
2023-07-08,PROD_0023,Clothing,Premium_Store,116.16,105.18,52.0,52.0,391,6062.87,2425.15,True,False,0.944,0.0,0.918,-1.8
2023-07-15,PROD_0023,Clothing,Premium_Store,115.21,114.0,41.0,41.0,296,4741.69,1896.67,True,False,0.885,0.0,1.024,-1.8
2023-07-29,PROD_0023,Clothing,Premium_Store,101.03,104.95,70.0,70.0,229,7117.55,2847.02,True,False,0.772,0.0,0.915,-1.8
2023-08-12,PROD_0023,Clothing,Premium_Store,113.16,119.05,34.0,34.0,177,3845.7,1538.28,True,False,0.672,0.0,0.979,-1.8
2023-08-19,PROD_0023,Clothing,Premium_Store,119.67,100.38,34.0,34.0,480,4100.29,1640.12,True,False,0.629,0.0,0.877,-1.8
2023-08-26,PROD_0023,Clothing,Premium_Store,118.47,109.73,31.0,31.0,475,3714.88,1485.95,True,False,0.592,0.0,0.923,-1.8
2023-09-16,PROD_0023,Clothing,Premium_Store,91.63,101.66,37.0,37.0,396,3359.26,1343.7,True,False,0.516,0.0,0.933,-1.8
2023-09-23,PROD_0023,Clothing,Premium_Store,94.33,100.89,21.0,21.0,95,2018.0,807.2,True,False,0.504,0.0,0.953,-1.8
2023-09-30,PROD_0023,Clothing,Premium_Store,95.58,111.09,35.0,35.0,366,3327.14,1330.86,True,False,0.5,0.0,1.065,-1.8
2023-10-14,PROD_0023,Clothing,Premium_Store,113.46,106.52,25.0,25.0,124,2871.96,1148.78,True,False,0.513,0.0,1.104,-1.8
2023-10-21,PROD_0023,Clothing,Premium_Store,105.52,108.42,36.0,36.0,140,3763.29,1505.31,True,False,0.53,0.0,1.148,-1.8
2023-11-18,PROD_0023,Clothing,Premium_Store,132.14,115.98,36.0,36.0,411,4758.29,1903.32,True,False,0.663,0.0,0.974,-1.8
2023-12-16,PROD_0023,Clothing,Premium_Store,99.67,106.77,72.0,72.0,225,7163.64,2865.46,True,False,0.872,0.0,0.982,-1.8
2023-12-23,PROD_0023,Clothing,Premium_Store,129.19,123.28,39.0,39.0,386,5079.17,2031.67,True,True,0.931,0.0,0.992,-1.8
2023-12-30,PROD_0023,Clothing,Premium_Store,129.49,109.85,53.0,53.0,310,6822.0,2728.8,True,True,0.991,0.0,0.899,-1.8
2022-01-01,PROD_0024,Clothing,Premium_Store,114.94,109.49,68.0,68.0,220,7801.86,3120.74,True,False,1.009,0.0,1.101,-1.8
2022-01-08,PROD_0024,Clothing,Premium_Store,110.23,105.67,50.0,50.0,224,5543.3,2217.32,True,False,1.069,0.0,0.962,-1.8
2022-01-15,PROD_0024,Clothing,Premium_Store,116.75,104.42,55.0,55.0,334,6478.89,2591.55,True,False,1.128,0.0,1.037,-1.8
2022-01-29,PROD_0024,Clothing,Premium_Store,93.36,90.86,106.0,106.0,499,9858.9,3943.56,True,False,1.239,0.0,0.923,-1.8
2022-02-12,PROD_0024,Clothing,Premium_Store,106.68,108.85,112.0,112.0,407,11915.43,4766.17,True,False,1.337,0.0,0.804,-1.8
2022-02-19,PROD_0024,Clothing,Premium_Store,118.59,111.15,71.0,71.0,202,8439.29,3375.71,True,False,1.379,0.0,1.109,-1.8
2022-02-26,PROD_0024,Clothing,Premium_Store,99.95,106.48,148.0,68.0,68,6796.63,2718.65,True,False,1.416,0.0,0.944,-1.8
2022-03-05,PROD_0024,Clothing,Premium_Store,95.99,120.43,116.0,116.0,336,11150.92,4460.37,True,False,1.446,0.0,0.782,-1.8
2022-03-12,PROD_0024,Clothing,Premium_Store,98.89,98.44,110.0,110.0,401,10899.54,4359.82,True,False,1.47,0.0,1.043,-1.8
2022-03-19,PROD_0024,Clothing,Premium_Store,72.57,84.95,162.0,96.0,96,6966.69,2786.68,True,False,1.487,0.0,1.012,-1.8
2022-03-26,PROD_0024,Clothing,Premium_Store,109.54,91.52,95.0,95.0,214,10439.73,4175.89,True,False,1.497,0.0,0.953,-1.8
2022-04-09,PROD_0024,Clothing,Premium_Store,120.25,107.66,100.0,100.0,459,12016.19,4806.48,True,False,1.496,0.0,0.886,-1.8
2022-04-16,PROD_0024,Clothing,Premium_Store,111.53,115.88,96.0,96.0,312,10656.96,4262.78,True,False,1.484,0.0,0.979,-1.8
2022-04-23,PROD_0024,Clothing,Premium_Store,98.38,100.83,114.0,114.0,378,11216.86,4486.74,True,False,1.465,0.0,0.975,-1.8
2022-04-30,PROD_0024,Clothing,Premium_Store,126.82,112.43,58.0,58.0,427,7366.4,2946.56,True,False,1.44,0.0,1.116,-1.8
2022-05-07,PROD_0024,Clothing,Premium_Store,122.0,103.43,92.0,92.0,134,11207.86,4483.14,True,False,1.408,0.0,1.062,-1.8
2022-05-28,PROD_0024,Clothing,Premium_Store,125.43,103.6,63.0,63.0,156,7869.33,3147.73,True,False,1.28,0.0,0.908,-1.8
2022-06-11,PROD_0024,Clothing,Premium_Store,91.74,105.39,125.0,125.0,355,11482.25,4592.9,True,False,1.173,0.0,0.706,-1.8
2022-06-18,PROD_0024,Clothing,Premium_Store,86.89,104.85,109.0,61.0,61,5300.36,2120.14,True,False,1.115,0.0,1.007,-1.8
2022-06-25,PROD_0024,Clothing,Premium_Store,114.49,88.75,47.0,47.0,149,5331.1,2132.44,True,False,1.056,0.0,1.0,-1.8
2022-07-02,PROD_0024,Clothing,Premium_Store,93.33,103.09,62.0,53.0,53,4946.58,1978.63,True,False,0.996,0.0,1.008,-1.8
2022-07-09,PROD_0024,Clothing,Premium_Store,85.22,97.01,94.0,94.0,156,8011.12,3204.45,True,False,0.936,0.0,1.109,-1.8
2022-07-16,PROD_0024,Clothing,Premium_Store,96.68,94.9,115.0,115.0,481,11115.86,4446.34,True,False,0.876,0.0,0.95,-1.8
2022-07-23,PROD_0024,Clothing,Premium_Store,104.32,101.96,57.0,57.0,446,5921.75,2368.7,True,False,0.819,0.0,1.018,-1.8
2022-07-30,PROD_0024,Clothing,Premium_Store,111.74,106.93,37.0,37.0,438,4167.5,1667.0,True,False,0.764,0.0,0.967,-1.8
2022-08-06,PROD_0024,Clothing,Premium_Store,129.15,114.62,34.0,34.0,85,4397.81,1759.12,True,False,0.713,0.0,0.944,-1.8
2022-08-13,PROD_0024,Clothing,Premium_Store,108.13,112.15,44.0,44.0,168,4736.92,1894.77,True,False,0.666,0.0,0.856,-1.8
2022-08-27,PROD_0024,Clothing,Premium_Store,116.41,96.81,41.0,41.0,426,4803.82,1921.53,True,False,0.587,0.0,1.033,-1.8
2022-09-10,PROD_0024,Clothing,Premium_Store,99.79,101.72,36.0,36.0,180,3586.4,1434.56,True,False,0.532,0.0,1.086,-1.8
2022-09-17,PROD_0024,Clothing,Premium_Store,117.04,100.13,27.0,27.0,257,3121.13,1248.45,True,False,0.514,0.0,0.912,-1.8
2022-09-24,PROD_0024,Clothing,Premium_Store,94.63,86.77,35.0,35.0,405,3269.52,1307.81,True,False,0.503,0.0,0.906,-1.8
2022-10-01,PROD_0024,Clothing,Premium_Store,78.11,92.33,41.0,41.0,174,3222.49,1289.0,True,False,0.5,0.0,1.108,-1.8
2022-10-08,PROD_0024,Clothing,Premium_Store,100.76,107.73,25.0,25.0,449,2486.0,994.4,True,False,0.504,0.0,1.084,-1.8
2022-10-15,PROD_0024,Clothing,Premium_Store,90.31,108.58,35.0,35.0,288,3189.62,1275.85,True,False,0.515,0.0,0.993,-1.8
2022-10-22,PROD_0024,Clothing,Premium_Store,102.88,95.92,48.0,48.0,98,4960.12,1984.05,True,False,0.533,0.0,1.08,-1.8
2022-10-29,PROD_0024,Clothing,Premium_Store,108.03,113.4,46.0,46.0,445,4999.21,1999.69,True,False,0.558,0.0,0.982,-1.8
2022-11-05,PROD_0024,Clothing,Premium_Store,108.14,123.22,28.0,28.0,111,3047.12,1218.85,True,False,0.589,0.0,1.145,-1.8
2022-11-12,PROD_0024,Clothing,Premium_Store,124.79,113.73,34.0,34.0,100,4257.12,1702.85,True,False,0.627,0.0,0.928,-1.8
2022-11-19,PROD_0024,Clothing,Premium_Store,88.69,90.11,47.0,47.0,100,4177.2,1670.88,True,False,0.669,0.0,0.965,-1.8
2022-11-26,PROD_0024,Clothing,Premium_Store,93.07,95.49,78.0,78.0,494,7291.3,2916.52,True,False,0.717,0.0,1.255,-1.8
2022-12-03,PROD_0024,Clothing,Premium_Store,101.66,92.03,67.0,67.0,131,6835.6,2734.24,True,False,0.768,0.0,0.922,-1.8
2022-12-10,PROD_0024,Clothing,Premium_Store,94.8,94.32,78.0,78.0,104,7412.36,2964.94,True,False,0.823,0.0,1.165,-1.8
2023-01-07,PROD_0024,Clothing,Premium_Store,111.2,106.71,64.0,64.0,310,7143.62,2857.45,True,False,1.06,0.0,0.996,-1.8
2023-01-14,PROD_0024,Clothing,Premium_Store,132.46,110.97,57.0,57.0,400,7546.26,3018.5,True,False,1.119,0.0,0.939,-1.8
2023-01-28,PROD_0024,Clothing,Premium_Store,120.48,106.23,32.0,32.0,82,3855.17,1542.07,True,False,1.232,0.0,0.973,-1.8
2023-02-04,PROD_0024,Clothing,Premium_Store,91.3,92.72,87.0,79.0,79,7212.71,2885.08,True,False,1.283,0.0,1.09,-1.8
2023-02-11,PROD_0024,Clothing,Premium_Store,117.11,106.71,59.0,59.0,120,6875.98,2750.39,True,False,1.331,0.0,0.982,-1.8
2023-02-18,PROD_0024,Clothing,Premium_Store,92.0,96.3,87.0,87.0,161,8047.77,3219.11,True,False,1.373,0.0,1.144,-1.8
2023-02-25,PROD_0024,Clothing,Premium_Store,95.29,86.89,148.0,148.0,303,14084.57,5633.83,True,False,1.411,0.0,0.993,-1.8
2023-03-11,PROD_0024,Clothing,Premium_Store,97.91,96.62,91.0,65.0,65,6364.26,2545.7,True,False,1.467,0.0,0.972,-1.8
2023-03-18,PROD_0024,Clothing,Premium_Store,99.9,94.4,112.0,112.0,204,11180.1,4472.04,True,False,1.485,0.0,0.969,-1.8
2023-03-25,PROD_0024,Clothing,Premium_Store,97.35,103.78,120.0,120.0,131,11666.99,4666.8,True,False,1.496,0.0,1.085,-1.8
2023-04-01,PROD_0024,Clothing,Premium_Store,114.3,99.63,52.0,52.0,127,5966.19,2386.48,True,False,1.5,0.0,1.036,-1.8
2023-04-15,PROD_0024,Clothing,Premium_Store,76.31,89.02,189.0,189.0,480,14395.5,5758.2,True,False,1.486,0.0,0.971,-1.8
2023-04-22,PROD_0024,Clothing,Premium_Store,97.12,87.39,111.0,111.0,391,10784.59,4313.84,True,False,1.468,0.0,1.055,-1.8
2023-04-29,PROD_0024,Clothing,Premium_Store,79.92,86.33,141.0,141.0,418,11305.76,4522.3,True,False,1.444,0.0,1.056,-1.8
2023-05-27,PROD_0024,Clothing,Premium_Store,108.29,110.34,79.0,79.0,208,8592.3,3436.92,True,False,1.287,0.0,1.037,-1.8
2023-06-03,PROD_0024,Clothing,Premium_Store,75.87,78.91,165.0,81.0,81,6145.15,2458.06,True,False,1.236,0.0,1.023,-1.8
2023-06-10,PROD_0024,Clothing,Premium_Store,102.99,93.63,95.0,57.0,57,5870.61,2348.24,True,False,1.181,0.0,1.078,-1.8
2023-06-17,PROD_0024,Clothing,Premium_Store,118.92,106.73,51.0,51.0,132,6015.04,2406.02,True,False,1.124,0.0,1.0,-1.8
2023-06-24,PROD_0024,Clothing,Premium_Store,128.66,114.67,42.0,42.0,330,5416.76,2166.7,True,False,1.064,0.0,0.938,-1.8
2023-07-01,PROD_0024,Clothing,Premium_Store,125.44,104.45,34.0,34.0,336,4269.84,1707.93,True,False,1.004,0.0,0.956,-1.8
2023-07-08,PROD_0024,Clothing,Premium_Store,86.46,103.59,66.0,66.0,491,5721.27,2288.51,True,False,0.944,0.0,1.059,-1.8
2023-07-15,PROD_0024,Clothing,Premium_Store,103.93,90.38,53.0,53.0,394,5507.52,2203.01,True,False,0.885,0.0,0.995,-1.8
2023-07-22,PROD_0024,Clothing,Premium_Store,102.5,100.05,83.0,83.0,312,8542.63,3417.05,True,False,0.827,0.0,0.98,-1.8
2023-08-05,PROD_0024,Clothing,Premium_Store,117.45,109.33,50.0,50.0,213,5916.77,2366.71,True,False,0.72,0.0,0.986,-1.8
2023-08-26,PROD_0024,Clothing,Premium_Store,124.95,113.37,34.0,34.0,97,4274.77,1709.91,True,False,0.592,0.0,1.061,-1.8
2023-09-09,PROD_0024,Clothing,Premium_Store,92.35,103.89,40.0,40.0,138,3652.42,1460.97,True,False,0.535,0.0,1.09,-1.8
2023-09-23,PROD_0024,Clothing,Premium_Store,102.43,107.05,32.0,32.0,494,3256.21,1302.48,True,False,0.504,0.0,1.092,-1.8
2023-10-28,PROD_0024,Clothing,Premium_Store,125.36,112.16,23.0,23.0,107,2913.45,1165.38,True,False,0.554,0.0,1.076,-1.8
2023-11-11,PROD_0024,Clothing,Premium_Store,91.79,94.16,71.0,71.0,440,6493.09,2597.24,True,False,0.621,0.0,1.037,-1.8
2023-11-25,PROD_0024,Clothing,Premium_Store,106.76,107.94,31.0,31.0,141,3355.58,1342.23,True,False,0.71,0.0,1.067,-1.8
2023-12-09,PROD_0024,Clothing,Premium_Store,138.78,114.65,28.0,28.0,437,3922.39,1568.95,True,False,0.815,0.0,1.089,-1.8
2023-12-23,PROD_0024,Clothing,Premium_Store,92.27,104.34,71.0,71.0,360,6535.76,2614.31,True,True,0.931,0.0,1.05,-1.8
