dynamic_pricing_dataset.csv
date,product_id,category,store,price,competitor_price,demand,actual_sales,inventory_level,revenue,profit,is_weekend,is_holiday,seasonal_factor,marketing_spend,weather_impact,price_elasticity
2022-01-01,PROD_0025,Clothing,Premium_Store,103.21,102.25,62.0,62.0,188,6395.52,2558.21,True,False,1.009,0.0,1.014,-1.8
2022-01-08,PROD_0025,Clothing,Premium_Store,103.4,109.73,54.0,54.0,371,5570.24,2228.1,True,False,1.069,0.0,0.88,-1.8
2022-01-15,PROD_0025,Clothing,Premium_Store,91.46,93.49,99.0,99.0,217,9093.41,3637.36,True,False,1.128,0.0,0.943,-1.8
2022-01-22,PROD_0025,Clothing,Premium_Store,90.78,98.02,113.0,113.0,399,10257.15,4102.86,True,False,1.185,0.0,1.044,-1.8
2022-01-29,PROD_0025,Clothing,Premium_Store,86.48,101.65,118.0,118.0,355,10218.74,4087.5,True,False,1.239,0.0,0.906,-1.8
2022-02-05,PROD_0025,Clothing,Premium_Store,107.2,100.79,94.0,94.0,125,10092.64,4037.06,True,False,1.29,0.0,1.08,-1.8
2022-02-12,PROD_0025,Clothing,Premium_Store,81.54,99.02,191.0,101.0,101,8235.61,3294.24,True,False,1.337,0.0,0.96,-1.8
2022-02-19,PROD_0025,Clothing,Premium_Store,91.16,94.61,138.0,127.0,127,11577.73,4631.09,True,False,1.379,0.0,0.966,-1.8
2022-02-26,PROD_0025,Clothing,Premium_Store,82.79,89.63,177.0,177.0,371,14679.31,5871.72,True,False,1.416,0.0,1.18,-1.8
2022-03-05,PROD_0025,Clothing,Premium_Store,118.15,99.84,77.0,74.0,74,8743.01,3497.2,True,False,1.446,0.0,0.889,-1.8
2022-03-19,PROD_0025,Clothing,Premium_Store,68.84,83.28,262.0,84.0,84,5782.43,2312.97,True,False,1.487,0.0,1.012,-1.8
2022-03-26,PROD_0025,Clothing,Premium_Store,99.47,105.31,127.0,127.0,215,12606.97,5042.79,True,False,1.497,0.0,0.9,-1.8
2022-04-02,PROD_0025,Clothing,Premium_Store,120.92,108.37,85.0,85.0,431,10245.07,4098.03,True,False,1.5,0.0,0.964,-1.8
2022-04-09,PROD_0025,Clothing,Premium_Store,114.63,119.48,122.0,92.0,92,10545.98,4218.39,True,False,1.496,0.0,0.993,-1.8
2022-04-16,PROD_0025,Clothing,Premium_Store,100.85,102.09,128.0,112.0,112,11295.44,4518.18,True,False,1.484,0.0,1.088,-1.8
2022-04-23,PROD_0025,Clothing,Premium_Store,113.9,100.27,84.0,84.0,443,9562.58,3825.03,True,False,1.465,0.0,0.988,-1.8
2022-05-14,PROD_0025,Clothing,Premium_Store,112.17,93.93,108.0,108.0,286,12096.51,4838.6,True,False,1.371,0.0,0.865,-1.8
2022-05-21,PROD_0025,Clothing,Premium_Store,78.34,86.14,144.0,144.0,328,11287.87,4515.15,True,False,1.328,0.0,0.985,-1.8
2022-06-04,PROD_0025,Clothing,Premium_Store,82.2,106.69,148.0,148.0,474,12146.07,4858.43,True,False,1.228,0.0,0.998,-1.8
2022-06-11,PROD_0025,Clothing,Premium_Store,113.95,101.07,73.0,73.0,96,8343.52,3337.41,True,False,1.173,0.0,1.003,-1.8
2022-06-18,PROD_0025,Clothing,Premium_Store,114.34,98.85,81.0,76.0,76,8689.87,3475.95,True,False,1.115,0.0,0.982,-1.8
2022-06-25,PROD_0025,Clothing,Premium_Store,111.32,126.6,95.0,95.0,202,10606.49,4242.6,True,False,1.056,0.0,1.217,-1.8
2022-07-02,PROD_0025,Clothing,Premium_Store,116.99,121.41,67.0,67.0,221,7863.58,3145.43,True,False,0.996,0.0,0.878,-1.8
2022-07-09,PROD_0025,Clothing,Premium_Store,108.16,98.0,51.0,51.0,185,5488.7,2195.48,True,False,0.936,0.0,1.028,-1.8
2022-07-16,PROD_0025,Clothing,Premium_Store,117.02,108.63,61.0,61.0,71,7153.44,2861.37,True,False,0.876,0.0,0.959,-1.8
2022-08-06,PROD_0025,Clothing,Premium_Store,113.76,109.39,40.0,40.0,425,4597.54,1839.02,True,False,0.713,0.0,1.045,-1.8
2022-08-13,PROD_0025,Clothing,Premium_Store,113.15,132.59,42.0,42.0,144,4796.74,1918.7,True,False,0.666,0.0,1.111,-1.8
2022-08-20,PROD_0025,Clothing,Premium_Store,109.27,114.19,42.0,42.0,456,4560.63,1824.25,True,False,0.624,0.0,1.007,-1.8
2022-09-10,PROD_0025,Clothing,Premium_Store,111.54,108.89,31.0,31.0,136,3445.78,1378.31,True,False,0.532,0.0,1.06,-1.8
2022-09-17,PROD_0025,Clothing,Premium_Store,111.7,97.67,24.0,24.0,320,2642.68,1057.07,True,False,0.514,0.0,1.084,-1.8
2022-10-01,PROD_0025,Clothing,Premium_Store,117.77,113.77,25.0,25.0,464,2967.65,1187.06,True,False,0.5,0.0,1.099,-1.8
2022-10-15,PROD_0025,Clothing,Premium_Store,140.66,119.04,23.0,23.0,496,3258.4,1303.36,True,False,0.515,0.0,0.882,-1.8
2022-10-22,PROD_0025,Clothing,Premium_Store,101.71,103.95,38.0,38.0,338,3879.8,1551.92,True,False,0.533,0.0,1.12,-1.8
2022-11-05,PROD_0025,Clothing,Premium_Store,99.24,96.39,46.0,46.0,488,4607.12,1842.85,True,False,0.589,0.0,0.963,-1.8
2022-11-19,PROD_0025,Clothing,Premium_Store,104.62,106.49,45.0,45.0,180,4730.06,1892.02,True,False,0.669,0.0,0.915,-1.8
2022-12-03,PROD_0025,Clothing,Premium_Store,97.29,101.2,51.0,51.0,216,4993.0,1997.2,True,False,0.768,0.0,0.944,-1.8
2022-12-10,PROD_0025,Clothing,Premium_Store,94.67,99.62,77.0,65.0,65,6153.36,2461.34,True,False,0.823,0.0,0.983,-1.8
2022-12-17,PROD_0025,Clothing,Premium_Store,112.24,111.6,69.0,69.0,143,7728.54,3091.41,True,False,0.881,0.0,1.024,-1.8
2022-12-31,PROD_0025,Clothing,Premium_Store,95.23,98.01,102.0,102.0,294,9673.29,3869.32,True,True,1.0,0.0,0.783,-1.8
2023-01-07,PROD_0025,Clothing,Premium_Store,105.23,103.7,76.0,76.0,393,8033.66,3213.46,True,False,1.06,0.0,1.152,-1.8
2023-01-14,PROD_0025,Clothing,Premium_Store,73.02,78.79,123.0,107.0,107,7812.88,3125.15,True,False,1.119,0.0,1.153,-1.8
2023-01-21,PROD_0025,Clothing,Premium_Store,96.8,88.19,111.0,107.0,107,10357.09,4142.83,True,False,1.177,0.0,0.937,-1.8
2023-02-04,PROD_0025,Clothing,Premium_Store,121.43,119.44,65.0,65.0,115,7883.87,3153.55,True,False,1.283,0.0,1.081,-1.8
2023-02-11,PROD_0025,Clothing,Premium_Store,121.95,112.9,87.0,87.0,210,10660.68,4264.27,True,False,1.331,0.0,1.089,-1.8
2023-02-18,PROD_0025,Clothing,Premium_Store,127.95,113.67,72.0,72.0,284,9225.37,3690.15,True,False,1.373,0.0,1.078,-1.8
2023-02-25,PROD_0025,Clothing,Premium_Store,92.07,115.99,122.0,122.0,365,11203.14,4481.26,True,False,1.411,0.0,0.873,-1.8
2023-03-04,PROD_0025,Clothing,Premium_Store,110.15,106.74,95.0,95.0,376,10518.71,4207.49,True,False,1.442,0.0,1.066,-1.8
2023-03-18,PROD_0025,Clothing,Premium_Store,109.33,96.51,91.0,86.0,86,9402.04,3760.81,True,False,1.485,0.0,1.053,-1.8
2023-03-25,PROD_0025,Clothing,Premium_Store,88.92,101.02,86.0,86.0,365,7609.75,3043.9,True,False,1.496,0.0,1.042,-1.8
2023-04-01,PROD_0025,Clothing,Premium_Store,107.19,107.14,101.0,101.0,440,10810.72,4324.29,True,False,1.5,0.0,1.017,-1.8
2023-04-15,PROD_0025,Clothing,Premium_Store,109.6,96.7,136.0,136.0,452,14895.12,5958.05,True,False,1.486,0.0,1.061,-1.8
2023-04-22,PROD_0025,Clothing,Premium_Store,111.57,100.53,92.0,92.0,323,10233.2,4093.28,True,False,1.468,0.0,1.275,-1.8
2023-05-13,PROD_0025,Clothing,Premium_Store,95.74,92.66,116.0,116.0,398,11101.15,4440.46,True,False,1.376,0.0,1.236,-1.8
2023-05-27,PROD_0025,Clothing,Premium_Store,91.15,77.69,121.0,121.0,222,11040.79,4416.32,True,False,1.287,0.0,0.94,-1.8
2023-06-03,PROD_0025,Clothing,Premium_Store,111.43,117.24,121.0,121.0,310,13509.79,5403.92,True,False,1.236,0.0,0.99,-1.8
2023-06-10,PROD_0025,Clothing,Premium_Store,109.22,106.54,84.0,84.0,418,9179.68,3671.87,True,False,1.181,0.0,0.963,-1.8
2023-06-17,PROD_0025,Clothing,Premium_Store,96.55,95.37,118.0,118.0,127,11395.25,4558.1,True,False,1.124,0.0,0.973,-1.8
2023-07-01,PROD_0025,Clothing,Premium_Store,78.23,77.27,90.0,90.0,405,7059.48,2823.79,True,False,1.004,0.0,1.092,-1.8
2023-07-08,PROD_0025,Clothing,Premium_Store,98.93,101.77,83.0,83.0,452,8206.41,3282.56,True,False,0.944,0.0,1.03,-1.8
2023-07-15,PROD_0025,Clothing,Premium_Store,106.55,106.9,47.0,47.0,126,5036.5,2014.6,True,False,0.885,0.0,1.021,-1.8
2023-07-22,PROD_0025,Clothing,Premium_Store,98.68,99.17,82.0,82.0,465,8110.87,3244.35,True,False,0.827,0.0,0.973,-1.8
2023-08-12,PROD_0025,Clothing,Premium_Store,121.02,107.74,36.0,36.0,161,4395.0,1758.0,True,False,0.672,0.0,1.022,-1.8
2023-08-19,PROD_0025,Clothing,Premium_Store,92.5,111.35,37.0,37.0,76,3421.64,1368.66,True,False,0.629,0.0,0.899,-1.8
2023-08-26,PROD_0025,Clothing,Premium_Store,90.82,78.36,47.0,47.0,166,4280.18,1712.07,True,False,0.592,0.0,0.823,-1.8
2023-09-02,PROD_0025,Clothing,Premium_Store,113.31,108.39,26.0,26.0,277,2993.28,1197.31,True,False,0.56,0.0,1.089,-1.8
2023-09-09,PROD_0025,Clothing,Premium_Store,124.89,119.59,22.0,22.0,370,2723.52,1089.41,True,False,0.535,0.0,1.029,-1.8
2023-09-16,PROD_0025,Clothing,Premium_Store,98.33,95.98,41.0,41.0,464,4075.36,1630.14,True,False,0.516,0.0,0.993,-1.8
2023-09-23,PROD_0025,Clothing,Premium_Store,117.5,113.53,29.0,29.0,462,3409.55,1363.82,True,False,0.504,0.0,0.725,-1.8
2023-10-07,PROD_0025,Clothing,Premium_Store,106.28,104.03,38.0,38.0,261,4059.84,1623.94,True,False,0.503,0.0,0.858,-1.8
2023-10-14,PROD_0025,Clothing,Premium_Store,83.35,79.65,58.0,58.0,249,4853.92,1941.57,True,False,0.513,0.0,1.101,-1.8
2023-10-21,PROD_0025,Clothing,Premium_Store,102.73,98.02,31.0,31.0,484,3150.05,1260.02,True,False,0.53,0.0,0.993,-1.8
2023-10-28,PROD_0025,Clothing,Premium_Store,95.11,91.75,33.0,33.0,139,3162.48,1264.99,True,False,0.554,0.0,0.959,-1.8
2023-11-04,PROD_0025,Clothing,Premium_Store,111.99,117.5,31.0,31.0,296,3432.74,1373.1,True,False,0.584,0.0,1.036,-1.8
2023-11-11,PROD_0025,Clothing,Premium_Store,83.96,98.11,62.0,62.0,397,5234.45,2093.78,True,False,0.621,0.0,0.866,-1.8
2023-11-25,PROD_0025,Clothing,Premium_Store,86.37,106.29,65.0,65.0,161,5610.76,2244.31,True,False,0.71,0.0,0.947,-1.8
2023-12-02,PROD_0025,Clothing,Premium_Store,102.72,111.39,64.0,64.0,428,6608.42,2643.37,True,False,0.761,0.0,0.897,-1.8
2023-12-09,PROD_0025,Clothing,Premium_Store,114.46,100.56,39.0,39.0,498,4439.73,1775.89,True,False,0.815,0.0,1.02,-1.8
2023-12-16,PROD_0025,Clothing,Premium_Store,120.93,126.62,44.0,44.0,79,5261.94,2104.78,True,False,0.872,0.0,0.824,-1.8
2023-12-30,PROD_0025,Clothing,Premium_Store,106.89,106.37,98.0,98.0,396,10424.76,4169.91,True,True,0.991,0.0,1.103,-1.8
