dynamic_pricing_dataset.csv
date,product_id,category,store,price,competitor_price,demand,actual_sales,inventory_level,revenue,profit,is_weekend,is_holiday,seasonal_factor,marketing_spend,weather_impact,price_elasticity
2022-01-01,PROD_0026,Clothing,Budget_Store,45.03,56.89,331.0,83.0,83,3737.45,1494.98,True,False,1.009,0.0,0.881,-1.8
2022-01-08,PROD_0026,Clothing,Budget_Store,75.73,68.03,98.0,98.0,498,7423.23,2969.29,True,False,1.069,0.0,0.916,-1.8
2022-01-15,PROD_0026,Clothing,Budget_Store,60.85,68.67,136.0,82.0,82,4989.87,1995.95,True,False,1.128,0.0,0.988,-1.8
2022-01-29,PROD_0026,Clothing,Budget_Store,75.18,64.94,185.0,185.0,403,13920.51,5568.2,True,False,1.239,0.0,0.931,-1.8
2022-02-05,PROD_0026,Clothing,Budget_Store,70.07,72.62,130.0,130.0,361,9118.1,3647.24,True,False,1.29,0.0,1.176,-1.8
2022-03-12,PROD_0026,Clothing,Budget_Store,67.32,68.97,149.0,149.0,273,10021.43,4008.57,True,False,1.47,0.0,0.99,-1.8
2022-03-26,PROD_0026,Clothing,Budget_Store,79.05,67.18,175.0,175.0,392,13844.13,5537.65,True,False,1.497,0.0,1.103,-1.8
2022-04-02,PROD_0026,Clothing,Budget_Store,73.32,80.3,179.0,179.0,187,13100.06,5240.02,True,False,1.5,0.0,0.996,-1.8
2022-04-09,PROD_0026,Clothing,Budget_Store,82.01,71.78,148.0,148.0,152,12158.43,4863.37,True,False,1.496,0.0,1.036,-1.8
2022-04-16,PROD_0026,Clothing,Budget_Store,63.63,64.09,243.0,243.0,423,15489.52,6195.81,True,False,1.484,0.0,1.182,-1.8
2022-04-23,PROD_0026,Clothing,Budget_Store,60.11,62.63,246.0,228.0,228,13705.33,5482.13,True,False,1.465,0.0,0.974,-1.8
2022-04-30,PROD_0026,Clothing,Budget_Store,70.37,74.62,148.0,58.0,58,4081.47,1632.59,True,False,1.44,0.0,0.886,-1.8
2022-05-07,PROD_0026,Clothing,Budget_Store,63.56,67.53,278.0,278.0,450,17684.82,7073.93,True,False,1.408,0.0,0.985,-1.8
2022-05-21,PROD_0026,Clothing,Budget_Store,60.62,64.48,231.0,179.0,179,10850.28,4340.11,True,False,1.328,0.0,1.167,-1.8
2022-05-28,PROD_0026,Clothing,Budget_Store,58.93,56.09,205.0,113.0,113,6659.6,2663.84,True,False,1.28,0.0,0.929,-1.8
2022-06-18,PROD_0026,Clothing,Budget_Store,61.29,59.39,190.0,190.0,242,11668.78,4667.51,True,False,1.115,0.0,1.169,-1.8
2022-06-25,PROD_0026,Clothing,Budget_Store,60.31,56.21,119.0,119.0,494,7169.13,2867.65,True,False,1.056,0.0,1.148,-1.8
2022-07-02,PROD_0026,Clothing,Budget_Store,55.24,67.52,184.0,171.0,171,9446.06,3778.42,True,False,0.996,0.0,0.814,-1.8
2022-07-16,PROD_0026,Clothing,Budget_Store,58.49,56.14,166.0,150.0,150,8772.82,3509.13,True,False,0.876,0.0,0.987,-1.8
2022-07-23,PROD_0026,Clothing,Budget_Store,58.4,68.07,95.0,95.0,142,5569.17,2227.67,True,False,0.819,0.0,1.085,-1.8
2022-07-30,PROD_0026,Clothing,Budget_Store,67.14,60.4,87.0,87.0,197,5864.03,2345.61,True,False,0.764,0.0,0.965,-1.8
2022-08-06,PROD_0026,Clothing,Budget_Store,80.32,70.02,65.0,65.0,333,5221.65,2088.66,True,False,0.713,0.0,1.054,-1.8
2022-08-13,PROD_0026,Clothing,Budget_Store,46.98,56.09,167.0,167.0,204,7838.12,3135.25,True,False,0.666,0.0,0.887,-1.8
2022-08-20,PROD_0026,Clothing,Budget_Store,69.66,69.73,85.0,85.0,332,5898.54,2359.42,True,False,0.624,0.0,0.93,-1.8
2022-08-27,PROD_0026,Clothing,Budget_Store,85.0,68.04,43.0,43.0,469,3670.68,1468.27,True,False,0.587,0.0,0.92,-1.8
2022-09-03,PROD_0026,Clothing,Budget_Store,59.1,71.14,84.0,84.0,463,4971.41,1988.56,True,False,0.556,0.0,0.958,-1.8
2022-09-24,PROD_0026,Clothing,Budget_Store,64.97,72.35,44.0,44.0,243,2840.73,1136.29,True,False,0.503,0.0,0.99,-1.8
2022-10-01,PROD_0026,Clothing,Budget_Store,65.64,68.06,68.0,68.0,431,4484.06,1793.62,True,False,0.5,0.0,1.166,-1.8
2022-10-08,PROD_0026,Clothing,Budget_Store,65.97,75.9,69.0,60.0,60,3957.97,1583.19,True,False,0.504,0.0,0.977,-1.8
2022-10-15,PROD_0026,Clothing,Budget_Store,75.42,66.75,52.0,52.0,461,3894.05,1557.62,True,False,0.515,0.0,0.887,-1.8
2022-10-22,PROD_0026,Clothing,Budget_Store,73.05,63.07,57.0,57.0,62,4163.58,1665.43,True,False,0.533,0.0,0.956,-1.8
2022-11-05,PROD_0026,Clothing,Budget_Store,61.82,52.76,116.0,116.0,460,7147.76,2859.1,True,False,0.589,0.0,1.122,-1.8
2022-11-12,PROD_0026,Clothing,Budget_Store,80.51,68.68,54.0,54.0,218,4308.09,1723.24,True,False,0.627,0.0,1.087,-1.8
2022-11-26,PROD_0026,Clothing,Budget_Store,66.59,69.49,105.0,105.0,166,7024.77,2809.91,True,False,0.717,0.0,0.839,-1.8
2022-12-17,PROD_0026,Clothing,Budget_Store,75.38,59.56,102.0,84.0,84,6332.21,2532.88,True,False,0.881,0.0,0.978,-1.8
2022-12-24,PROD_0026,Clothing,Budget_Store,75.62,65.66,87.0,87.0,108,6579.32,2631.73,True,True,0.94,0.0,1.046,-1.8
2022-12-31,PROD_0026,Clothing,Budget_Store,64.56,64.66,114.0,114.0,391,7346.1,2938.44,True,True,1.0,0.0,0.935,-1.8
2023-01-07,PROD_0026,Clothing,Budget_Store,62.37,60.04,136.0,136.0,206,8499.91,3399.96,True,False,1.06,0.0,1.154,-1.8
2023-01-14,PROD_0026,Clothing,Budget_Store,64.67,68.41,175.0,175.0,190,11333.16,4533.26,True,False,1.119,0.0,0.874,-1.8
2023-01-28,PROD_0026,Clothing,Budget_Store,71.08,61.49,123.0,123.0,497,8755.96,3502.38,True,False,1.232,0.0,0.967,-1.8
2023-02-11,PROD_0026,Clothing,Budget_Store,62.57,61.59,160.0,160.0,261,9988.79,3995.52,True,False,1.331,0.0,0.99,-1.8
2023-02-18,PROD_0026,Clothing,Budget_Store,67.53,71.74,160.0,160.0,203,10834.02,4333.61,True,False,1.373,0.0,1.047,-1.8
2023-02-25,PROD_0026,Clothing,Budget_Store,69.31,64.09,244.0,244.0,470,16937.57,6775.03,True,False,1.411,0.0,1.015,-1.8
2023-03-04,PROD_0026,Clothing,Budget_Store,42.32,50.98,373.0,373.0,481,15763.71,6305.48,True,False,1.442,0.0,1.017,-1.8
2023-03-18,PROD_0026,Clothing,Budget_Store,74.92,63.14,158.0,131.0,131,9813.98,3925.59,True,False,1.485,0.0,0.967,-1.8
2023-03-25,PROD_0026,Clothing,Budget_Store,75.47,71.1,178.0,178.0,220,13410.37,5364.15,True,False,1.496,0.0,1.01,-1.8
2023-04-01,PROD_0026,Clothing,Budget_Store,58.42,62.48,270.0,270.0,431,15770.9,6308.36,True,False,1.5,0.0,1.081,-1.8
2023-04-08,PROD_0026,Clothing,Budget_Store,64.58,59.62,228.0,228.0,431,14696.95,5878.78,True,False,1.497,0.0,1.21,-1.8
2023-04-15,PROD_0026,Clothing,Budget_Store,63.91,62.86,209.0,209.0,282,13350.07,5340.03,True,False,1.486,0.0,1.033,-1.8
2023-04-22,PROD_0026,Clothing,Budget_Store,66.32,63.06,194.0,194.0,462,12896.43,5158.57,True,False,1.468,0.0,0.981,-1.8
2023-04-29,PROD_0026,Clothing,Budget_Store,58.83,58.2,238.0,238.0,319,14018.24,5607.3,True,False,1.444,0.0,1.012,-1.8
2023-05-20,PROD_0026,Clothing,Budget_Store,70.89,59.67,125.0,125.0,167,8868.34,3547.34,True,False,1.334,0.0,0.984,-1.8
2023-06-03,PROD_0026,Clothing,Budget_Store,64.74,61.41,176.0,176.0,467,11384.84,4553.94,True,False,1.236,0.0,0.997,-1.8
2023-06-10,PROD_0026,Clothing,Budget_Store,59.87,64.27,127.0,127.0,295,7629.84,3051.94,True,False,1.181,0.0,1.017,-1.8
2023-06-17,PROD_0026,Clothing,Budget_Store,69.23,58.04,146.0,146.0,232,10106.44,4042.58,True,False,1.124,0.0,1.096,-1.8
2023-06-24,PROD_0026,Clothing,Budget_Store,64.96,63.95,180.0,125.0,125,8120.55,3248.22,True,False,1.064,0.0,0.97,-1.8
2023-07-08,PROD_0026,Clothing,Budget_Store,53.73,53.08,167.0,167.0,412,8986.17,3594.47,True,False,0.944,0.0,0.953,-1.8
2023-07-15,PROD_0026,Clothing,Budget_Store,81.89,68.0,72.0,72.0,93,5913.63,2365.45,True,False,0.885,0.0,1.08,-1.8
2023-07-22,PROD_0026,Clothing,Budget_Store,46.17,54.49,192.0,170.0,170,7849.29,3139.72,True,False,0.827,0.0,0.97,-1.8
2023-07-29,PROD_0026,Clothing,Budget_Store,61.25,62.9,121.0,121.0,437,7382.45,2952.98,True,False,0.772,0.0,1.073,-1.8
2023-08-12,PROD_0026,Clothing,Budget_Store,70.05,67.33,83.0,83.0,267,5798.15,2319.26,True,False,0.672,0.0,1.215,-1.8
2023-08-19,PROD_0026,Clothing,Budget_Store,62.2,61.8,72.0,72.0,388,4487.14,1794.86,True,False,0.629,0.0,1.109,-1.8
2023-08-26,PROD_0026,Clothing,Budget_Store,72.23,69.2,74.0,74.0,107,5370.1,2148.04,True,False,0.592,0.0,1.057,-1.8
2023-09-09,PROD_0026,Clothing,Budget_Store,78.26,74.1,67.0,67.0,126,5256.44,2102.58,True,False,0.535,0.0,0.992,-1.8
2023-09-16,PROD_0026,Clothing,Budget_Store,45.62,58.03,130.0,130.0,320,5910.72,2364.29,True,False,0.516,0.0,0.8,-1.8
2023-09-23,PROD_0026,Clothing,Budget_Store,51.47,64.97,87.0,87.0,499,4470.73,1788.29,True,False,0.504,0.0,1.046,-1.8
2023-09-30,PROD_0026,Clothing,Budget_Store,61.34,63.15,92.0,92.0,164,5627.8,2251.12,True,False,0.5,0.0,1.053,-1.8
2023-10-07,PROD_0026,Clothing,Budget_Store,71.56,60.26,59.0,59.0,449,4239.26,1695.7,True,False,0.503,0.0,1.029,-1.8
2023-10-21,PROD_0026,Clothing,Budget_Store,58.02,72.01,88.0,88.0,326,5097.72,2039.09,True,False,0.53,0.0,0.838,-1.8
2023-10-28,PROD_0026,Clothing,Budget_Store,67.33,70.57,62.0,62.0,138,4150.56,1660.22,True,False,0.554,0.0,0.995,-1.8
2023-11-04,PROD_0026,Clothing,Budget_Store,72.27,70.51,49.0,49.0,494,3566.04,1426.42,True,False,0.584,0.0,1.095,-1.8
2023-11-18,PROD_0026,Clothing,Budget_Store,69.1,60.25,72.0,72.0,102,4976.35,1990.54,True,False,0.663,0.0,1.016,-1.8
2023-11-25,PROD_0026,Clothing,Budget_Store,71.33,65.42,75.0,63.0,63,4493.58,1797.43,True,False,0.71,0.0,1.062,-1.8
2023-12-02,PROD_0026,Clothing,Budget_Store,67.13,67.95,77.0,77.0,140,5137.79,2055.12,True,False,0.761,0.0,1.017,-1.8
2023-12-09,PROD_0026,Clothing,Budget_Store,56.92,60.14,154.0,154.0,378,8781.43,3512.57,True,False,0.815,0.0,1.066,-1.8
2023-12-30,PROD_0026,Clothing,Budget_Store,73.64,70.63,97.0,97.0,201,7146.99,2858.8,True,True,0.991,0.0,0.923,-1.8
