dynamic_pricing_dataset.csv
date,product_id,category,store,price,competitor_price,demand,actual_sales,inventory_level,revenue,profit,is_weekend,is_holiday,seasonal_factor,marketing_spend,weather_impact,price_elasticity
2022-01-01,PROD_0027,Clothing,Budget_Store,65.38,61.53,161.0,161.0,469,10496.45,4198.58,True,False,1.009,0.0,0.938,-1.8
2022-01-08,PROD_0027,Clothing,Budget_Store,52.55,54.4,210.0,202.0,202,10616.01,4246.4,True,False,1.069,0.0,1.155,-1.8
2022-01-15,PROD_0027,Clothing,Budget_Store,61.43,58.15,147.0,147.0,392,9048.06,3619.23,True,False,1.128,0.0,0.724,-1.8
2022-01-22,PROD_0027,Clothing,Budget_Store,66.58,59.92,171.0,53.0,53,3528.96,1411.58,True,False,1.185,0.0,1.009,-1.8
2022-01-29,PROD_0027,Clothing,Budget_Store,49.77,65.8,272.0,272.0,398,13536.71,5414.68,True,False,1.239,0.0,1.22,-1.8
2022-02-05,PROD_0027,Clothing,Budget_Store,61.88,62.04,266.0,135.0,135,8353.45,3341.38,True,False,1.29,0.0,0.957,-1.8
2022-02-12,PROD_0027,Clothing,Budget_Store,56.91,52.73,208.0,151.0,151,8592.71,3437.08,True,False,1.337,0.0,1.038,-1.8
2022-02-19,PROD_0027,Clothing,Budget_Store,56.3,63.17,264.0,264.0,312,14883.24,5953.3,True,False,1.379,0.0,1.039,-1.8
2022-02-26,PROD_0027,Clothing,Budget_Store,66.32,62.42,258.0,166.0,166,11009.31,4403.73,True,False,1.416,0.0,0.832,-1.8
2022-03-05,PROD_0027,Clothing,Budget_Store,48.57,62.03,333.0,333.0,439,16196.72,6478.69,True,False,1.446,0.0,1.01,-1.8
2022-03-12,PROD_0027,Clothing,Budget_Store,66.24,69.84,96.0,96.0,453,6368.82,2547.53,True,False,1.47,0.0,1.085,-1.8
2022-03-19,PROD_0027,Clothing,Budget_Store,63.58,66.2,288.0,288.0,452,18287.9,7315.16,True,False,1.487,0.0,1.035,-1.8
2022-03-26,PROD_0027,Clothing,Budget_Store,66.19,63.27,147.0,147.0,454,9759.74,3903.9,True,False,1.497,0.0,1.175,-1.8
2022-04-02,PROD_0027,Clothing,Budget_Store,73.2,76.41,119.0,96.0,96,7026.92,2810.77,True,False,1.5,0.0,0.956,-1.8
2022-04-23,PROD_0027,Clothing,Budget_Store,68.38,66.36,210.0,56.0,56,3829.41,1531.76,True,False,1.465,0.0,0.824,-1.8
2022-04-30,PROD_0027,Clothing,Budget_Store,64.72,74.59,166.0,142.0,142,9189.76,3675.9,True,False,1.44,0.0,0.964,-1.8
2022-06-11,PROD_0027,Clothing,Budget_Store,65.79,67.57,153.0,153.0,472,10092.8,4037.12,True,False,1.173,0.0,1.002,-1.8
2022-06-18,PROD_0027,Clothing,Budget_Store,69.76,69.42,167.0,118.0,118,8231.41,3292.56,True,False,1.115,0.0,0.914,-1.8
2022-06-25,PROD_0027,Clothing,Budget_Store,44.41,54.05,267.0,193.0,193,8570.54,3428.21,True,False,1.056,0.0,0.949,-1.8
2022-07-09,PROD_0027,Clothing,Budget_Store,54.78,65.08,215.0,215.0,296,11756.26,4702.5,True,False,0.936,0.0,1.011,-1.8
2022-07-23,PROD_0027,Clothing,Budget_Store,71.36,74.0,67.0,67.0,415,4752.01,1900.8,True,False,0.819,0.0,0.911,-1.8
2022-07-30,PROD_0027,Clothing,Budget_Store,84.09,69.73,93.0,93.0,375,7859.56,3143.83,True,False,0.764,0.0,1.019,-1.8
2022-08-06,PROD_0027,Clothing,Budget_Store,74.77,68.27,52.0,52.0,470,3862.37,1544.95,True,False,0.713,0.0,1.044,-1.8
2022-08-13,PROD_0027,Clothing,Budget_Store,62.59,59.13,95.0,95.0,420,5918.8,2367.52,True,False,0.666,0.0,1.05,-1.8
2022-08-20,PROD_0027,Clothing,Budget_Store,68.89,73.15,98.0,98.0,444,6729.63,2691.85,True,False,0.624,0.0,1.188,-1.8
2022-08-27,PROD_0027,Clothing,Budget_Store,67.26,61.93,71.0,71.0,204,4775.87,1910.35,True,False,0.587,0.0,1.149,-1.8
2022-09-03,PROD_0027,Clothing,Budget_Store,76.98,74.71,55.0,55.0,283,4251.6,1700.64,True,False,0.556,0.0,1.011,-1.8
2022-09-10,PROD_0027,Clothing,Budget_Store,63.05,57.55,49.0,49.0,475,3097.17,1238.87,True,False,0.532,0.0,0.957,-1.8
2022-09-17,PROD_0027,Clothing,Budget_Store,45.13,53.08,70.0,70.0,150,3138.3,1255.32,True,False,0.514,0.0,0.693,-1.8
2022-09-24,PROD_0027,Clothing,Budget_Store,68.95,64.51,55.0,55.0,219,3819.45,1527.78,True,False,0.503,0.0,1.03,-1.8
2022-10-08,PROD_0027,Clothing,Budget_Store,93.83,76.0,54.0,54.0,110,5095.98,2038.39,True,False,0.504,0.0,1.086,-1.8
2022-10-15,PROD_0027,Clothing,Budget_Store,61.85,61.46,86.0,68.0,68,4206.11,1682.44,True,False,0.515,0.0,0.927,-1.8
2022-10-22,PROD_0027,Clothing,Budget_Store,59.79,60.73,112.0,112.0,499,6701.01,2680.4,True,False,0.533,0.0,0.969,-1.8
2022-11-12,PROD_0027,Clothing,Budget_Store,80.38,69.22,57.0,57.0,196,4599.17,1839.67,True,False,0.627,0.0,0.934,-1.8
2022-11-26,PROD_0027,Clothing,Budget_Store,61.83,64.79,117.0,110.0,110,6801.75,2720.7,True,False,0.717,0.0,0.982,-1.8
2022-12-03,PROD_0027,Clothing,Budget_Store,54.92,63.29,166.0,97.0,97,5327.28,2130.91,True,False,0.768,0.0,1.037,-1.8
2022-12-10,PROD_0027,Clothing,Budget_Store,75.79,61.31,96.0,96.0,494,7291.21,2916.48,True,False,0.823,0.0,1.142,-1.8
2022-12-17,PROD_0027,Clothing,Budget_Store,50.99,54.23,198.0,198.0,207,10104.5,4041.8,True,False,0.881,0.0,0.986,-1.8
2022-12-24,PROD_0027,Clothing,Budget_Store,66.95,59.33,122.0,122.0,253,8183.1,3273.24,True,True,0.94,0.0,0.89,-1.8
2022-12-31,PROD_0027,Clothing,Budget_Store,47.05,55.39,233.0,233.0,487,10952.92,4381.17,True,True,1.0,0.0,1.086,-1.8
2023-01-21,PROD_0027,Clothing,Budget_Store,72.52,65.42,149.0,149.0,188,10808.52,4323.41,True,False,1.177,0.0,0.951,-1.8
2023-01-28,PROD_0027,Clothing,Budget_Store,62.79,68.64,237.0,237.0,393,14894.05,5957.62,True,False,1.232,0.0,1.043,-1.8
2023-02-04,PROD_0027,Clothing,Budget_Store,76.41,69.21,126.0,126.0,230,9624.21,3849.69,True,False,1.283,0.0,0.9,-1.8
2023-02-11,PROD_0027,Clothing,Budget_Store,63.07,63.17,265.0,265.0,381,16691.58,6676.63,True,False,1.331,0.0,0.892,-1.8
2023-02-18,PROD_0027,Clothing,Budget_Store,58.25,57.85,178.0,178.0,436,10342.41,4136.96,True,False,1.373,0.0,1.083,-1.8
2023-03-04,PROD_0027,Clothing,Budget_Store,70.56,62.19,98.0,65.0,65,4586.12,1834.45,True,False,1.442,0.0,1.09,-1.8
2023-03-11,PROD_0027,Clothing,Budget_Store,57.61,62.37,185.0,185.0,218,10661.55,4264.62,True,False,1.467,0.0,0.848,-1.8
2023-03-25,PROD_0027,Clothing,Budget_Store,46.53,49.89,268.0,268.0,321,12490.83,4996.33,True,False,1.496,0.0,0.984,-1.8
2023-04-01,PROD_0027,Clothing,Budget_Store,53.71,60.06,312.0,203.0,203,10902.45,4360.98,True,False,1.5,0.0,1.094,-1.8
2023-04-08,PROD_0027,Clothing,Budget_Store,61.39,57.61,188.0,188.0,366,11516.23,4606.49,True,False,1.497,0.0,0.98,-1.8
2023-04-15,PROD_0027,Clothing,Budget_Store,45.18,49.71,422.0,344.0,344,15543.0,6217.2,True,False,1.486,0.0,0.891,-1.8
2023-04-22,PROD_0027,Clothing,Budget_Store,50.27,57.66,342.0,342.0,456,17180.38,6872.15,True,False,1.468,0.0,0.955,-1.8
2023-04-29,PROD_0027,Clothing,Budget_Store,57.42,68.1,149.0,149.0,351,8580.51,3432.2,True,False,1.444,0.0,1.183,-1.8
2023-05-06,PROD_0027,Clothing,Budget_Store,68.5,60.95,179.0,179.0,239,12278.01,4911.2,True,False,1.413,0.0,1.129,-1.8
2023-05-13,PROD_0027,Clothing,Budget_Store,51.67,58.11,288.0,288.0,482,14891.56,5956.62,True,False,1.376,0.0,0.918,-1.8
2023-05-27,PROD_0027,Clothing,Budget_Store,75.69,74.89,124.0,124.0,479,9365.51,3746.21,True,False,1.287,0.0,1.112,-1.8
2023-06-10,PROD_0027,Clothing,Budget_Store,61.02,68.19,147.0,116.0,116,7078.22,2831.29,True,False,1.181,0.0,0.933,-1.8
2023-06-17,PROD_0027,Clothing,Budget_Store,57.84,59.14,197.0,197.0,225,11423.2,4569.28,True,False,1.124,0.0,1.126,-1.8
2023-06-24,PROD_0027,Clothing,Budget_Store,58.34,57.35,245.0,112.0,112,6534.53,2613.81,True,False,1.064,0.0,1.001,-1.8
2023-07-22,PROD_0027,Clothing,Budget_Store,77.01,69.82,78.0,78.0,426,6014.05,2405.62,True,False,0.827,0.0,0.947,-1.8
2023-08-05,PROD_0027,Clothing,Budget_Store,60.96,52.71,130.0,130.0,458,7918.45,3167.38,True,False,0.72,0.0,1.021,-1.8
2023-08-12,PROD_0027,Clothing,Budget_Store,60.2,58.87,104.0,91.0,91,5478.37,2191.35,True,False,0.672,0.0,0.98,-1.8
2023-08-26,PROD_0027,Clothing,Budget_Store,68.39,61.05,55.0,55.0,162,3782.52,1513.01,True,False,0.592,0.0,1.039,-1.8
2023-09-16,PROD_0027,Clothing,Budget_Store,74.95,64.65,46.0,46.0,67,3424.74,1369.9,True,False,0.516,0.0,1.094,-1.8
2023-09-23,PROD_0027,Clothing,Budget_Store,66.55,67.09,79.0,79.0,100,5231.83,2092.73,True,False,0.504,0.0,0.906,-1.8
2023-09-30,PROD_0027,Clothing,Budget_Store,66.05,65.61,57.0,57.0,343,3743.81,1497.52,True,False,0.5,0.0,0.946,-1.8
2023-10-14,PROD_0027,Clothing,Budget_Store,66.28,61.65,77.0,77.0,242,5097.96,2039.19,True,False,0.513,0.0,0.975,-1.8
2023-11-04,PROD_0027,Clothing,Budget_Store,61.19,65.3,68.0,68.0,395,4184.54,1673.82,True,False,0.584,0.0,1.106,-1.8
2023-11-11,PROD_0027,Clothing,Budget_Store,60.42,66.33,126.0,126.0,202,7611.1,3044.44,True,False,0.621,0.0,1.04,-1.8
2023-11-18,PROD_0027,Clothing,Budget_Store,77.55,67.57,79.0,79.0,294,6139.75,2455.9,True,False,0.663,0.0,0.928,-1.8
2023-11-25,PROD_0027,Clothing,Budget_Store,72.31,62.54,81.0,81.0,295,5861.87,2344.75,True,False,0.71,0.0,1.026,-1.8
2023-12-02,PROD_0027,Clothing,Budget_Store,78.27,65.64,76.0,76.0,368,5982.93,2393.17,True,False,0.761,0.0,0.895,-1.8
2023-12-09,PROD_0027,Clothing,Budget_Store,65.12,66.09,108.0,108.0,350,7020.94,2808.38,True,False,0.815,0.0,0.955,-1.8
2023-12-16,PROD_0027,Clothing,Budget_Store,69.7,73.4,91.0,91.0,337,6331.27,2532.51,True,False,0.872,0.0,0.941,-1.8
2023-12-23,PROD_0027,Clothing,Budget_Store,82.18,69.33,78.0,78.0,371,6374.57,2549.83,True,True,0.931,0.0,0.928,-1.8
2023-12-30,PROD_0027,Clothing,Budget_Store,65.62,67.27,165.0,165.0,327,10827.86,4331.14,True,True,0.991,0.0,0.959,-1.8
2022-01-01,PROD_0028,Clothing,Budget_Store,70.8,68.61,146.0,146.0,459,10369.3,4147.72,True,False,1.009,0.0,1.013,-1.8
2022-01-08,PROD_0028,Clothing,Budget_Store,60.23,70.88,250.0,79.0,79,4758.54,1903.41,True,False,1.069,0.0,1.002,-1.8
2022-01-15,PROD_0028,Clothing,Budget_Store,46.11,54.51,272.0,272.0,432,12523.83,5009.53,True,False,1.128,0.0,1.069,-1.8
2022-01-22,PROD_0028,Clothing,Budget_Store,48.24,49.14,348.0,253.0,253,12205.62,4882.25,True,False,1.185,0.0,1.145,-1.8
2022-01-29,PROD_0028,Clothing,Budget_Store,63.12,72.4,185.0,185.0,198,11668.53,4667.41,True,False,1.239,0.0,1.176,-1.8
2022-02-05,PROD_0028,Clothing,Budget_Store,63.62,62.19,270.0,270.0,301,17165.65,6866.26,True,False,1.29,0.0,1.13,-1.8
2022-02-12,PROD_0028,Clothing,Budget_Store,74.25,69.87,108.0,108.0,376,7982.36,3192.94,True,False,1.337,0.0,0.896,-1.8
2022-02-19,PROD_0028,Clothing,Budget_Store,76.72,68.64,107.0,107.0,255,8201.95,3280.78,True,False,1.379,0.0,0.811,-1.8
2022-02-26,PROD_0028,Clothing,Budget_Store,69.6,66.1,146.0,146.0,471,10169.98,4067.99,True,False,1.416,0.0,1.07,-1.8
2022-03-05,PROD_0028,Clothing,Budget_Store,56.24,54.27,258.0,93.0,93,5230.03,2092.01,True,False,1.446,0.0,1.149,-1.8
2022-03-19,PROD_0028,Clothing,Budget_Store,63.25,68.73,253.0,253.0,267,16034.7,6413.88,True,False,1.487,0.0,1.003,-1.8
2022-04-09,PROD_0028,Clothing,Budget_Store,66.42,63.96,252.0,252.0,254,16760.08,6704.03,True,False,1.496,0.0,0.895,-1.8
2022-04-16,PROD_0028,Clothing,Budget_Store,75.53,65.08,85.0,85.0,430,6394.49,2557.8,True,False,1.484,0.0,1.253,-1.8
2022-04-23,PROD_0028,Clothing,Budget_Store,69.73,59.48,174.0,174.0,241,12150.2,4860.08,True,False,1.465,0.0,1.068,-1.8
2022-04-30,PROD_0028,Clothing,Budget_Store,55.42,57.51,241.0,241.0,308,13347.64,5339.06,True,False,1.44,0.0,0.921,-1.8
2022-05-07,PROD_0028,Clothing,Budget_Store,68.53,66.88,204.0,204.0,372,14004.19,5601.68,True,False,1.408,0.0,1.033,-1.8
2022-05-21,PROD_0028,Clothing,Budget_Store,64.19,66.02,201.0,201.0,298,12872.39,5148.96,True,False,1.328,0.0,1.073,-1.8
2022-05-28,PROD_0028,Clothing,Budget_Store,52.35,60.07,350.0,350.0,363,18314.07,7325.63,True,False,1.28,0.0,1.193,-1.8
2022-06-11,PROD_0028,Clothing,Budget_Store,89.82,73.02,69.0,69.0,259,6204.71,2481.88,True,False,1.173,0.0,1.171,-1.8
2022-06-25,PROD_0028,Clothing,Budget_Store,62.63,58.57,129.0,71.0,71,4446.64,1778.66,True,False,1.056,0.0,0.824,-1.8
2022-07-09,PROD_0028,Clothing,Budget_Store,65.55,63.27,95.0,95.0,145,6233.98,2493.59,True,False,0.936,0.0,0.916,-1.8
2022-07-16,PROD_0028,Clothing,Budget_Store,72.77,64.45,71.0,71.0,395,5182.41,2072.96,True,False,0.876,0.0,1.142,-1.8
2022-07-23,PROD_0028,Clothing,Budget_Store,57.56,62.73,165.0,84.0,84,4834.79,1933.92,True,False,0.819,0.0,0.902,-1.8
2022-07-30,PROD_0028,Clothing,Budget_Store,66.88,56.62,99.0,99.0,209,6644.84,2657.94,True,False,0.764,0.0,0.995,-1.8
2022-08-06,PROD_0028,Clothing,Budget_Store,68.53,59.38,118.0,118.0,224,8071.03,3228.41,True,False,0.713,0.0,1.204,-1.8
2022-08-13,PROD_0028,Clothing,Budget_Store,49.64,50.21,99.0,99.0,119,4938.35,1975.34,True,False,0.666,0.0,1.067,-1.8
2022-08-20,PROD_0028,Clothing,Budget_Store,44.09,57.26,210.0,59.0,59,2601.23,1040.49,True,False,0.624,0.0,0.974,-1.8
2022-08-27,PROD_0028,Clothing,Budget_Store,54.97,56.99,70.0,70.0,87,3867.77,1547.11,True,False,0.587,0.0,1.186,-1.8
2022-09-17,PROD_0028,Clothing,Budget_Store,63.3,60.66,71.0,71.0,262,4490.76,1796.3,True,False,0.514,0.0,1.025,-1.8
2022-09-24,PROD_0028,Clothing,Budget_Store,68.6,60.76,62.0,62.0,274,4238.6,1695.44,True,False,0.503,0.0,0.819,-1.8
2022-10-15,PROD_0028,Clothing,Budget_Store,58.43,70.05,90.0,90.0,473,5284.9,2113.96,True,False,0.515,0.0,1.051,-1.8
2022-10-22,PROD_0028,Clothing,Budget_Store,62.72,59.46,79.0,79.0,242,4982.24,1992.9,True,False,0.533,0.0,0.945,-1.8
2022-11-19,PROD_0028,Clothing,Budget_Store,50.65,61.76,214.0,62.0,62,3140.12,1256.05,True,False,0.669,0.0,0.955,-1.8
2022-11-26,PROD_0028,Clothing,Budget_Store,75.87,72.46,82.0,82.0,121,6201.13,2480.45,True,False,0.717,0.0,1.102,-1.8
2022-12-03,PROD_0028,Clothing,Budget_Store,73.23,62.09,92.0,92.0,146,6730.7,2692.28,True,False,0.768,0.0,1.006,-1.8
2022-12-10,PROD_0028,Clothing,Budget_Store,60.64,60.22,145.0,145.0,207,8765.51,3506.21,True,False,0.823,0.0,1.019,-1.8
2022-12-17,PROD_0028,Clothing,Budget_Store,67.64,59.44,89.0,89.0,186,6026.75,2410.7,True,False,0.881,0.0,1.066,-1.8
2022-12-24,PROD_0028,Clothing,Budget_Store,77.97,68.36,90.0,90.0,208,7028.7,2811.48,True,True,0.94,0.0,0.959,-1.8
2022-12-31,PROD_0028,Clothing,Budget_Store,53.27,64.57,126.0,126.0,455,6711.37,2684.55,True,True,1.0,0.0,0.888,-1.8
2023-02-11,PROD_0028,Clothing,Budget_Store,41.71,53.94,341.0,341.0,392,14243.85,5697.54,True,False,1.331,0.0,0.964,-1.8
2023-02-18,PROD_0028,Clothing,Budget_Store,73.17,68.99,131.0,131.0,211,9615.95,3846.38,True,False,1.373,0.0,0.963,-1.8
2023-03-04,PROD_0028,Clothing,Budget_Store,66.1,58.6,168.0,168.0,190,11119.66,4447.86,True,False,1.442,0.0,1.026,-1.8
2023-03-11,PROD_0028,Clothing,Budget_Store,67.38,60.53,200.0,165.0,165,11117.32,4446.93,True,False,1.467,0.0,0.904,-1.8
2023-03-25,PROD_0028,Clothing,Budget_Store,64.08,66.59,156.0,156.0,418,9986.43,3994.57,True,False,1.496,0.0,0.881,-1.8
2023-04-01,PROD_0028,Clothing,Budget_Store,56.16,58.3,227.0,142.0,142,7974.87,3189.95,True,False,1.5,0.0,0.984,-1.8
2023-04-08,PROD_0028,Clothing,Budget_Store,67.13,56.19,136.0,136.0,144,9156.53,3662.61,True,False,1.497,0.0,0.853,-1.8
2023-04-22,PROD_0028,Clothing,Budget_Store,61.0,61.33,191.0,191.0,239,11639.03,4655.61,True,False,1.468,0.0,1.098,-1.8
2023-05-06,PROD_0028,Clothing,Budget_Store,63.94,61.7,162.0,162.0,210,10389.92,4155.97,True,False,1.413,0.0,1.039,-1.8
2023-05-20,PROD_0028,Clothing,Budget_Store,79.93,67.76,94.0,94.0,234,7513.31,3005.32,True,False,1.334,0.0,1.12,-1.8
2023-05-27,PROD_0028,Clothing,Budget_Store,66.39,60.36,228.0,98.0,98,6505.86,2602.34,True,False,1.287,0.0,0.953,-1.8
2023-06-03,PROD_0028,Clothing,Budget_Store,66.96,57.04,149.0,149.0,353,9979.51,3991.8,True,False,1.236,0.0,1.054,-1.8
2023-06-24,PROD_0028,Clothing,Budget_Store,62.8,63.33,206.0,104.0,104,6531.39,2612.56,True,False,1.064,0.0,1.03,-1.8
2023-07-01,PROD_0028,Clothing,Budget_Store,61.62,61.48,133.0,133.0,360,8192.31,3276.92,True,False,1.004,0.0,1.046,-1.8
2023-07-08,PROD_0028,Clothing,Budget_Store,63.79,65.0,142.0,142.0,415,9042.2,3616.88,True,False,0.944,0.0,1.018,-1.8
2023-07-22,PROD_0028,Clothing,Budget_Store,61.12,59.88,152.0,152.0,460,9287.74,3715.1,True,False,0.827,0.0,0.983,-1.8
2023-07-29,PROD_0028,Clothing,Budget_Store,54.7,60.75,114.0,114.0,420,6233.05,2493.22,True,False,0.772,0.0,0.938,-1.8
2023-08-05,PROD_0028,Clothing,Budget_Store,50.78,50.4,163.0,154.0,154,7820.67,3128.27,True,False,0.72,0.0,1.04,-1.8
2023-08-12,PROD_0028,Clothing,Budget_Store,65.61,58.36,107.0,107.0,300,7003.66,2801.46,True,False,0.672,0.0,1.091,-1.8
2023-09-02,PROD_0028,Clothing,Budget_Store,66.08,66.59,43.0,43.0,102,2835.72,1134.29,True,False,0.56,0.0,0.95,-1.8
2023-09-30,PROD_0028,Clothing,Budget_Store,63.98,60.52,95.0,76.0,76,4862.75,1945.1,True,False,0.5,0.0,1.173,-1.8
2023-10-14,PROD_0028,Clothing,Budget_Store,60.82,61.94,92.0,92.0,257,5604.95,2241.98,True,False,0.513,0.0,0.955,-1.8
2023-10-21,PROD_0028,Clothing,Budget_Store,49.34,58.38,128.0,128.0,171,6297.03,2518.81,True,False,0.53,0.0,0.901,-1.8
2023-10-28,PROD_0028,Clothing,Budget_Store,80.47,68.23,48.0,48.0,116,3843.35,1537.34,True,False,0.554,0.0,1.15,-1.8
2023-11-04,PROD_0028,Clothing,Budget_Store,70.46,59.73,70.0,70.0,106,4941.58,1976.63,True,False,0.584,0.0,0.925,-1.8
2023-11-11,PROD_0028,Clothing,Budget_Store,48.31,56.08,162.0,162.0,399,7834.54,3133.82,True,False,0.621,0.0,0.875,-1.8
2023-11-25,PROD_0028,Clothing,Budget_Store,62.34,66.86,142.0,142.0,308,8879.46,3551.78,True,False,0.71,0.0,1.053,-1.8
2023-12-09,PROD_0028,Clothing,Budget_Store,86.33,72.36,81.0,81.0,152,7021.48,2808.59,True,False,0.815,0.0,0.852,-1.8
2023-12-16,PROD_0028,Clothing,Budget_Store,54.66,52.75,173.0,173.0,248,9472.82,3789.13,True,False,0.872,0.0,1.055,-1.8
2023-12-23,PROD_0028,Clothing,Budget_Store,63.28,54.86,85.0,85.0,405,5369.22,2147.69,True,True,0.931,0.0,1.171,-1.8
2023-12-30,PROD_0028,Clothing,Budget_Store,74.02,63.18,86.0,86.0,270,6373.25,2549.3,True,True,0.991,0.0,0.755,-1.8
