dynamic_pricing_dataset.csv
date,product_id,category,store,price,competitor_price,demand,actual_sales,inventory_level,revenue,profit,is_weekend,is_holiday,seasonal_factor,marketing_spend,weather_impact,price_elasticity
2022-01-08,PROD_0029,Clothing,Budget_Store,64.95,65.63,148.0,148.0,353,9608.39,3843.36,True,False,1.069,0.0,0.989,-1.8
2022-01-22,PROD_0029,Clothing,Budget_Store,44.31,48.69,338.0,329.0,329,14576.37,5830.55,True,False,1.185,0.0,0.96,-1.8
2022-01-29,PROD_0029,Clothing,Budget_Store,75.91,63.51,87.0,87.0,123,6576.7,2630.68,True,False,1.239,0.0,0.906,-1.8
2022-02-05,PROD_0029,Clothing,Budget_Store,78.82,67.24,98.0,98.0,339,7727.09,3090.84,True,False,1.29,0.0,1.028,-1.8
2022-02-12,PROD_0029,Clothing,Budget_Store,54.61,70.78,404.0,77.0,77,4205.07,1682.03,True,False,1.337,0.0,1.01,-1.8
2022-02-19,PROD_0029,Clothing,Budget_Store,77.75,69.18,134.0,134.0,184,10400.19,4160.07,True,False,1.379,0.0,1.101,-1.8
2022-03-05,PROD_0029,Clothing,Budget_Store,71.47,67.92,150.0,150.0,419,10733.22,4293.29,True,False,1.446,0.0,1.089,-1.8
2022-03-26,PROD_0029,Clothing,Budget_Store,50.94,57.26,393.0,283.0,283,14415.51,5766.21,True,False,1.497,0.0,0.925,-1.8
2022-04-16,PROD_0029,Clothing,Budget_Store,66.44,64.66,237.0,237.0,237,15745.64,6298.26,True,False,1.484,0.0,1.028,-1.8
2022-04-23,PROD_0029,Clothing,Budget_Store,57.76,68.46,310.0,245.0,245,14151.15,5660.46,True,False,1.465,0.0,1.077,-1.8
2022-04-30,PROD_0029,Clothing,Budget_Store,67.62,60.41,215.0,77.0,77,5206.47,2082.59,True,False,1.44,0.0,1.194,-1.8
2022-05-14,PROD_0029,Clothing,Budget_Store,76.97,67.11,97.0,53.0,53,4079.46,1631.79,True,False,1.371,0.0,1.094,-1.8
2022-05-21,PROD_0029,Clothing,Budget_Store,78.62,66.37,184.0,184.0,295,14495.07,5798.03,True,False,1.328,0.0,1.026,-1.8
2022-05-28,PROD_0029,Clothing,Budget_Store,51.38,59.12,225.0,225.0,442,11560.54,4624.22,True,False,1.28,0.0,1.082,-1.8
2022-06-04,PROD_0029,Clothing,Budget_Store,50.89,53.55,334.0,334.0,404,16973.36,6789.34,True,False,1.228,0.0,1.055,-1.8
2022-06-18,PROD_0029,Clothing,Budget_Store,53.83,57.95,186.0,173.0,173,9313.07,3725.23,True,False,1.115,0.0,0.86,-1.8
2022-06-25,PROD_0029,Clothing,Budget_Store,52.31,56.29,267.0,267.0,493,13974.2,5589.68,True,False,1.056,0.0,0.903,-1.8
2022-07-09,PROD_0029,Clothing,Budget_Store,46.36,59.28,243.0,243.0,415,11252.33,4500.93,True,False,0.936,0.0,0.927,-1.8
2022-07-16,PROD_0029,Clothing,Budget_Store,57.1,50.79,163.0,163.0,215,9289.41,3715.76,True,False,0.876,0.0,0.981,-1.8
2022-07-30,PROD_0029,Clothing,Budget_Store,65.07,58.08,58.0,58.0,100,3785.81,1514.32,True,False,0.764,0.0,0.946,-1.8
2022-08-06,PROD_0029,Clothing,Budget_Store,60.93,62.81,147.0,143.0,143,8713.13,3485.25,True,False,0.713,0.0,0.932,-1.8
2022-08-13,PROD_0029,Clothing,Budget_Store,67.6,68.31,94.0,94.0,468,6325.4,2530.16,True,False,0.666,0.0,0.941,-1.8
2022-08-20,PROD_0029,Clothing,Budget_Store,73.44,67.31,67.0,67.0,402,4954.01,1981.61,True,False,0.624,0.0,1.013,-1.8
2022-09-03,PROD_0029,Clothing,Budget_Store,62.25,63.75,75.0,75.0,387,4687.57,1875.03,True,False,0.556,0.0,1.032,-1.8
2022-09-10,PROD_0029,Clothing,Budget_Store,70.12,60.46,76.0,76.0,418,5294.87,2117.95,True,False,0.532,0.0,1.04,-1.8
2022-09-17,PROD_0029,Clothing,Budget_Store,57.14,55.55,78.0,78.0,428,4433.81,1773.52,True,False,0.514,0.0,1.07,-1.8
2022-10-01,PROD_0029,Clothing,Budget_Store,73.35,63.76,71.0,71.0,471,5232.03,2092.81,True,False,0.5,0.0,1.031,-1.8
2022-10-08,PROD_0029,Clothing,Budget_Store,82.05,66.66,36.0,36.0,62,2963.29,1185.32,True,False,0.504,0.0,1.203,-1.8
2022-10-15,PROD_0029,Clothing,Budget_Store,59.51,59.62,64.0,64.0,478,3790.07,1516.03,True,False,0.515,0.0,0.936,-1.8
2022-10-22,PROD_0029,Clothing,Budget_Store,79.2,75.16,51.0,51.0,432,4015.04,1606.02,True,False,0.533,0.0,1.04,-1.8
2022-10-29,PROD_0029,Clothing,Budget_Store,60.49,69.46,99.0,99.0,468,5995.07,2398.03,True,False,0.558,0.0,0.966,-1.8
2022-11-12,PROD_0029,Clothing,Budget_Store,69.79,63.88,77.0,77.0,88,5406.08,2162.43,True,False,0.627,0.0,1.048,-1.8
2022-11-19,PROD_0029,Clothing,Budget_Store,58.09,61.34,103.0,103.0,420,6010.5,2404.2,True,False,0.669,0.0,1.002,-1.8
2022-11-26,PROD_0029,Clothing,Budget_Store,58.4,57.73,114.0,114.0,415,6661.44,2664.58,True,False,0.717,0.0,1.105,-1.8
2022-12-03,PROD_0029,Clothing,Budget_Store,56.46,68.07,155.0,97.0,97,5476.32,2190.53,True,False,0.768,0.0,1.132,-1.8
2022-12-10,PROD_0029,Clothing,Budget_Store,55.02,62.13,216.0,54.0,54,2971.22,1188.49,True,False,0.823,0.0,0.979,-1.8
2022-12-17,PROD_0029,Clothing,Budget_Store,72.45,71.64,78.0,78.0,310,5615.69,2246.28,True,False,0.881,0.0,0.955,-1.8
2022-12-24,PROD_0029,Clothing,Budget_Store,60.32,62.78,144.0,144.0,331,8689.31,3475.72,True,True,0.94,0.0,0.912,-1.8
2022-12-31,PROD_0029,Clothing,Budget_Store,49.21,59.88,289.0,289.0,337,14241.6,5696.64,True,True,1.0,0.0,0.973,-1.8
2023-01-07,PROD_0029,Clothing,Budget_Store,70.0,57.27,111.0,111.0,177,7796.23,3118.49,True,False,1.06,0.0,0.889,-1.8
2023-01-14,PROD_0029,Clothing,Budget_Store,71.58,67.28,169.0,162.0,162,11595.66,4638.26,True,False,1.119,0.0,1.021,-1.8
2023-01-21,PROD_0029,Clothing,Budget_Store,56.65,68.97,167.0,167.0,449,9461.91,3784.76,True,False,1.177,0.0,1.199,-1.8
2023-01-28,PROD_0029,Clothing,Budget_Store,53.88,56.3,223.0,223.0,351,12025.33,4810.13,True,False,1.232,0.0,1.061,-1.8
2023-02-04,PROD_0029,Clothing,Budget_Store,47.4,48.34,378.0,378.0,491,17920.23,7168.09,True,False,1.283,0.0,1.034,-1.8
2023-02-11,PROD_0029,Clothing,Budget_Store,68.35,55.47,148.0,148.0,346,10126.07,4050.43,True,False,1.331,0.0,1.004,-1.8
2023-02-18,PROD_0029,Clothing,Budget_Store,67.14,70.61,149.0,149.0,216,9991.37,3996.55,True,False,1.373,0.0,0.969,-1.8
2023-02-25,PROD_0029,Clothing,Budget_Store,81.72,71.21,145.0,145.0,224,11841.21,4736.49,True,False,1.411,0.0,1.035,-1.8
2023-03-04,PROD_0029,Clothing,Budget_Store,64.72,67.63,261.0,84.0,84,5436.45,2174.58,True,False,1.442,0.0,0.926,-1.8
2023-03-11,PROD_0029,Clothing,Budget_Store,52.28,59.33,390.0,70.0,70,3659.81,1463.92,True,False,1.467,0.0,0.919,-1.8
2023-03-25,PROD_0029,Clothing,Budget_Store,77.81,65.42,131.0,52.0,52,4046.08,1618.43,True,False,1.496,0.0,0.885,-1.8
2023-04-01,PROD_0029,Clothing,Budget_Store,74.64,67.09,125.0,125.0,309,9320.85,3728.34,True,False,1.5,0.0,0.959,-1.8
2023-04-08,PROD_0029,Clothing,Budget_Store,57.28,50.18,217.0,217.0,405,12443.74,4977.49,True,False,1.497,0.0,0.935,-1.8
2023-04-22,PROD_0029,Clothing,Budget_Store,60.98,56.92,263.0,263.0,481,16038.48,6415.39,True,False,1.468,0.0,0.921,-1.8
2023-04-29,PROD_0029,Clothing,Budget_Store,57.65,59.12,335.0,53.0,53,3055.58,1222.23,True,False,1.444,0.0,0.872,-1.8
2023-05-20,PROD_0029,Clothing,Budget_Store,60.64,58.73,377.0,377.0,448,22832.84,9133.14,True,False,1.334,0.0,0.949,-1.8
2023-05-27,PROD_0029,Clothing,Budget_Store,58.29,59.02,160.0,160.0,482,9302.94,3721.18,True,False,1.287,0.0,0.95,-1.8
2023-06-17,PROD_0029,Clothing,Budget_Store,63.18,57.62,98.0,98.0,414,6210.88,2484.35,True,False,1.124,0.0,0.889,-1.8
2023-06-24,PROD_0029,Clothing,Budget_Store,54.78,58.92,284.0,284.0,487,15547.28,6218.91,True,False,1.064,0.0,0.968,-1.8
2023-07-01,PROD_0029,Clothing,Budget_Store,86.09,72.3,78.0,78.0,139,6753.85,2701.54,True,False,1.004,0.0,0.95,-1.8
2023-07-08,PROD_0029,Clothing,Budget_Store,54.24,55.79,212.0,212.0,483,11507.66,4603.06,True,False,0.944,0.0,1.093,-1.8
2023-07-15,PROD_0029,Clothing,Budget_Store,50.64,63.73,191.0,191.0,255,9676.97,3870.79,True,False,0.885,0.0,0.989,-1.8
2023-07-22,PROD_0029,Clothing,Budget_Store,73.21,61.06,93.0,93.0,263,6801.75,2720.7,True,False,0.827,0.0,0.965,-1.8
2023-08-19,PROD_0029,Clothing,Budget_Store,64.63,58.89,56.0,56.0,273,3615.18,1446.07,True,False,0.629,0.0,1.12,-1.8
2023-09-16,PROD_0029,Clothing,Budget_Store,74.25,64.45,47.0,47.0,197,3514.1,1405.64,True,False,0.516,0.0,0.992,-1.8
2023-09-23,PROD_0029,Clothing,Budget_Store,76.8,70.38,48.0,48.0,325,3718.87,1487.55,True,False,0.504,0.0,0.993,-1.8
2023-09-30,PROD_0029,Clothing,Budget_Store,61.7,64.02,83.0,83.0,468,5092.55,2037.02,True,False,0.5,0.0,0.996,-1.8
2023-10-14,PROD_0029,Clothing,Budget_Store,80.99,71.0,39.0,39.0,437,3184.27,1273.71,True,False,0.513,0.0,0.86,-1.8
2023-10-21,PROD_0029,Clothing,Budget_Store,53.4,57.95,96.0,96.0,429,5149.03,2059.61,True,False,0.53,0.0,1.162,-1.8
2023-10-28,PROD_0029,Clothing,Budget_Store,66.86,70.87,47.0,47.0,139,3166.91,1266.77,True,False,0.554,0.0,1.117,-1.8
2023-12-02,PROD_0029,Clothing,Budget_Store,80.11,68.72,66.0,66.0,198,5322.54,2129.02,True,False,0.761,0.0,1.105,-1.8
2023-12-16,PROD_0029,Clothing,Budget_Store,81.91,67.65,68.0,68.0,266,5594.24,2237.7,True,False,0.872,0.0,0.979,-1.8
2023-12-30,PROD_0029,Clothing,Budget_Store,46.5,58.16,295.0,295.0,371,13725.52,5490.21,True,True,0.991,0.0,0.957,-1.8
2022-01-01,PROD_0030,Clothing,Budget_Store,55.83,66.46,164.0,164.0,411,9150.06,3660.02,True,False,1.009,0.0,1.171,-1.8
2022-01-08,PROD_0030,Clothing,Budget_Store,80.2,67.1,102.0,102.0,142,8196.65,3278.66,True,False,1.069,0.0,1.149,-1.8
2022-01-15,PROD_0030,Clothing,Budget_Store,59.88,60.17,167.0,99.0,99,5928.55,2371.42,True,False,1.128,0.0,1.081,-1.8
2022-01-22,PROD_0030,Clothing,Budget_Store,62.76,61.29,198.0,198.0,461,12452.02,4980.81,True,False,1.185,0.0,0.905,-1.8
2022-01-29,PROD_0030,Clothing,Budget_Store,49.13,50.2,284.0,284.0,353,13956.41,5582.56,True,False,1.239,0.0,0.947,-1.8
2022-02-12,PROD_0030,Clothing,Budget_Store,56.33,59.68,159.0,159.0,336,8979.26,3591.7,True,False,1.337,0.0,0.944,-1.8
2022-02-19,PROD_0030,Clothing,Budget_Store,58.33,66.76,223.0,182.0,182,10615.62,4246.25,True,False,1.379,0.0,1.11,-1.8
2022-02-26,PROD_0030,Clothing,Budget_Store,67.94,68.77,188.0,188.0,254,12781.3,5112.52,True,False,1.416,0.0,1.08,-1.8
2022-03-05,PROD_0030,Clothing,Budget_Store,67.03,65.06,187.0,187.0,211,12564.53,5025.81,True,False,1.446,0.0,0.913,-1.8
2022-03-19,PROD_0030,Clothing,Budget_Store,59.26,64.98,209.0,50.0,50,2963.02,1185.21,True,False,1.487,0.0,0.909,-1.8
2022-03-26,PROD_0030,Clothing,Budget_Store,64.85,53.41,174.0,174.0,191,11282.83,4513.13,True,False,1.497,0.0,0.941,-1.8
2022-04-16,PROD_0030,Clothing,Budget_Store,56.19,55.45,331.0,221.0,221,12417.29,4966.92,True,False,1.484,0.0,0.932,-1.8
2022-04-23,PROD_0030,Clothing,Budget_Store,72.82,73.14,225.0,225.0,310,16417.38,6566.95,True,False,1.465,0.0,0.979,-1.8
2022-04-30,PROD_0030,Clothing,Budget_Store,61.85,70.1,169.0,97.0,97,5999.16,2399.67,True,False,1.44,0.0,1.078,-1.8
2022-05-14,PROD_0030,Clothing,Budget_Store,70.64,67.01,172.0,172.0,392,12139.47,4855.79,True,False,1.371,0.0,0.944,-1.8
2022-05-21,PROD_0030,Clothing,Budget_Store,56.82,56.33,257.0,257.0,390,14607.0,5842.8,True,False,1.328,0.0,0.965,-1.8
2022-05-28,PROD_0030,Clothing,Budget_Store,66.47,62.53,181.0,102.0,102,6780.37,2712.15,True,False,1.28,0.0,1.021,-1.8
2022-06-04,PROD_0030,Clothing,Budget_Store,63.25,66.71,124.0,124.0,186,7869.3,3147.72,True,False,1.228,0.0,1.075,-1.8
2022-06-11,PROD_0030,Clothing,Budget_Store,65.28,61.78,106.0,106.0,322,6903.61,2761.45,True,False,1.173,0.0,0.901,-1.8
2022-06-18,PROD_0030,Clothing,Budget_Store,69.27,70.38,140.0,140.0,306,9715.26,3886.11,True,False,1.115,0.0,0.855,-1.8
2022-06-25,PROD_0030,Clothing,Budget_Store,51.13,60.39,253.0,138.0,138,7056.26,2822.5,True,False,1.056,0.0,1.035,-1.8
2022-07-02,PROD_0030,Clothing,Budget_Store,69.65,69.87,151.0,151.0,291,10523.52,4209.41,True,False,0.996,0.0,1.004,-1.8
2022-07-30,PROD_0030,Clothing,Budget_Store,55.04,65.71,161.0,161.0,410,8860.98,3544.39,True,False,0.764,0.0,0.926,-1.8
2022-08-06,PROD_0030,Clothing,Budget_Store,50.26,61.19,153.0,153.0,301,7680.24,3072.1,True,False,0.713,0.0,1.155,-1.8
2022-08-13,PROD_0030,Clothing,Budget_Store,64.72,62.03,93.0,93.0,312,6012.83,2405.13,True,False,0.666,0.0,1.143,-1.8
2022-08-20,PROD_0030,Clothing,Budget_Store,45.84,57.18,186.0,186.0,486,8512.99,3405.2,True,False,0.624,0.0,1.067,-1.8
2022-08-27,PROD_0030,Clothing,Budget_Store,57.97,62.0,116.0,116.0,390,6723.11,2689.24,True,False,0.587,0.0,0.955,-1.8
2022-09-17,PROD_0030,Clothing,Budget_Store,57.68,66.51,102.0,102.0,433,5857.2,2342.88,True,False,0.514,0.0,1.029,-1.8
2022-09-24,PROD_0030,Clothing,Budget_Store,63.85,66.61,73.0,73.0,333,4631.37,1852.55,True,False,0.503,0.0,1.092,-1.8
2022-10-22,PROD_0030,Clothing,Budget_Store,61.32,59.8,96.0,96.0,421,5869.55,2347.82,True,False,0.533,0.0,1.019,-1.8
2022-11-05,PROD_0030,Clothing,Budget_Store,81.54,72.1,53.0,53.0,425,4282.88,1713.15,True,False,0.589,0.0,1.074,-1.8
2022-11-12,PROD_0030,Clothing,Budget_Store,47.72,56.57,132.0,132.0,281,6304.42,2521.77,True,False,0.627,0.0,0.975,-1.8
2022-11-26,PROD_0030,Clothing,Budget_Store,53.5,60.11,134.0,134.0,427,7190.86,2876.35,True,False,0.717,0.0,0.899,-1.8
2022-12-03,PROD_0030,Clothing,Budget_Store,51.44,67.54,186.0,186.0,397,9579.67,3831.87,True,False,0.768,0.0,0.928,-1.8
2022-12-10,PROD_0030,Clothing,Budget_Store,64.71,64.08,151.0,126.0,126,8153.11,3261.24,True,False,0.823,0.0,0.896,-1.8
2022-12-17,PROD_0030,Clothing,Budget_Store,49.49,49.93,170.0,170.0,266,8434.42,3373.77,True,False,0.881,0.0,0.902,-1.8
2022-12-31,PROD_0030,Clothing,Budget_Store,55.87,63.28,155.0,155.0,477,8632.37,3452.95,True,True,1.0,0.0,0.975,-1.8
2023-01-14,PROD_0030,Clothing,Budget_Store,66.05,63.94,108.0,108.0,319,7119.03,2847.61,True,False,1.119,0.0,0.844,-1.8
2023-01-21,PROD_0030,Clothing,Budget_Store,64.79,66.16,178.0,178.0,391,11557.52,4623.01,True,False,1.177,0.0,0.92,-1.8
2023-01-28,PROD_0030,Clothing,Budget_Store,52.89,65.59,182.0,167.0,167,8832.59,3533.04,True,False,1.232,0.0,0.983,-1.8
2023-02-04,PROD_0030,Clothing,Budget_Store,64.23,66.17,209.0,209.0,470,13420.55,5368.22,True,False,1.283,0.0,1.046,-1.8
2023-02-18,PROD_0030,Clothing,Budget_Store,55.94,71.81,240.0,240.0,417,13424.18,5369.67,True,False,1.373,0.0,1.015,-1.8
2023-02-25,PROD_0030,Clothing,Budget_Store,63.51,60.01,169.0,169.0,198,10705.44,4282.18,True,False,1.411,0.0,0.984,-1.8
2023-03-04,PROD_0030,Clothing,Budget_Store,54.92,54.04,300.0,243.0,243,13344.92,5337.97,True,False,1.442,0.0,0.931,-1.8
2023-03-11,PROD_0030,Clothing,Budget_Store,65.46,65.6,246.0,223.0,223,14597.57,5839.03,True,False,1.467,0.0,1.059,-1.8
2023-03-18,PROD_0030,Clothing,Budget_Store,75.03,71.7,180.0,180.0,308,13533.69,5413.48,True,False,1.485,0.0,1.095,-1.8
2023-04-01,PROD_0030,Clothing,Budget_Store,66.03,72.71,206.0,155.0,155,10233.9,4093.56,True,False,1.5,0.0,0.973,-1.8
2023-04-29,PROD_0030,Clothing,Budget_Store,71.39,64.65,177.0,177.0,403,12643.49,5057.4,True,False,1.444,0.0,0.849,-1.8
2023-05-20,PROD_0030,Clothing,Budget_Store,75.67,73.18,126.0,126.0,308,9512.0,3804.8,True,False,1.334,0.0,1.111,-1.8
2023-05-27,PROD_0030,Clothing,Budget_Store,94.41,74.95,84.0,84.0,418,7959.29,3183.72,True,False,1.287,0.0,1.065,-1.8
2023-06-03,PROD_0030,Clothing,Budget_Store,69.09,65.8,127.0,127.0,368,8784.4,3513.76,True,False,1.236,0.0,0.947,-1.8
2023-06-17,PROD_0030,Clothing,Budget_Store,69.49,66.48,163.0,160.0,160,11117.74,4447.1,True,False,1.124,0.0,1.087,-1.8
2023-07-01,PROD_0030,Clothing,Budget_Store,77.2,64.96,120.0,120.0,149,9270.82,3708.33,True,False,1.004,0.0,1.216,-1.8
2023-07-08,PROD_0030,Clothing,Budget_Store,54.28,57.97,181.0,181.0,331,9848.24,3939.29,True,False,0.944,0.0,1.113,-1.8
2023-07-15,PROD_0030,Clothing,Budget_Store,60.08,61.65,191.0,185.0,185,11113.89,4445.56,True,False,0.885,0.0,1.104,-1.8
2023-08-05,PROD_0030,Clothing,Budget_Store,61.8,62.47,117.0,75.0,75,4634.95,1853.98,True,False,0.72,0.0,1.098,-1.8
2023-08-19,PROD_0030,Clothing,Budget_Store,62.68,63.09,86.0,86.0,444,5372.08,2148.83,True,False,0.629,0.0,1.002,-1.8
2023-09-02,PROD_0030,Clothing,Budget_Store,79.47,68.26,70.0,65.0,65,5165.55,2066.22,True,False,0.56,0.0,0.893,-1.8
2023-09-09,PROD_0030,Clothing,Budget_Store,75.2,76.72,75.0,75.0,477,5639.45,2255.78,True,False,0.535,0.0,1.021,-1.8
2023-09-16,PROD_0030,Clothing,Budget_Store,77.58,64.91,70.0,70.0,379,5414.58,2165.83,True,False,0.516,0.0,0.97,-1.8
2023-09-30,PROD_0030,Clothing,Budget_Store,49.4,57.77,87.0,87.0,428,4305.86,1722.35,True,False,0.5,0.0,1.111,-1.8
2023-10-07,PROD_0030,Clothing,Budget_Store,70.24,65.13,94.0,94.0,330,6626.0,2650.4,True,False,0.503,0.0,1.035,-1.8
2023-10-21,PROD_0030,Clothing,Budget_Store,48.77,56.11,124.0,124.0,292,6045.32,2418.13,True,False,0.53,0.0,0.988,-1.8
2023-10-28,PROD_0030,Clothing,Budget_Store,54.88,56.1,91.0,82.0,82,4500.42,1800.17,True,False,0.554,0.0,1.113,-1.8
2023-11-04,PROD_0030,Clothing,Budget_Store,66.01,68.67,101.0,101.0,298,6660.68,2664.27,True,False,0.584,0.0,1.215,-1.8
2023-11-18,PROD_0030,Clothing,Budget_Store,67.98,70.77,49.0,49.0,298,3332.17,1332.87,True,False,0.663,0.0,0.993,-1.8
2023-11-25,PROD_0030,Clothing,Budget_Store,62.04,61.94,163.0,163.0,433,10084.96,4033.98,True,False,0.71,0.0,1.212,-1.8
2023-12-16,PROD_0030,Clothing,Budget_Store,49.42,64.79,198.0,198.0,242,9781.35,3912.54,True,False,0.872,0.0,1.161,-1.8
2023-12-23,PROD_0030,Clothing,Budget_Store,65.58,65.2,176.0,176.0,271,11554.02,4621.61,True,True,0.931,0.0,0.939,-1.8
2023-12-30,PROD_0030,Clothing,Budget_Store,61.76,63.56,169.0,60.0,60,3705.38,1482.15,True,True,0.991,0.0,1.121,-1.8
