dynamic_pricing_dataset.csv
date,product_id,category,store,price,competitor_price,demand,actual_sales,inventory_level,revenue,profit,is_weekend,is_holiday,seasonal_factor,marketing_spend,weather_impact,price_elasticity
2022-01-01,PROD_0031,Clothing,Online_Store,60.9,59.99,142.0,142.0,204,8671.77,3468.71,True,False,1.009,0.0,0.823,-1.8
2022-01-22,PROD_0031,Clothing,Online_Store,75.15,70.49,136.0,136.0,146,10192.27,4076.91,True,False,1.185,0.0,0.947,-1.8
2022-01-29,PROD_0031,Clothing,Online_Store,87.45,78.62,86.0,86.0,484,7558.82,3023.53,True,False,1.239,0.0,0.85,-1.8
2022-02-05,PROD_0031,Clothing,Online_Store,70.38,69.66,156.0,145.0,145,10204.93,4081.97,True,False,1.29,0.0,1.022,-1.8
2022-02-12,PROD_0031,Clothing,Online_Store,62.13,64.22,180.0,180.0,485,11171.24,4468.5,True,False,1.337,0.0,0.885,-1.8
2022-02-26,PROD_0031,Clothing,Online_Store,72.59,74.43,174.0,143.0,143,10379.69,4151.88,True,False,1.416,0.0,1.036,-1.8
2022-03-05,PROD_0031,Clothing,Online_Store,86.43,72.63,115.0,115.0,171,9924.8,3969.92,True,False,1.446,0.0,1.016,-1.8
2022-03-12,PROD_0031,Clothing,Online_Store,75.21,77.42,157.0,157.0,160,11806.2,4722.48,True,False,1.47,0.0,0.95,-1.8
2022-03-19,PROD_0031,Clothing,Online_Store,58.24,68.26,308.0,308.0,397,17944.94,7177.97,True,False,1.487,0.0,1.107,-1.8
2022-03-26,PROD_0031,Clothing,Online_Store,62.64,63.17,272.0,92.0,92,5762.84,2305.14,True,False,1.497,0.0,1.006,-1.8
2022-04-09,PROD_0031,Clothing,Online_Store,80.91,68.09,147.0,147.0,485,11865.75,4746.3,True,False,1.496,0.0,1.007,-1.8
2022-04-23,PROD_0031,Clothing,Online_Store,72.99,77.66,191.0,76.0,76,5547.57,2219.03,True,False,1.465,0.0,0.916,-1.8
2022-04-30,PROD_0031,Clothing,Online_Store,72.04,73.51,137.0,117.0,117,8429.26,3371.71,True,False,1.44,0.0,0.924,-1.8
2022-05-07,PROD_0031,Clothing,Online_Store,83.14,80.71,127.0,127.0,445,10579.23,4231.69,True,False,1.408,0.0,0.963,-1.8
2022-05-21,PROD_0031,Clothing,Online_Store,89.19,84.54,90.0,90.0,442,8038.97,3215.59,True,False,1.328,0.0,0.945,-1.8
2022-05-28,PROD_0031,Clothing,Online_Store,77.33,79.09,109.0,87.0,87,6727.87,2691.15,True,False,1.28,0.0,0.9,-1.8
2022-06-11,PROD_0031,Clothing,Online_Store,72.31,69.79,95.0,95.0,304,6852.93,2741.17,True,False,1.173,0.0,1.13,-1.8
2022-06-18,PROD_0031,Clothing,Online_Store,75.1,72.49,133.0,133.0,227,9960.82,3984.33,True,False,1.115,0.0,1.074,-1.8
2022-06-25,PROD_0031,Clothing,Online_Store,69.98,59.76,124.0,124.0,259,8683.39,3473.36,True,False,1.056,0.0,1.046,-1.8
2022-07-02,PROD_0031,Clothing,Online_Store,73.14,74.32,94.0,94.0,359,6872.92,2749.17,True,False,0.996,0.0,0.882,-1.8
2022-07-09,PROD_0031,Clothing,Online_Store,71.82,72.67,109.0,109.0,397,7820.0,3128.0,True,False,0.936,0.0,0.93,-1.8
2022-07-16,PROD_0031,Clothing,Online_Store,64.66,63.98,158.0,158.0,305,10212.84,4085.13,True,False,0.876,0.0,1.052,-1.8
2022-07-23,PROD_0031,Clothing,Online_Store,72.59,74.16,65.0,65.0,421,4745.39,1898.16,True,False,0.819,0.0,0.901,-1.8
2022-07-30,PROD_0031,Clothing,Online_Store,69.72,68.56,99.0,99.0,320,6870.35,2748.14,True,False,0.764,0.0,0.901,-1.8
2022-08-06,PROD_0031,Clothing,Online_Store,56.52,65.36,114.0,114.0,167,6453.19,2581.28,True,False,0.713,0.0,1.082,-1.8
2022-08-27,PROD_0031,Clothing,Online_Store,73.37,75.34,51.0,51.0,145,3706.97,1482.79,True,False,0.587,0.0,1.057,-1.8
2022-09-03,PROD_0031,Clothing,Online_Store,51.01,63.04,130.0,105.0,105,5355.65,2142.26,True,False,0.556,0.0,0.899,-1.8
2022-09-10,PROD_0031,Clothing,Online_Store,60.65,69.65,117.0,117.0,451,7102.52,2841.01,True,False,0.532,0.0,0.926,-1.8
2022-09-17,PROD_0031,Clothing,Online_Store,75.19,76.86,66.0,66.0,296,4989.45,1995.78,True,False,0.514,0.0,0.92,-1.8
2022-10-01,PROD_0031,Clothing,Online_Store,64.37,72.86,79.0,79.0,278,5087.56,2035.02,True,False,0.5,0.0,0.991,-1.8
2022-10-15,PROD_0031,Clothing,Online_Store,69.3,66.91,57.0,57.0,350,3975.95,1590.38,True,False,0.515,0.0,1.033,-1.8
2022-10-29,PROD_0031,Clothing,Online_Store,74.48,83.27,49.0,49.0,92,3677.52,1471.01,True,False,0.558,0.0,1.09,-1.8
2022-11-05,PROD_0031,Clothing,Online_Store,78.98,80.87,54.0,54.0,133,4270.58,1708.23,True,False,0.589,0.0,1.093,-1.8
2022-11-19,PROD_0031,Clothing,Online_Store,76.63,63.83,47.0,47.0,361,3603.75,1441.5,True,False,0.669,0.0,1.08,-1.8
2022-11-26,PROD_0031,Clothing,Online_Store,72.01,61.08,63.0,63.0,443,4532.71,1813.09,True,False,0.717,0.0,0.99,-1.8
2022-12-03,PROD_0031,Clothing,Online_Store,68.73,67.62,110.0,110.0,269,7583.54,3033.41,True,False,0.768,0.0,0.777,-1.8
2022-12-10,PROD_0031,Clothing,Online_Store,71.07,72.6,96.0,96.0,324,6825.4,2730.16,True,False,0.823,0.0,1.119,-1.8
2022-12-17,PROD_0031,Clothing,Online_Store,64.56,77.74,107.0,107.0,452,6924.23,2769.69,True,False,0.881,0.0,1.058,-1.8
2022-12-24,PROD_0031,Clothing,Online_Store,60.97,61.04,189.0,189.0,278,11533.91,4613.57,True,True,0.94,0.0,0.955,-1.8
2022-12-31,PROD_0031,Clothing,Online_Store,65.5,77.61,137.0,137.0,235,8991.56,3596.62,True,True,1.0,0.0,1.021,-1.8
2023-01-07,PROD_0031,Clothing,Online_Store,98.55,84.05,60.0,60.0,158,5887.55,2355.02,True,False,1.06,0.0,0.947,-1.8
2023-01-14,PROD_0031,Clothing,Online_Store,67.57,58.13,55.0,55.0,79,3699.23,1479.69,True,False,1.119,0.0,0.911,-1.8
2023-01-21,PROD_0031,Clothing,Online_Store,81.32,76.9,130.0,130.0,293,10596.38,4238.55,True,False,1.177,0.0,1.008,-1.8
2023-02-04,PROD_0031,Clothing,Online_Store,67.91,67.82,180.0,180.0,242,12257.78,4903.11,True,False,1.283,0.0,1.075,-1.8
2023-02-18,PROD_0031,Clothing,Online_Store,71.05,74.52,121.0,121.0,158,8583.39,3433.35,True,False,1.373,0.0,0.951,-1.8
2023-03-04,PROD_0031,Clothing,Online_Store,67.69,73.58,218.0,87.0,87,5888.65,2355.46,True,False,1.442,0.0,0.991,-1.8
2023-03-18,PROD_0031,Clothing,Online_Store,61.08,78.25,283.0,283.0,438,17311.79,6924.71,True,False,1.485,0.0,1.121,-1.8
2023-03-25,PROD_0031,Clothing,Online_Store,89.18,74.33,177.0,142.0,142,12663.42,5065.37,True,False,1.496,0.0,1.177,-1.8
2023-04-08,PROD_0031,Clothing,Online_Store,84.89,82.07,127.0,127.0,452,10766.24,4306.49,True,False,1.497,0.0,1.144,-1.8
2023-04-15,PROD_0031,Clothing,Online_Store,59.7,69.82,266.0,119.0,119,7104.1,2841.64,True,False,1.486,0.0,1.224,-1.8
2023-04-22,PROD_0031,Clothing,Online_Store,78.78,80.02,199.0,199.0,296,15708.96,6283.58,True,False,1.468,0.0,0.948,-1.8
2023-04-29,PROD_0031,Clothing,Online_Store,75.81,83.89,107.0,107.0,221,8119.82,3247.93,True,False,1.444,0.0,0.921,-1.8
2023-05-27,PROD_0031,Clothing,Online_Store,54.5,70.03,343.0,51.0,51,2779.28,1111.71,True,False,1.287,0.0,1.263,-1.8
2023-06-24,PROD_0031,Clothing,Online_Store,99.88,76.49,43.0,43.0,373,4255.03,1702.01,True,False,1.064,0.0,1.072,-1.8
2023-07-01,PROD_0031,Clothing,Online_Store,71.65,73.47,122.0,78.0,78,5588.5,2235.4,True,False,1.004,0.0,0.906,-1.8
2023-07-08,PROD_0031,Clothing,Online_Store,41.38,51.82,247.0,247.0,346,10240.22,4096.09,True,False,0.944,0.0,1.089,-1.8
2023-07-15,PROD_0031,Clothing,Online_Store,66.76,67.22,199.0,199.0,385,13266.24,5306.5,True,False,0.885,0.0,1.198,-1.8
2023-07-29,PROD_0031,Clothing,Online_Store,59.27,63.31,106.0,106.0,107,6270.33,2508.13,True,False,0.772,0.0,1.087,-1.8
2023-08-05,PROD_0031,Clothing,Online_Store,83.09,72.21,73.0,73.0,460,6029.61,2411.84,True,False,0.72,0.0,0.771,-1.8
2023-08-19,PROD_0031,Clothing,Online_Store,71.35,85.6,68.0,68.0,332,4836.38,1934.55,True,False,0.629,0.0,1.137,-1.8
2023-09-02,PROD_0031,Clothing,Online_Store,74.79,72.28,56.0,56.0,349,4180.38,1672.15,True,False,0.56,0.0,0.88,-1.8
2023-09-09,PROD_0031,Clothing,Online_Store,61.06,58.02,97.0,97.0,195,5921.16,2368.46,True,False,0.535,0.0,0.868,-1.8
2023-09-16,PROD_0031,Clothing,Online_Store,64.39,75.67,96.0,96.0,275,6161.66,2464.66,True,False,0.516,0.0,0.996,-1.8
2023-09-23,PROD_0031,Clothing,Online_Store,84.38,72.95,37.0,37.0,327,3153.62,1261.45,True,False,0.504,0.0,1.094,-1.8
2023-09-30,PROD_0031,Clothing,Online_Store,72.61,70.54,63.0,63.0,324,4610.0,1844.0,True,False,0.5,0.0,0.996,-1.8
2023-10-07,PROD_0031,Clothing,Online_Store,49.95,59.76,138.0,99.0,99,4945.22,1978.09,True,False,0.503,0.0,1.111,-1.8
2023-10-14,PROD_0031,Clothing,Online_Store,59.64,67.8,67.0,67.0,268,3979.81,1591.92,True,False,0.513,0.0,0.877,-1.8
